Archive member included to satisfy reference by file (symbol)

app/libapp.a(main.c.obj)      (--whole-archive)
app/libapp.a(as5048a.c.obj)   (--whole-archive)
zephyr/libzephyr.a(validate_libc.c.obj)
                              (--whole-archive)
zephyr/libzephyr.a(heap.c.obj)
                              (--whole-archive)
zephyr/libzephyr.a(cbprintf_packaged.c.obj)
                              (--whole-archive)
zephyr/libzephyr.a(clock.c.obj)
                              (--whole-archive)
zephyr/libzephyr.a(printk.c.obj)
                              (--whole-archive)
zephyr/libzephyr.a(sem.c.obj)
                              (--whole-archive)
zephyr/libzephyr.a(thread_entry.c.obj)
                              (--whole-archive)
zephyr/libzephyr.a(cbprintf_complete.c.obj)
                              (--whole-archive)
zephyr/libzephyr.a(assert.c.obj)
                              (--whole-archive)
zephyr/libzephyr.a(mpsc_pbuf.c.obj)
                              (--whole-archive)
zephyr/libzephyr.a(dec.c.obj)
                              (--whole-archive)
zephyr/libzephyr.a(hex.c.obj)
                              (--whole-archive)
zephyr/libzephyr.a(rb.c.obj)  (--whole-archive)
zephyr/libzephyr.a(timeutil.c.obj)
                              (--whole-archive)
zephyr/libzephyr.a(bitarray.c.obj)
                              (--whole-archive)
zephyr/libzephyr.a(bitmask.c.obj)
                              (--whole-archive)
zephyr/libzephyr.a(getopt.c.obj)
                              (--whole-archive)
zephyr/libzephyr.a(getopt_common.c.obj)
                              (--whole-archive)
zephyr/libzephyr.a(ring_buffer.c.obj)
                              (--whole-archive)
zephyr/libzephyr.a(last_section_id.c.obj)
                              (--whole-archive)
zephyr/libzephyr.a(configs.c.obj)
                              (--whole-archive)
zephyr/libzephyr.a(stm32cube_hal.c.obj)
                              (--whole-archive)
zephyr/libzephyr.a(soc_config.c.obj)
                              (--whole-archive)
zephyr/libzephyr.a(stm32_backup_domain.c.obj)
                              (--whole-archive)
zephyr/libzephyr.a(soc.c.obj)
                              (--whole-archive)
zephyr/libzephyr.a(log_core.c.obj)
                              (--whole-archive)
zephyr/libzephyr.a(log_mgmt.c.obj)
                              (--whole-archive)
zephyr/libzephyr.a(log_cache.c.obj)
                              (--whole-archive)
zephyr/libzephyr.a(log_msg.c.obj)
                              (--whole-archive)
zephyr/libzephyr.a(log_output.c.obj)
                              (--whole-archive)
zephyr/libzephyr.a(log_backend_uart.c.obj)
                              (--whole-archive)
zephyr/libzephyr.a(mem_attr.c.obj)
                              (--whole-archive)
zephyr/libzephyr.a(tracing_none.c.obj)
                              (--whole-archive)
zephyr/libzephyr.a(usb_device.c.obj)
                              (--whole-archive)
zephyr/libzephyr.a(usb_descriptor.c.obj)
                              (--whole-archive)
zephyr/libzephyr.a(usb_transfer.c.obj)
                              (--whole-archive)
zephyr/libzephyr.a(cdc_acm.c.obj)
                              (--whole-archive)
zephyr/libzephyr.a(usb_work_q.c.obj)
                              (--whole-archive)
zephyr/arch/common/libarch__common.a(sw_isr_common.c.obj)
                              (--whole-archive)
zephyr/arch/common/libarch__common.a(init.c.obj)
                              (--whole-archive)
zephyr/arch/common/libarch__common.a(xip.c.obj)
                              (--whole-archive)
zephyr/arch/arch/arm/core/libarch__arm__core.a(fatal.c.obj)
                              (--whole-archive)
zephyr/arch/arch/arm/core/libarch__arm__core.a(nmi.c.obj)
                              (--whole-archive)
zephyr/arch/arch/arm/core/libarch__arm__core.a(nmi_on_reset.S.obj)
                              (--whole-archive)
zephyr/arch/arch/arm/core/libarch__arm__core.a(tls.c.obj)
                              (--whole-archive)
zephyr/arch/arch/arm/core/cortex_m/libarch__arm__core__cortex_m.a(exc_exit.c.obj)
                              (--whole-archive)
zephyr/arch/arch/arm/core/cortex_m/libarch__arm__core__cortex_m.a(fault.c.obj)
                              (--whole-archive)
zephyr/arch/arch/arm/core/cortex_m/libarch__arm__core__cortex_m.a(fault_s.S.obj)
                              (--whole-archive)
zephyr/arch/arch/arm/core/cortex_m/libarch__arm__core__cortex_m.a(fpu.c.obj)
                              (--whole-archive)
zephyr/arch/arch/arm/core/cortex_m/libarch__arm__core__cortex_m.a(reset.S.obj)
                              (--whole-archive)
zephyr/arch/arch/arm/core/cortex_m/libarch__arm__core__cortex_m.a(scb.c.obj)
                              (--whole-archive)
zephyr/arch/arch/arm/core/cortex_m/libarch__arm__core__cortex_m.a(thread_abort.c.obj)
                              (--whole-archive)
[...]
Memory Configuration

Name             Origin             Length             Attributes
FLASH            0x0000000008000000 0x0000000000080000 xr
RAM              0x0000000020000000 0x0000000000020000 xw
SRAM0            0x0000000020000000 0x0000000000020000 rw
IDT_LIST         0x00000000ffff7fff 0x0000000000008000 xw
*default*        0x0000000000000000 0xffffffffffffffff

Linker script and memory map

                0x00000000080080a8                vfprintf = __d_vfprintf
                0x0000000000000000                vfscanf = __d_vfscanf
LOAD zephyr/CMakeFiles/zephyr_final.dir/misc/empty_file.c.obj
LOAD zephyr/CMakeFiles/zephyr_final.dir/isr_tables.c.obj
LOAD zephyr/CMakeFiles/offsets.dir/./arch/arm/core/offsets/offsets.c.obj
LOAD app/libapp.a
LOAD zephyr/libzephyr.a
LOAD zephyr/arch/common/libarch__common.a
LOAD zephyr/arch/arch/arm/core/libarch__arm__core.a
LOAD zephyr/arch/arch/arm/core/cortex_m/libarch__arm__core__cortex_m.a
LOAD zephyr/arch/arch/arm/core/mpu/libarch__arm__core__mpu.a
LOAD zephyr/lib/libc/picolibc/liblib__libc__picolibc.a
LOAD zephyr/lib/libc/common/liblib__libc__common.a
LOAD zephyr/lib/posix/c_lib_ext/liblib__posix__c_lib_ext.a
LOAD zephyr/drivers/interrupt_controller/libdrivers__interrupt_controller.a
LOAD zephyr/drivers/usb/device/libdrivers__usb__device.a
LOAD zephyr/drivers/clock_control/libdrivers__clock_control.a
LOAD zephyr/drivers/console/libdrivers__console.a
LOAD zephyr/drivers/gpio/libdrivers__gpio.a
LOAD zephyr/drivers/hwinfo/libdrivers__hwinfo.a
LOAD zephyr/drivers/pinctrl/libdrivers__pinctrl.a
LOAD zephyr/drivers/pwm/libdrivers__pwm.a
LOAD zephyr/drivers/reset/libdrivers__reset.a
LOAD zephyr/drivers/serial/libdrivers__serial.a
LOAD zephyr/drivers/spi/libdrivers__spi.a
LOAD zephyr/drivers/timer/libdrivers__timer.a
LOAD modules/cmsis-dsp/libmodules__cmsis-dsp.a
LOAD modules/hal_stm32/stm32cube/lib..__modules__hal__stm32__stm32cube.a
LOAD zephyr/kernel/libkernel.a
LOAD zephyr/arch/common/libisr_tables.a
LOAD /home/viktor/zephyr-standalone/zephyr-sdk-0.16.8/arm-zephyr-eabi/bin/../lib/gcc/../../picolibc/arm-zephyr-eabi/lib/thumb/v7e-m+fp/hard/libc.a
LOAD /home/viktor/zephyr-standalone/zephyr-sdk-0.16.8/arm-zephyr-eabi/bin/../lib/gcc/arm-zephyr-eabi/12.2.0/thumb/v7e-m+fp/hard/libgcc.a
                0x0000000000000080                _region_min_align = 0x80

.rel.plt        0x0000000008000000        0x0
 *(SORT_BY_ALIGNMENT(.rel.plt))
                [!provide]                        PROVIDE (__rel_iplt_start = .)
 *(SORT_BY_ALIGNMENT(.rel.iplt))
 .rel.iplt      0x0000000008000000        0x0 zephyr/CMakeFiles/zephyr_final.dir/isr_tables.c.obj
                [!provide]                        PROVIDE (__rel_iplt_end = .)

.rela.plt       0x0000000000000000        0x0
 *(SORT_BY_ALIGNMENT(.rela.plt))
                [!provide]                        PROVIDE (__rela_iplt_start = .)
 *(SORT_BY_ALIGNMENT(.rela.iplt))
                [!provide]                        PROVIDE (__rela_iplt_end = .)

.rel.dyn
 *(SORT_BY_ALIGNMENT(.rel.*))

.rela.dyn
 *(SORT_BY_ALIGNMENT(.rela.*))

/DISCARD/
 *(SORT_BY_ALIGNMENT(.plt))

/DISCARD/
 *(SORT_BY_ALIGNMENT(.iplt))
                0x0000000008000000                __rom_region_start = 0x8000000

rom_start       0x0000000008000000      0x198
                0x0000000008000000                __rom_start_address = .
 FILL mask 0x00
                0x0000000008000000                . = (. + (0x0 - (. - __rom_start_address)))
                0x0000000008000000                . = ALIGN (0x4)
                0x0000000008000000                . = ALIGN (0x80)
                0x0000000008000000                . = ALIGN (0x200)
                0x0000000008000000                _vector_start = .
 *(SORT_BY_ALIGNMENT(.exc_vector_table))
 *(SORT_BY_ALIGNMENT(.exc_vector_table.*))
 .exc_vector_table._vector_table_section
                0x0000000008000000       0x40 zephyr/arch/arch/arm/core/cortex_m/libarch__arm__core__cortex_m.a(vector_table.S.obj)
                0x0000000008000000                _vector_table
 *(SORT_BY_ALIGNMENT(.vectors))
                0x0000000008000198                _vector_end = .
                0x0000000008000040                . = ALIGN (0x4)
 *(SORT_BY_ALIGNMENT(.gnu.linkonce.irq_vector_table*))
 .gnu.linkonce.irq_vector_table
                0x0000000008000040      0x158 zephyr/CMakeFiles/zephyr_final.dir/isr_tables.c.obj
                0x0000000008000040                _irq_vector_table
                0x0000000008000198                _vector_end = .

text            0x0000000008000198     0xbc90
                0x0000000008000198                __text_region_start = .
 *(SORT_BY_ALIGNMENT(.text))
 .text          0x0000000008000198      0x378 /home/viktor/zephyr-standalone/zephyr-sdk-0.16.8/arm-zephyr-eabi/bin/../lib/gcc/arm-zephyr-eabi/12.2.0/thumb/v7e-m+fp/hard/libgcc.a(_arm_addsubdf3.o)
                0x0000000008000198                __aeabi_drsub
                0x00000000080001a0                __aeabi_dsub
                0x00000000080001a0                __subdf3
                0x00000000080001a4                __adddf3
                0x00000000080001a4                __aeabi_dadd
                0x000000000800041c                __aeabi_ui2d
                0x000000000800041c                __floatunsidf
                0x000000000800043c                __floatsidf
                0x000000000800043c                __aeabi_i2d
                0x0000000008000460                __extendsfdf2
                0x0000000008000460                __aeabi_f2d
                0x00000000080004a4                __aeabi_ul2d
                0x00000000080004a4                __floatundidf
                0x00000000080004b4                __floatdidf
                0x00000000080004b4                __aeabi_l2d
 .text          0x0000000008000510       0x30 /home/viktor/zephyr-standalone/zephyr-sdk-0.16.8/arm-zephyr-eabi/bin/../lib/gcc/arm-zephyr-eabi/12.2.0/thumb/v7e-m+fp/hard/libgcc.a(_aeabi_uldivmod.o)
                0x0000000008000510                __aeabi_uldivmod
 .text          0x0000000008000540        0x4 /home/viktor/zephyr-standalone/zephyr-sdk-0.16.8/arm-zephyr-eabi/bin/../lib/gcc/arm-zephyr-eabi/12.2.0/thumb/v7e-m+fp/hard/libgcc.a(_dvmd_tls.o)
                0x0000000008000540                __aeabi_ldiv0
                0x0000000008000540                __aeabi_idiv0
 .text          0x0000000008000544       0x10 /home/viktor/zephyr-standalone/zephyr-sdk-0.16.8/arm-zephyr-eabi/bin/../lib/gcc/../../picolibc/arm-zephyr-eabi/lib/thumb/v7e-m+fp/hard/libc.a(strlen.S.o)
                0x0000000008000544                strlen
 .text          0x0000000008000554      0x2a0 /home/viktor/zephyr-standalone/zephyr-sdk-0.16.8/arm-zephyr-eabi/bin/../lib/gcc/arm-zephyr-eabi/12.2.0/thumb/v7e-m+fp/hard/libgcc.a(_udivmoddi4.o)
                0x0000000008000554                __udivmoddi4
 *(SORT_BY_ALIGNMENT(.text.*))
 .text.main     0x00000000080007f4       0xec app/libapp.a(main.c.obj)
                0x00000000080007f4                main
 .text.as5048a_init
                0x00000000080008e0       0x44 app/libapp.a(as5048a.c.obj)
                0x00000000080008e0                as5048a_init
 .text.as5048a_read_raw
                0x0000000008000924       0x7c app/libapp.a(as5048a.c.obj)
                0x0000000008000924                as5048a_read_raw
 .text.cbvprintf_package
                0x00000000080009a0      0x3a4 zephyr/libzephyr.a(cbprintf_packaged.c.obj)
                0x00000000080009a0                cbvprintf_package
 .text.cbprintf_package_convert
                0x0000000008000d44      0x3cc zephyr/libzephyr.a(cbprintf_packaged.c.obj)
                0x0000000008000d44                cbprintf_package_convert
 .text.__printk_hook_install
                0x0000000008001110        0xc zephyr/libzephyr.a(printk.c.obj)
                0x0000000008001110                __printk_hook_install
 .text.z_thread_entry
                0x000000000800111c       0x34 zephyr/libzephyr.a(thread_entry.c.obj)
                0x000000000800111c                z_thread_entry
 .text.st_stm32_common_config
                0x0000000008001150       0x14 zephyr/libzephyr.a(soc_config.c.obj)
 .text.soc_early_init_hook
                0x0000000008001164       0x30 zephyr/libzephyr.a(soc.c.obj)
                0x0000000008001164                soc_early_init_hook
 .text.activate_foreach_backend
                0x0000000008001194       0x64 zephyr/libzephyr.a(log_core.c.obj)
 .text.enable_logger
                0x00000000080011f8       0x5c zephyr/libzephyr.a(log_core.c.obj)
 .text.log_process_thread_timer_expiry_fn
                0x0000000008001254        0xc zephyr/libzephyr.a(log_core.c.obj)
 .text.z_log_init
                0x0000000008001260       0x94 zephyr/libzephyr.a(log_core.c.obj)
 .text.log_format_func_t_get
                0x00000000080012f4        0xc zephyr/libzephyr.a(log_core.c.obj)
                0x00000000080012f4                log_format_func_t_get
 .text.log_set_timestamp_func
                0x0000000008001300       0x20 zephyr/libzephyr.a(log_core.c.obj)
                0x0000000008001300                log_set_timestamp_func
 .text.z_log_notify_backend_enabled
                0x0000000008001320       0x1c zephyr/libzephyr.a(log_core.c.obj)
                0x0000000008001320                z_log_notify_backend_enabled
 .text.z_log_dropped
                0x000000000800133c       0x44 zephyr/libzephyr.a(log_core.c.obj)
                0x000000000800133c                z_log_dropped
 .text.z_log_dropped_read_and_clear
                0x0000000008001380       0x20 zephyr/libzephyr.a(log_core.c.obj)
                0x0000000008001380                z_log_dropped_read_and_clear
 .text.dropped_notify
                0x00000000080013a0       0x30 zephyr/libzephyr.a(log_core.c.obj)
                0x00000000080013a0                dropped_notify
 .text.z_log_msg_init
                0x00000000080013d0       0x20 zephyr/libzephyr.a(log_core.c.obj)
                0x00000000080013d0                z_log_msg_init
 .text.log_core_init
                0x00000000080013f0       0x50 zephyr/libzephyr.a(log_core.c.obj)
                0x00000000080013f0                log_core_init
 .text.z_log_msg_alloc
                0x0000000008001440       0x10 zephyr/libzephyr.a(log_core.c.obj)
                0x0000000008001440                z_log_msg_alloc
 .text.z_log_msg_local_claim
                0x0000000008001450        0xc zephyr/libzephyr.a(log_core.c.obj)
                0x0000000008001450                z_log_msg_local_claim
 .text.z_log_msg_free
                0x000000000800145c       0x10 zephyr/libzephyr.a(log_core.c.obj)
                0x000000000800145c                z_log_msg_free
 .text.z_log_msg_pending
                0x000000000800146c        0xc zephyr/libzephyr.a(log_core.c.obj)
                0x000000000800146c                z_log_msg_pending
 .text.z_impl_log_process
                0x0000000008001478       0xb4 zephyr/libzephyr.a(log_core.c.obj)
                0x0000000008001478                z_impl_log_process
 .text.z_impl_log_panic
                0x000000000800152c       0x44 zephyr/libzephyr.a(log_core.c.obj)
                0x000000000800152c                z_impl_log_panic
 .text.log_process_thread_func
                0x0000000008001570       0xa4 zephyr/libzephyr.a(log_core.c.obj)
 .text.z_log_msg_post_finalize
                0x0000000008001614       0x78 zephyr/libzephyr.a(log_core.c.obj)
 .text.z_log_msg_commit
                0x000000000800168c       0x24 zephyr/libzephyr.a(log_core.c.obj)
                0x000000000800168c                z_log_msg_commit
 .text.log_source_name_get
                0x00000000080016b0       0x1c zephyr/libzephyr.a(log_mgmt.c.obj)
                0x00000000080016b0                log_source_name_get
 .text.z_impl_z_log_msg_static_create
                0x00000000080016cc      0x108 zephyr/libzephyr.a(log_msg.c.obj)
                0x00000000080016cc                z_impl_z_log_msg_static_create
 .text.z_log_msg_runtime_vcreate
                0x00000000080017d4       0xa0 zephyr/libzephyr.a(log_msg.c.obj)
                0x00000000080017d4                z_log_msg_runtime_vcreate
 .text.log_msg_get_source_id
                0x0000000008001874       0x18 zephyr/libzephyr.a(log_msg.c.obj)
                0x0000000008001874                log_msg_get_source_id
 .text.print_formatted
                0x000000000800188c       0x24 zephyr/libzephyr.a(log_output.c.obj)
 .text.newline_print
                0x00000000080018b0       0x1c zephyr/libzephyr.a(log_output.c.obj)
 .text.log_output_process
                0x00000000080018cc      0x2d8 zephyr/libzephyr.a(log_output.c.obj)
                0x00000000080018cc                log_output_process
 .text.log_output_dropped_process
                0x0000000008001ba4       0x58 zephyr/libzephyr.a(log_output.c.obj)
                0x0000000008001ba4                log_output_dropped_process
 .text.log_output_timestamp_freq_set
                0x0000000008001bfc       0x2c zephyr/libzephyr.a(log_output.c.obj)
                0x0000000008001bfc                log_output_timestamp_freq_set
 .text.char_out
                0x0000000008001c28       0x24 zephyr/libzephyr.a(log_backend_uart.c.obj)
 .text.mem_attr_get_regions
                0x0000000008001c4c        0xc zephyr/libzephyr.a(mem_attr.c.obj)
                0x0000000008001c4c                mem_attr_get_regions
 .text.class_handler
                0x0000000008001c58       0x44 zephyr/libzephyr.a(usb_device.c.obj)
 .text.custom_handler
                0x0000000008001c9c       0x64 zephyr/libzephyr.a(usb_device.c.obj)
 .text.vendor_handler
                0x0000000008001d00       0x3c zephyr/libzephyr.a(usb_device.c.obj)
 .text.usb_reset_alt_setting
                0x0000000008001d3c       0x10 zephyr/libzephyr.a(usb_device.c.obj)
 .text.is_ep_valid.part.0
                0x0000000008001d4c       0x38 zephyr/libzephyr.a(usb_device.c.obj)
 .text.usb_halt_endpoint_req
                0x0000000008001d84       0x7c zephyr/libzephyr.a(usb_device.c.obj)
 .text.get_ep_bm_from_addr.part.0
                0x0000000008001e00       0x1c zephyr/libzephyr.a(usb_device.c.obj)
 .text.disable_endpoint
                0x0000000008001e1c       0x58 zephyr/libzephyr.a(usb_device.c.obj)
 .text.usb_handle_request.constprop.0
                0x0000000008001e74       0x2c zephyr/libzephyr.a(usb_device.c.obj)
 .text.forward_status_cb
                0x0000000008001ea0       0xb0 zephyr/libzephyr.a(usb_device.c.obj)
 .text.set_endpoint
                0x0000000008001f50       0xcc zephyr/libzephyr.a(usb_device.c.obj)
 .text.usb_handle_standard_request
                0x000000000800201c      0x2f4 zephyr/libzephyr.a(usb_device.c.obj)
 .text.usb_write
                0x0000000008002310       0x4c zephyr/libzephyr.a(usb_device.c.obj)
                0x0000000008002310                usb_write
 .text.usb_data_to_host
                0x000000000800235c       0x60 zephyr/libzephyr.a(usb_device.c.obj)
 .text.usb_handle_control_transfer
                0x00000000080023bc       0xf4 zephyr/libzephyr.a(usb_device.c.obj)
 .text.usb_set_config
                0x00000000080024b0       0x2c zephyr/libzephyr.a(usb_device.c.obj)
                0x00000000080024b0                usb_set_config
 .text.usb_enable
                0x00000000080024dc      0x160 zephyr/libzephyr.a(usb_device.c.obj)
                0x00000000080024dc                usb_enable
 .text.usb_update_sn_string_descriptor
                0x000000000800263c       0x88 zephyr/libzephyr.a(usb_descriptor.c.obj)
                0x000000000800263c                usb_update_sn_string_descriptor
 .text.usb_get_device_descriptor
                0x00000000080026c4      0x260 zephyr/libzephyr.a(usb_descriptor.c.obj)
                0x00000000080026c4                usb_get_device_descriptor
 .text.usb_ep_get_transfer
                0x0000000008002924       0x2c zephyr/libzephyr.a(usb_transfer.c.obj)
 .text.usb_transfer_work
                0x0000000008002950      0x118 zephyr/libzephyr.a(usb_transfer.c.obj)
 .text.usb_transfer_ep_callback
                0x0000000008002a68       0x6c zephyr/libzephyr.a(usb_transfer.c.obj)
                0x0000000008002a68                usb_transfer_ep_callback
 .text.usb_transfer
                0x0000000008002ad4      0x118 zephyr/libzephyr.a(usb_transfer.c.obj)
                0x0000000008002ad4                usb_transfer
 .text.usb_cancel_transfer
                0x0000000008002bec       0x3c zephyr/libzephyr.a(usb_transfer.c.obj)
                0x0000000008002bec                usb_cancel_transfer
 .text.usb_cancel_transfers
                0x0000000008002c28       0x44 zephyr/libzephyr.a(usb_transfer.c.obj)
                0x0000000008002c28                usb_cancel_transfers
 .text.usb_transfer_init
                0x0000000008002c6c       0x34 zephyr/libzephyr.a(usb_transfer.c.obj)
                0x0000000008002c6c                usb_transfer_init
 .text.cdc_acm_irq_rx_enable
                0x0000000008002ca0       0x20 zephyr/libzephyr.a(cdc_acm.c.obj)
 .text.cdc_acm_irq_tx_enable
                0x0000000008002cc0       0x20 zephyr/libzephyr.a(cdc_acm.c.obj)
 .text.cdc_acm_fifo_fill
                0x0000000008002ce0       0x3c zephyr/libzephyr.a(cdc_acm.c.obj)
 .text.cdc_acm_write_cb
                0x0000000008002d1c       0x54 zephyr/libzephyr.a(cdc_acm.c.obj)
 .text.cdc_acm_class_handle_req
                0x0000000008002d70       0x64 zephyr/libzephyr.a(cdc_acm.c.obj)
                0x0000000008002d70                cdc_acm_class_handle_req
 .text.cdc_acm_int_in
                0x0000000008002dd4       0x18 zephyr/libzephyr.a(cdc_acm.c.obj)
 .text.cdc_acm_reset_port
                0x0000000008002dec       0x3c zephyr/libzephyr.a(cdc_acm.c.obj)
 .text.cdc_acm_init
                0x0000000008002e28       0x48 zephyr/libzephyr.a(cdc_acm.c.obj)
 .text.cdc_acm_send_notification.isra.0
                0x0000000008002e70       0x44 zephyr/libzephyr.a(cdc_acm.c.obj)
 .text.cdc_acm_poll_out
                0x0000000008002eb4       0x84 zephyr/libzephyr.a(cdc_acm.c.obj)
 .text.tx_work_handler
                0x0000000008002f38       0x78 zephyr/libzephyr.a(cdc_acm.c.obj)
 .text.cdc_acm_read_cb
                0x0000000008002fb0       0x74 zephyr/libzephyr.a(cdc_acm.c.obj)
 .text.cdc_acm_dev_status_cb
                0x0000000008003024       0x84 zephyr/libzephyr.a(cdc_acm.c.obj)
 .text.z_usb_work_q_init
                0x00000000080030a8       0x34 zephyr/libzephyr.a(usb_work_q.c.obj)
 .text.arch_bss_zero
                0x00000000080030dc       0x18 zephyr/arch/common/libarch__common.a(init.c.obj)
                0x00000000080030dc                arch_bss_zero
 .text.arch_data_copy
                0x00000000080030f4       0x38 zephyr/arch/common/libarch__common.a(xip.c.obj)
                0x00000000080030f4                arch_data_copy
 .text.z_arm_fatal_error
                0x000000000800312c      0x120 zephyr/arch/arch/arm/core/libarch__arm__core.a(fatal.c.obj)
                0x000000000800312c                z_arm_fatal_error
 .text.z_SysNmiOnReset
                0x000000000800324c        0x8 zephyr/arch/arch/arm/core/libarch__arm__core.a(nmi_on_reset.S.obj)
                0x000000000800324c                z_SysNmiOnReset
 .text.arch_tls_stack_setup
                0x0000000008003254       0x40 zephyr/arch/arch/arm/core/libarch__arm__core.a(tls.c.obj)
                0x0000000008003254                arch_tls_stack_setup
 .text._HandlerModeExit
                0x0000000008003294       0x20 zephyr/arch/arch/arm/core/cortex_m/libarch__arm__core__cortex_m.a(exc_exit.c.obj)
                0x0000000008003294                z_arm_exc_exit
                0x0000000008003294                z_arm_int_exit
 .text.bus_fault.constprop.0
                0x00000000080032b4       0xd0 zephyr/arch/arch/arm/core/cortex_m/libarch__arm__core__cortex_m.a(fault.c.obj)
 .text.usage_fault.constprop.0
                0x0000000008003384       0xa8 zephyr/arch/arch/arm/core/cortex_m/libarch__arm__core__cortex_m.a(fault.c.obj)
 .text.mem_manage_fault
                0x000000000800342c      0x104 zephyr/arch/arch/arm/core/cortex_m/libarch__arm__core__cortex_m.a(fault.c.obj)
 .text.z_arm_fault
                0x0000000008003530      0x1c8 zephyr/arch/arch/arm/core/cortex_m/libarch__arm__core__cortex_m.a(fault.c.obj)
                0x0000000008003530                z_arm_fault
 .text.z_arm_fault_init
                0x00000000080036f8       0x18 zephyr/arch/arch/arm/core/cortex_m/libarch__arm__core__cortex_m.a(fault.c.obj)
                0x00000000080036f8                z_arm_fault_init
 .text.__fault  0x0000000008003710       0x14 zephyr/arch/arch/arm/core/cortex_m/libarch__arm__core__cortex_m.a(fault_s.S.obj)
                0x0000000008003710                z_arm_bus_fault
                0x0000000008003710                z_arm_usage_fault
                0x0000000008003710                z_arm_mpu_fault
                0x0000000008003710                z_arm_exc_spurious
                0x0000000008003710                z_arm_debug_monitor
                0x0000000008003710                z_arm_hard_fault
 .text._reset_section
                0x0000000008003724       0x34 zephyr/arch/arch/arm/core/cortex_m/libarch__arm__core__cortex_m.a(reset.S.obj)
                0x0000000008003724                z_arm_reset
                0x0000000008003724                __start
 .text.z_impl_k_thread_abort
                0x0000000008003758       0x2c zephyr/arch/arch/arm/core/cortex_m/libarch__arm__core__cortex_m.a(thread_abort.c.obj)
                0x0000000008003758                z_impl_k_thread_abort
 .text.z_arm_pendsv
                0x0000000008003784       0x9c zephyr/arch/arch/arm/core/cortex_m/libarch__arm__core__cortex_m.a(swap_helper.S.obj)
                0x0000000008003784                z_arm_pendsv
 .text.z_arm_svc
                0x0000000008003820       0x24 zephyr/arch/arch/arm/core/cortex_m/libarch__arm__core__cortex_m.a(swap_helper.S.obj)
                0x0000000008003820                z_arm_svc
 .text.arm_irq_enable
                0x0000000008003844       0x1c zephyr/arch/arch/arm/core/cortex_m/libarch__arm__core__cortex_m.a(irq_manage.c.obj)
                0x0000000008003844                arm_irq_enable
 .text.arm_irq_disable
                0x0000000008003860       0x28 zephyr/arch/arch/arm/core/cortex_m/libarch__arm__core__cortex_m.a(irq_manage.c.obj)
                0x0000000008003860                arm_irq_disable
 .text.arm_irq_priority_set
                0x0000000008003888       0x30 zephyr/arch/arch/arm/core/cortex_m/libarch__arm__core__cortex_m.a(irq_manage.c.obj)
                0x0000000008003888                arm_irq_priority_set
 .text.relocate_vector_table
                0x00000000080038b8       0x1c zephyr/arch/arch/arm/core/cortex_m/libarch__arm__core__cortex_m.a(prep_c.c.obj)
                0x00000000080038b8                relocate_vector_table
 .text.z_prep_c
                0x00000000080038d4       0x4c zephyr/arch/arch/arm/core/cortex_m/libarch__arm__core__cortex_m.a(prep_c.c.obj)
                0x00000000080038d4                z_prep_c
 .text.arch_new_thread
                0x0000000008003920       0x40 zephyr/arch/arch/arm/core/cortex_m/libarch__arm__core__cortex_m.a(thread.c.obj)
                0x0000000008003920                arch_new_thread
 .text.z_arm_mpu_stack_guard_and_fpu_adjust
                0x0000000008003960       0x54 zephyr/arch/arch/arm/core/cortex_m/libarch__arm__core__cortex_m.a(thread.c.obj)
                0x0000000008003960                z_arm_mpu_stack_guard_and_fpu_adjust
 .text.z_check_thread_stack_fail
                0x00000000080039b4       0x2c zephyr/arch/arch/arm/core/cortex_m/libarch__arm__core__cortex_m.a(thread.c.obj)
                0x00000000080039b4                z_check_thread_stack_fail
 .text.arch_float_disable
                0x00000000080039e0       0x48 zephyr/arch/arch/arm/core/cortex_m/libarch__arm__core__cortex_m.a(thread.c.obj)
                0x00000000080039e0                arch_float_disable
 .text.arch_switch_to_main_thread
                0x0000000008003a28       0x58 zephyr/arch/arch/arm/core/cortex_m/libarch__arm__core__cortex_m.a(thread.c.obj)
                0x0000000008003a28                arch_switch_to_main_thread
 .text.z_arm_cpu_idle_init
                0x0000000008003a80        0xc zephyr/arch/arch/arm/core/cortex_m/libarch__arm__core__cortex_m.a(cpu_idle.c.obj)
                0x0000000008003a80                z_arm_cpu_idle_init
 .text.z_arm_interrupt_init
                0x0000000008003a8c       0x18 zephyr/arch/arch/arm/core/cortex_m/libarch__arm__core__cortex_m.a(irq_init.c.obj)
                0x0000000008003a8c                z_arm_interrupt_init
 .text._isr_wrapper
                0x0000000008003aa4       0x24 zephyr/arch/arch/arm/core/cortex_m/libarch__arm__core__cortex_m.a(isr_wrapper.c.obj)
                0x0000000008003aa4                _isr_wrapper
 .text.__aeabi_read_tp
                0x0000000008003ac8        0xc zephyr/arch/arch/arm/core/cortex_m/libarch__arm__core__cortex_m.a(__aeabi_read_tp.S.obj)
                0x0000000008003ac8                __aeabi_read_tp
 .text.z_arm_configure_static_mpu_regions
                0x0000000008003ad4       0x18 zephyr/arch/arch/arm/core/mpu/libarch__arm__core__mpu.a(arm_core_mpu.c.obj)
                0x0000000008003ad4                z_arm_configure_static_mpu_regions
 .text.z_arm_configure_dynamic_mpu_regions
                0x0000000008003aec       0x2c zephyr/arch/arch/arm/core/mpu/libarch__arm__core__mpu.a(arm_core_mpu.c.obj)
                0x0000000008003aec                z_arm_configure_dynamic_mpu_regions
 .text.region_allocate_and_init
                0x0000000008003b18       0x54 zephyr/arch/arch/arm/core/mpu/libarch__arm__core__mpu.a(arm_mpu.c.obj)
 .text.mpu_configure_regions
                0x0000000008003b6c       0x68 zephyr/arch/arch/arm/core/mpu/libarch__arm__core__mpu.a(arm_mpu.c.obj)
 .text.arm_core_mpu_enable
                0x0000000008003bd4       0x18 zephyr/arch/arch/arm/core/mpu/libarch__arm__core__mpu.a(arm_mpu.c.obj)
                0x0000000008003bd4                arm_core_mpu_enable
 .text.arm_core_mpu_disable
                0x0000000008003bec       0x14 zephyr/arch/arch/arm/core/mpu/libarch__arm__core__mpu.a(arm_mpu.c.obj)
                0x0000000008003bec                arm_core_mpu_disable
 .text.arm_core_mpu_configure_static_mpu_regions
                0x0000000008003c00       0x14 zephyr/arch/arch/arm/core/mpu/libarch__arm__core__mpu.a(arm_mpu.c.obj)
                0x0000000008003c00                arm_core_mpu_configure_static_mpu_regions
 .text.arm_core_mpu_configure_dynamic_mpu_regions
                0x0000000008003c14       0x38 zephyr/arch/arch/arm/core/mpu/libarch__arm__core__mpu.a(arm_mpu.c.obj)
                0x0000000008003c14                arm_core_mpu_configure_dynamic_mpu_regions
 .text.z_arm_mpu_init
                0x0000000008003c4c      0x198 zephyr/arch/arch/arm/core/mpu/libarch__arm__core__mpu.a(arm_mpu.c.obj)
                0x0000000008003c4c                z_arm_mpu_init
 .text.cbvprintf
                0x0000000008003de4       0x38 zephyr/lib/libc/picolibc/liblib__libc__picolibc.a(cbprintf.c.obj)
                0x0000000008003de4                cbvprintf
 .text.z_impl_zephyr_fputc
                0x0000000008003e1c       0x10 zephyr/lib/libc/picolibc/liblib__libc__picolibc.a(stdio.c.obj)
                0x0000000008003e1c                z_impl_zephyr_fputc
 .text.__stdout_hook_install
                0x0000000008003e2c       0x18 zephyr/lib/libc/picolibc/liblib__libc__picolibc.a(stdio.c.obj)
                0x0000000008003e2c                __stdout_hook_install
 .text.malloc_prepare
                0x0000000008003e44       0x24 zephyr/lib/libc/common/liblib__libc__common.a(malloc.c.obj)
 .text.stm32_exti_init
                0x0000000008003e68       0x50 zephyr/drivers/interrupt_controller/libdrivers__interrupt_controller.a(intc_exti_stm32.c.obj)
 .text.stm32_exti_is_pending
                0x0000000008003eb8       0x38 zephyr/drivers/interrupt_controller/libdrivers__interrupt_controller.a(intc_exti_stm32.c.obj)
                0x0000000008003eb8                stm32_exti_is_pending
 .text.stm32_exti_clear_pending
                0x0000000008003ef0       0x34 zephyr/drivers/interrupt_controller/libdrivers__interrupt_controller.a(intc_exti_stm32.c.obj)
                0x0000000008003ef0                stm32_exti_clear_pending
 .text.stm32_fill_irq_table
                0x0000000008003f24       0x18 zephyr/drivers/interrupt_controller/libdrivers__interrupt_controller.a(intc_gpio_stm32.c.obj)
 .text.stm32_intc_gpio_isr
                0x0000000008003f3c       0x4c zephyr/drivers/interrupt_controller/libdrivers__interrupt_controller.a(intc_gpio_stm32.c.obj)
 .text.stm32_gpio_intc_enable_line
                0x0000000008003f88       0x2c zephyr/drivers/interrupt_controller/libdrivers__interrupt_controller.a(intc_gpio_stm32.c.obj)
                0x0000000008003f88                stm32_gpio_intc_enable_line
 .text.stm32_gpio_intc_disable_line
                0x0000000008003fb4       0x10 zephyr/drivers/interrupt_controller/libdrivers__interrupt_controller.a(intc_gpio_stm32.c.obj)
                0x0000000008003fb4                stm32_gpio_intc_disable_line
 .text.stm32_gpio_intc_select_line_trigger
                0x0000000008003fc4       0x50 zephyr/drivers/interrupt_controller/libdrivers__interrupt_controller.a(intc_gpio_stm32.c.obj)
                0x0000000008003fc4                stm32_gpio_intc_select_line_trigger
 .text.stm32_gpio_intc_set_irq_callback
                0x0000000008004014       0x40 zephyr/drivers/interrupt_controller/libdrivers__interrupt_controller.a(intc_gpio_stm32.c.obj)
                0x0000000008004014                stm32_gpio_intc_set_irq_callback
 .text.stm32_gpio_intc_remove_irq_callback
                0x0000000008004054       0x24 zephyr/drivers/interrupt_controller/libdrivers__interrupt_controller.a(intc_gpio_stm32.c.obj)
                0x0000000008004054                stm32_gpio_intc_remove_irq_callback
 .text.stm32_exti_get_line_src_port
                0x0000000008004078       0x30 zephyr/drivers/interrupt_controller/libdrivers__interrupt_controller.a(intc_gpio_stm32.c.obj)
                0x0000000008004078                stm32_exti_get_line_src_port
 .text.usb_dc_stm32_get_ep_state
                0x00000000080040a8       0x28 zephyr/drivers/usb/device/libdrivers__usb__device.a(usb_dc_stm32.c.obj)
 .text.usb_dc_stm32_isr
                0x00000000080040d0        0xc zephyr/drivers/usb/device/libdrivers__usb__device.a(usb_dc_stm32.c.obj)
 .text.usb_dc_ep_read_continue.part.0
                0x00000000080040dc       0x1c zephyr/drivers/usb/device/libdrivers__usb__device.a(usb_dc_stm32.c.obj)
 .text.usb_dc_ep_get_read_count.part.0
                0x00000000080040f8       0x1c zephyr/drivers/usb/device/libdrivers__usb__device.a(usb_dc_stm32.c.obj)
 .text.usb_dc_attach
                0x0000000008004114      0x198 zephyr/drivers/usb/device/libdrivers__usb__device.a(usb_dc_stm32.c.obj)
                0x0000000008004114                usb_dc_attach
 .text.usb_dc_set_status_callback
                0x00000000080042ac        0xc zephyr/drivers/usb/device/libdrivers__usb__device.a(usb_dc_stm32.c.obj)
                0x00000000080042ac                usb_dc_set_status_callback
 .text.usb_dc_set_address
                0x00000000080042b8       0x30 zephyr/drivers/usb/device/libdrivers__usb__device.a(usb_dc_stm32.c.obj)
                0x00000000080042b8                usb_dc_set_address
 .text.usb_dc_ep_start_read
                0x00000000080042e8       0x64 zephyr/drivers/usb/device/libdrivers__usb__device.a(usb_dc_stm32.c.obj)
                0x00000000080042e8                usb_dc_ep_start_read
 .text.usb_dc_ep_get_read_count
                0x000000000800434c       0x24 zephyr/drivers/usb/device/libdrivers__usb__device.a(usb_dc_stm32.c.obj)
                0x000000000800434c                usb_dc_ep_get_read_count
 .text.usb_dc_ep_check_cap
                0x0000000008004370       0x30 zephyr/drivers/usb/device/libdrivers__usb__device.a(usb_dc_stm32.c.obj)
                0x0000000008004370                usb_dc_ep_check_cap
 .text.usb_dc_ep_set_stall
                0x00000000080043a0       0x44 zephyr/drivers/usb/device/libdrivers__usb__device.a(usb_dc_stm32.c.obj)
                0x00000000080043a0                usb_dc_ep_set_stall
 .text.usb_dc_ep_clear_stall
                0x00000000080043e4       0x4c zephyr/drivers/usb/device/libdrivers__usb__device.a(usb_dc_stm32.c.obj)
                0x00000000080043e4                usb_dc_ep_clear_stall
 .text.usb_dc_ep_enable
                0x0000000008004430       0x60 zephyr/drivers/usb/device/libdrivers__usb__device.a(usb_dc_stm32.c.obj)
                0x0000000008004430                usb_dc_ep_enable
 .text.usb_dc_ep_disable
                0x0000000008004490       0x5c zephyr/drivers/usb/device/libdrivers__usb__device.a(usb_dc_stm32.c.obj)
                0x0000000008004490                usb_dc_ep_disable
 .text.usb_dc_ep_write
                0x00000000080044ec       0xd4 zephyr/drivers/usb/device/libdrivers__usb__device.a(usb_dc_stm32.c.obj)
                0x00000000080044ec                usb_dc_ep_write
 .text.usb_dc_ep_read_wait
                0x00000000080045c0       0x90 zephyr/drivers/usb/device/libdrivers__usb__device.a(usb_dc_stm32.c.obj)
                0x00000000080045c0                usb_dc_ep_read_wait
 .text.usb_dc_ep_read_continue
                0x0000000008004650       0x38 zephyr/drivers/usb/device/libdrivers__usb__device.a(usb_dc_stm32.c.obj)
                0x0000000008004650                usb_dc_ep_read_continue
 .text.HAL_PCD_ResetCallback
                0x0000000008004688       0x54 zephyr/drivers/usb/device/libdrivers__usb__device.a(usb_dc_stm32.c.obj)
                0x0000000008004688                HAL_PCD_ResetCallback
 .text.HAL_PCD_ConnectCallback
                0x00000000080046dc       0x14 zephyr/drivers/usb/device/libdrivers__usb__device.a(usb_dc_stm32.c.obj)
                0x00000000080046dc                HAL_PCD_ConnectCallback
 .text.HAL_PCD_DisconnectCallback
                0x00000000080046f0       0x14 zephyr/drivers/usb/device/libdrivers__usb__device.a(usb_dc_stm32.c.obj)
                0x00000000080046f0                HAL_PCD_DisconnectCallback
 .text.HAL_PCD_SuspendCallback
                0x0000000008004704       0x14 zephyr/drivers/usb/device/libdrivers__usb__device.a(usb_dc_stm32.c.obj)
                0x0000000008004704                HAL_PCD_SuspendCallback
 .text.HAL_PCD_ResumeCallback
                0x0000000008004718       0x14 zephyr/drivers/usb/device/libdrivers__usb__device.a(usb_dc_stm32.c.obj)
                0x0000000008004718                HAL_PCD_ResumeCallback
 .text.HAL_PCD_SetupStageCallback
                0x000000000800472c       0x4c zephyr/drivers/usb/device/libdrivers__usb__device.a(usb_dc_stm32.c.obj)
                0x000000000800472c                HAL_PCD_SetupStageCallback
 .text.stm32_clock_control_get_subsys_rate
                0x0000000008004778      0x100 zephyr/drivers/clock_control/libdrivers__clock_control.a(clock_stm32_ll_common.c.obj)
 .text.enabled_clock
                0x0000000008004878       0x20 zephyr/drivers/clock_control/libdrivers__clock_control.a(clock_stm32_ll_common.c.obj)
                0x0000000008004878                enabled_clock
 .text.stm32_clock_control_init
                0x0000000008004898      0x13c zephyr/drivers/clock_control/libdrivers__clock_control.a(clock_stm32_ll_common.c.obj)
                0x0000000008004898                stm32_clock_control_init
 .text.get_pllsrc_frequency
                0x00000000080049d4        0x8 zephyr/drivers/clock_control/libdrivers__clock_control.a(clock_stm32f2_f4_f7.c.obj)
                0x00000000080049d4                get_pllsrc_frequency
 .text.config_pll_sysclock
                0x00000000080049dc       0x38 zephyr/drivers/clock_control/libdrivers__clock_control.a(clock_stm32f2_f4_f7.c.obj)
                0x00000000080049dc                config_pll_sysclock
 .text.config_enable_default_clocks
                0x0000000008004a14       0x20 zephyr/drivers/clock_control/libdrivers__clock_control.a(clock_stm32f2_f4_f7.c.obj)
                0x0000000008004a14                config_enable_default_clocks
 .text.uart_console_init
                0x0000000008004a34       0x28 zephyr/drivers/console/libdrivers__console.a(uart_console.c.obj)
 .text.console_out
                0x0000000008004a5c       0x28 zephyr/drivers/console/libdrivers__console.a(uart_console.c.obj)
 .text.gpio_stm32_pin_interrupt_configure
                0x0000000008004a84       0xb0 zephyr/drivers/gpio/libdrivers__gpio.a(gpio_stm32.c.obj)
 .text.gpio_stm32_init
                0x0000000008004b34       0x38 zephyr/drivers/gpio/libdrivers__gpio.a(gpio_stm32.c.obj)
 .text.z_impl_hwinfo_get_device_id
                0x0000000008004b6c       0x38 zephyr/drivers/hwinfo/libdrivers__hwinfo.a(hwinfo_stm32.c.obj)
                0x0000000008004b6c                z_impl_hwinfo_get_device_id
 .text.pinctrl_configure_pins
                0x0000000008004ba4       0x84 zephyr/drivers/pinctrl/libdrivers__pinctrl.a(pinctrl_stm32.c.obj)
                0x0000000008004ba4                pinctrl_configure_pins
 .text.pwm_stm32_set_cycles
                0x0000000008004c28      0x26c zephyr/drivers/pwm/libdrivers__pwm.a(pwm_stm32.c.obj)
 .text.pwm_stm32_init
                0x0000000008004e94      0x1f8 zephyr/drivers/pwm/libdrivers__pwm.a(pwm_stm32.c.obj)
 .text.uart_stm32_irq_err_enable
                0x000000000800508c       0x58 zephyr/drivers/serial/libdrivers__serial.a(uart_stm32.c.obj)
 .text.uart_stm32_irq_err_disable
                0x00000000080050e4       0x58 zephyr/drivers/serial/libdrivers__serial.a(uart_stm32.c.obj)
 .text.uart_stm32_set_baudrate
                0x000000000800513c       0xc0 zephyr/drivers/serial/libdrivers__serial.a(uart_stm32.c.obj)
 .text.uart_stm32_parameters_set
                0x00000000080051fc      0x100 zephyr/drivers/serial/libdrivers__serial.a(uart_stm32.c.obj)
 .text.uart_stm32_init
                0x00000000080052fc       0xf8 zephyr/drivers/serial/libdrivers__serial.a(uart_stm32.c.obj)
 .text.uart_stm32_configure
                0x00000000080053f4      0x134 zephyr/drivers/serial/libdrivers__serial.a(uart_stm32.c.obj)
 .text.spi_stm32_init.part.0
                0x0000000008005528       0x1c zephyr/drivers/spi/libdrivers__spi.a(spi_stm32.c.obj)
 .text.spi_stm32_get_err
                0x0000000008005544       0x68 zephyr/drivers/spi/libdrivers__spi.a(spi_stm32.c.obj)
 .text.spi_stm32_init
                0x00000000080055ac      0x11c zephyr/drivers/spi/libdrivers__spi.a(spi_stm32.c.obj)
 .text.spi_stm32_transceive
                0x00000000080056c8      0x40c zephyr/drivers/spi/libdrivers__spi.a(spi_stm32.c.obj)
 .text.elapsed  0x0000000008005ad4       0x4c zephyr/drivers/timer/libdrivers__timer.a(cortex_m_systick.c.obj)
 .text.sys_clock_driver_init
                0x0000000008005b20       0x34 zephyr/drivers/timer/libdrivers__timer.a(cortex_m_systick.c.obj)
 .text.sys_clock_isr
                0x0000000008005b54       0x60 zephyr/drivers/timer/libdrivers__timer.a(cortex_m_systick.c.obj)
                0x0000000008005b54                sys_clock_isr
 .text.sys_clock_set_timeout
                0x0000000008005bb4       0xf8 zephyr/drivers/timer/libdrivers__timer.a(cortex_m_systick.c.obj)
                0x0000000008005bb4                sys_clock_set_timeout
 .text.sys_clock_elapsed
                0x0000000008005cac       0x3c zephyr/drivers/timer/libdrivers__timer.a(cortex_m_systick.c.obj)
                0x0000000008005cac                sys_clock_elapsed
 .text.sys_clock_cycle_get_32
                0x0000000008005ce8       0x28 zephyr/drivers/timer/libdrivers__timer.a(cortex_m_systick.c.obj)
                0x0000000008005ce8                sys_clock_cycle_get_32
 .text.HAL_RCC_GetSysClockFreq
                0x0000000008005d10       0x5c modules/hal_stm32/stm32cube/lib..__modules__hal__stm32__stm32cube.a(stm32f4xx_hal_rcc.c.obj)
                0x0000000008005d10                HAL_RCC_GetSysClockFreq
 .text.HAL_RCC_GetHCLKFreq
                0x0000000008005d6c        0xc modules/hal_stm32/stm32cube/lib..__modules__hal__stm32__stm32cube.a(stm32f4xx_hal_rcc.c.obj)
                0x0000000008005d6c                HAL_RCC_GetHCLKFreq
 .text.HAL_PCD_IRQHandler
                0x0000000008005d78      0x688 modules/hal_stm32/stm32cube/lib..__modules__hal__stm32__stm32cube.a(stm32f4xx_hal_pcd.c.obj)
                0x0000000008005d78                HAL_PCD_IRQHandler
 .text.USB_SetTurnaroundTime
                0x0000000008006400       0xe0 modules/hal_stm32/stm32cube/lib..__modules__hal__stm32__stm32cube.a(stm32f4xx_ll_usb.c.obj)
                0x0000000008006400                USB_SetTurnaroundTime
 .text.USB_DevInit
                0x00000000080064e0      0x188 modules/hal_stm32/stm32cube/lib..__modules__hal__stm32__stm32cube.a(stm32f4xx_ll_usb.c.obj)
                0x00000000080064e0                USB_DevInit
 .text.USB_DeactivateEndpoint
                0x0000000008006668       0xc0 modules/hal_stm32/stm32cube/lib..__modules__hal__stm32__stm32cube.a(stm32f4xx_ll_usb.c.obj)
                0x0000000008006668                USB_DeactivateEndpoint
 .text.USB_EPStartXfer
                0x0000000008006728      0x1d0 modules/hal_stm32/stm32cube/lib..__modules__hal__stm32__stm32cube.a(stm32f4xx_ll_usb.c.obj)
                0x0000000008006728                USB_EPStartXfer
 .text.USB_EP0_OutStart
                0x00000000080068f8       0x4c modules/hal_stm32/stm32cube/lib..__modules__hal__stm32__stm32cube.a(stm32f4xx_ll_usb.c.obj)
                0x00000000080068f8                USB_EP0_OutStart
 .text.LL_SetFlashLatency
                0x0000000008006944      0x10c modules/hal_stm32/stm32cube/lib..__modules__hal__stm32__stm32cube.a(stm32f4xx_ll_utils.c.obj)
                0x0000000008006944                LL_SetFlashLatency
 .text.k_sys_fatal_error_handler
                0x0000000008006a50       0x20 zephyr/kernel/libkernel.a(fatal.c.obj)
                0x0000000008006a50                k_sys_fatal_error_handler
 .text.z_fatal_error
                0x0000000008006a70       0xe8 zephyr/kernel/libkernel.a(fatal.c.obj)
                0x0000000008006a70                z_fatal_error
 .text.z_sys_init_run_level
                0x0000000008006b58       0x30 zephyr/kernel/libkernel.a(init.c.obj)
 .text.bg_thread_main
                0x0000000008006b88       0xc0 zephyr/kernel/libkernel.a(init.c.obj)
 .text.z_init_cpu
                0x0000000008006c48       0x6c zephyr/kernel/libkernel.a(init.c.obj)
                0x0000000008006c48                z_init_cpu
 .text.z_cstart
                0x0000000008006cb4       0xd0 zephyr/kernel/libkernel.a(init.c.obj)
                0x0000000008006cb4                z_cstart
 .text.z_impl_k_mutex_lock
                0x0000000008006d84       0xf0 zephyr/kernel/libkernel.a(mutex.c.obj)
                0x0000000008006d84                z_impl_k_mutex_lock
 .text.z_impl_k_mutex_unlock
                0x0000000008006e74       0xa0 zephyr/kernel/libkernel.a(mutex.c.obj)
                0x0000000008006e74                z_impl_k_mutex_unlock
 .text.z_impl_k_sem_give
                0x0000000008006f14       0x68 zephyr/kernel/libkernel.a(sem.c.obj)
                0x0000000008006f14                z_impl_k_sem_give
 .text.z_impl_k_sem_take
                0x0000000008006f7c       0x4c zephyr/kernel/libkernel.a(sem.c.obj)
                0x0000000008006f7c                z_impl_k_sem_take
 .text.work_queue_main
                0x0000000008006fc8      0x14c zephyr/kernel/libkernel.a(work.c.obj)
 .text.submit_to_queue_locked
                0x0000000008007114       0xb8 zephyr/kernel/libkernel.a(work.c.obj)
 .text.k_work_queue_start
                0x00000000080071cc       0x80 zephyr/kernel/libkernel.a(work.c.obj)
                0x00000000080071cc                k_work_queue_start
 .text.k_work_schedule_for_queue
                0x000000000800724c       0x54 zephyr/kernel/libkernel.a(work.c.obj)
                0x000000000800724c                k_work_schedule_for_queue
 .text.z_setup_new_thread
                0x00000000080072a0       0x98 zephyr/kernel/libkernel.a(thread.c.obj)
                0x00000000080072a0                z_setup_new_thread
 .text.z_impl_k_thread_create
                0x0000000008007338       0x58 zephyr/kernel/libkernel.a(thread.c.obj)
                0x0000000008007338                z_impl_k_thread_create
 .text.z_dummy_thread_init
                0x0000000008007390       0x18 zephyr/kernel/libkernel.a(thread.c.obj)
                0x0000000008007390                z_dummy_thread_init
 .text.z_swap_irqlock
                0x00000000080073a8       0x30 zephyr/kernel/libkernel.a(sched.c.obj)
 .text.ready_thread
                0x00000000080073d8       0x84 zephyr/kernel/libkernel.a(sched.c.obj)
 .text.unready_thread
                0x000000000800745c       0x54 zephyr/kernel/libkernel.a(sched.c.obj)
 .text.add_thread_timeout
                0x00000000080074b0       0x1c zephyr/kernel/libkernel.a(sched.c.obj)
 .text.move_current_to_end_of_prio_q
                0x00000000080074cc       0x70 zephyr/kernel/libkernel.a(sched.c.obj)
                0x00000000080074cc                move_current_to_end_of_prio_q
 .text.z_pend_curr
                0x000000000800753c       0x44 zephyr/kernel/libkernel.a(sched.c.obj)
                0x000000000800753c                z_pend_curr
 .text.z_thread_prio_set
                0x0000000008007580       0xe4 zephyr/kernel/libkernel.a(sched.c.obj)
                0x0000000008007580                z_thread_prio_set
 .text.z_reschedule
                0x0000000008007664       0x24 zephyr/kernel/libkernel.a(sched.c.obj)
                0x0000000008007664                z_reschedule
 .text.z_reschedule_irqlock
                0x0000000008007688       0x28 zephyr/kernel/libkernel.a(sched.c.obj)
                0x0000000008007688                z_reschedule_irqlock
 .text.k_sched_lock
                0x00000000080076b0       0x28 zephyr/kernel/libkernel.a(sched.c.obj)
                0x00000000080076b0                k_sched_lock
 .text.k_sched_unlock
                0x00000000080076d8       0x68 zephyr/kernel/libkernel.a(sched.c.obj)
                0x00000000080076d8                k_sched_unlock
 .text.z_sched_init
                0x0000000008007740       0x10 zephyr/kernel/libkernel.a(sched.c.obj)
                0x0000000008007740                z_sched_init
 .text.z_impl_k_yield
                0x0000000008007750       0x88 zephyr/kernel/libkernel.a(sched.c.obj)
                0x0000000008007750                z_impl_k_yield
 .text.z_tick_sleep
                0x00000000080077d8       0x78 zephyr/kernel/libkernel.a(sched.c.obj)
 .text.z_impl_k_wakeup
                0x0000000008007850       0x48 zephyr/kernel/libkernel.a(sched.c.obj)
                0x0000000008007850                z_impl_k_wakeup
 .text.z_impl_k_sched_current_thread_query
                0x0000000008007898        0xc zephyr/kernel/libkernel.a(sched.c.obj)
                0x0000000008007898                z_impl_k_sched_current_thread_query
 .text.z_thread_abort
                0x00000000080078a4      0x140 zephyr/kernel/libkernel.a(sched.c.obj)
                0x00000000080078a4                z_thread_abort
 .text.z_sched_wait
                0x00000000080079e4       0x24 zephyr/kernel/libkernel.a(sched.c.obj)
                0x00000000080079e4                z_sched_wait
 .text.z_time_slice_size
                0x0000000008007a08       0x40 zephyr/kernel/libkernel.a(timeslicing.c.obj)
 .text.slice_timeout
                0x0000000008007a48       0x20 zephyr/kernel/libkernel.a(timeslicing.c.obj)
 .text.z_reset_time_slice
                0x0000000008007a68       0x48 zephyr/kernel/libkernel.a(timeslicing.c.obj)
                0x0000000008007a68                z_reset_time_slice
 .text.z_time_slice
                0x0000000008007ab0       0x5c zephyr/kernel/libkernel.a(timeslicing.c.obj)
                0x0000000008007ab0                z_time_slice
 .text.first    0x0000000008007b0c       0x10 zephyr/kernel/libkernel.a(timeout.c.obj)
 .text.elapsed  0x0000000008007b1c       0x14 zephyr/kernel/libkernel.a(timeout.c.obj)
 .text.remove_timeout
                0x0000000008007b30       0x38 zephyr/kernel/libkernel.a(timeout.c.obj)
 .text.z_add_timeout
                0x0000000008007b68      0x120 zephyr/kernel/libkernel.a(timeout.c.obj)
                0x0000000008007b68                z_add_timeout
 .text.sys_clock_announce
                0x0000000008007c88       0xb4 zephyr/kernel/libkernel.a(timeout.c.obj)
                0x0000000008007c88                sys_clock_announce
 .text.sys_clock_tick_get
                0x0000000008007d3c       0x30 zephyr/kernel/libkernel.a(timeout.c.obj)
                0x0000000008007d3c                sys_clock_tick_get
 .text.z_timer_expiration_handler
                0x0000000008007d6c      0x104 zephyr/kernel/libkernel.a(timer.c.obj)
                0x0000000008007d6c                z_timer_expiration_handler
 .text.z_impl_k_timer_start
                0x0000000008007e70       0x70 zephyr/kernel/libkernel.a(timer.c.obj)
                0x0000000008007e70                z_impl_k_timer_start
 .text.boot_banner
                0x0000000008007ee0        0xc zephyr/kernel/libkernel.a(banner.c.obj)
                0x0000000008007ee0                boot_banner
 .text.k_sys_work_q_init
                0x0000000008007eec       0x2c zephyr/kernel/libkernel.a(system_work_q.c.obj)
 .text.snprintf
                0x0000000008007f18       0x58 /home/viktor/zephyr-standalone/zephyr-sdk-0.16.8/arm-zephyr-eabi/bin/../lib/gcc/../../picolibc/arm-zephyr-eabi/lib/thumb/v7e-m+fp/hard/libc.a(libc_tinystdio_snprintf.c.o)
                0x0000000008007f18                snprintf
 .text.skip_to_arg
                0x0000000008007f70      0x138 /home/viktor/zephyr-standalone/zephyr-sdk-0.16.8/arm-zephyr-eabi/bin/../lib/gcc/../../picolibc/arm-zephyr-eabi/lib/thumb/v7e-m+fp/hard/libc.a(libc_tinystdio_vfprintf.c.o)
 .text.vfprintf
                0x00000000080080a8      0x9f4 /home/viktor/zephyr-standalone/zephyr-sdk-0.16.8/arm-zephyr-eabi/bin/../lib/gcc/../../picolibc/arm-zephyr-eabi/lib/thumb/v7e-m+fp/hard/libc.a(libc_tinystdio_vfprintf.c.o)
                0x00000000080080a8                __d_vfprintf
 .text.div10    0x0000000008008a9c       0x28 /home/viktor/zephyr-standalone/zephyr-sdk-0.16.8/arm-zephyr-eabi/bin/../lib/gcc/../../picolibc/arm-zephyr-eabi/lib/thumb/v7e-m+fp/hard/libc.a(libc_tinystdio_dtoa_ryu.c.o)
 .text.__dtoa_engine
                0x0000000008008ac4      0x4ac /home/viktor/zephyr-standalone/zephyr-sdk-0.16.8/arm-zephyr-eabi/bin/../lib/gcc/../../picolibc/arm-zephyr-eabi/lib/thumb/v7e-m+fp/hard/libc.a(libc_tinystdio_dtoa_ryu.c.o)
                0x0000000008008ac4                __dtoa_engine
 .text.__log10Pow2
                0x0000000008008f70        0xc /home/viktor/zephyr-standalone/zephyr-sdk-0.16.8/arm-zephyr-eabi/bin/../lib/gcc/../../picolibc/arm-zephyr-eabi/lib/thumb/v7e-m+fp/hard/libc.a(libc_tinystdio_ryu_log10.c.o)
                0x0000000008008f70                __log10Pow2
 .text.__log10Pow5
                0x0000000008008f7c        0xc /home/viktor/zephyr-standalone/zephyr-sdk-0.16.8/arm-zephyr-eabi/bin/../lib/gcc/../../picolibc/arm-zephyr-eabi/lib/thumb/v7e-m+fp/hard/libc.a(libc_tinystdio_ryu_log10.c.o)
                0x0000000008008f7c                __log10Pow5
 .text.__pow5bits
                0x0000000008008f88       0x10 /home/viktor/zephyr-standalone/zephyr-sdk-0.16.8/arm-zephyr-eabi/bin/../lib/gcc/../../picolibc/arm-zephyr-eabi/lib/thumb/v7e-m+fp/hard/libc.a(libc_tinystdio_ryu_pow5bits.c.o)
                0x0000000008008f88                __pow5bits
 .text.__pow5Factor
                0x0000000008008f98       0x30 /home/viktor/zephyr-standalone/zephyr-sdk-0.16.8/arm-zephyr-eabi/bin/../lib/gcc/../../picolibc/arm-zephyr-eabi/lib/thumb/v7e-m+fp/hard/libc.a(libc_tinystdio_ryu_table.c.o)
                0x0000000008008f98                __pow5Factor
 .text.__double_computePow5
                0x0000000008008fc8       0xe8 /home/viktor/zephyr-standalone/zephyr-sdk-0.16.8/arm-zephyr-eabi/bin/../lib/gcc/../../picolibc/arm-zephyr-eabi/lib/thumb/v7e-m+fp/hard/libc.a(libc_tinystdio_ryu_table.c.o)
                0x0000000008008fc8                __double_computePow5
 .text.__double_computeInvPow5
                0x00000000080090b0       0xf8 /home/viktor/zephyr-standalone/zephyr-sdk-0.16.8/arm-zephyr-eabi/bin/../lib/gcc/../../picolibc/arm-zephyr-eabi/lib/thumb/v7e-m+fp/hard/libc.a(libc_tinystdio_ryu_table.c.o)
                0x00000000080090b0                __double_computeInvPow5
 .text._OffsetAbsSyms
                0x00000000080091a8        0x2 zephyr/CMakeFiles/offsets.dir/./arch/arm/core/offsets/offsets.c.obj
                0x00000000080091a8                _OffsetAbsSyms
 .text.chunk_size
                0x00000000080091aa        0xa zephyr/libzephyr.a(heap.c.obj)
 .text.free_list_add
                0x00000000080091b4       0x4e zephyr/libzephyr.a(heap.c.obj)
 .text.sys_heap_init
                0x0000000008009202       0x7a zephyr/libzephyr.a(heap.c.obj)
                0x0000000008009202                sys_heap_init
 .text.cbpprintf_external
                0x000000000800927c       0x62 zephyr/libzephyr.a(cbprintf_packaged.c.obj)
                0x000000000800927c                cbpprintf_external
 .text.is_ptr   0x00000000080092de       0x4a zephyr/libzephyr.a(cbprintf_packaged.c.obj)
                0x00000000080092de                is_ptr
 .text.arch_printk_char_out
                0x0000000008009328        0x4 zephyr/libzephyr.a(printk.c.obj)
                0x0000000008009328                arch_printk_char_out
 .text.printk   0x000000000800932c       0x1a zephyr/libzephyr.a(printk.c.obj)
                0x000000000800932c                printk
 .text.free_space
                0x0000000008009346       0x26 zephyr/libzephyr.a(mpsc_pbuf.c.obj)
 .text.get_usage
                0x000000000800936c       0x22 zephyr/libzephyr.a(mpsc_pbuf.c.obj)
 .text.idx_inc  0x000000000800938e       0x1c zephyr/libzephyr.a(mpsc_pbuf.c.obj)
 .text.rd_idx_inc
                0x00000000080093aa       0x18 zephyr/libzephyr.a(mpsc_pbuf.c.obj)
 .text.add_skip_item
                0x00000000080093c2       0x3a zephyr/libzephyr.a(mpsc_pbuf.c.obj)
 .text.drop_item_locked
                0x00000000080093fc       0xfe zephyr/libzephyr.a(mpsc_pbuf.c.obj)
 .text.post_drop_action
                0x00000000080094fa       0x36 zephyr/libzephyr.a(mpsc_pbuf.c.obj)
 .text.max_utilization_update
                0x0000000008009530       0x1a zephyr/libzephyr.a(mpsc_pbuf.c.obj)
 .text.mpsc_pbuf_init
                0x000000000800954a       0x42 zephyr/libzephyr.a(mpsc_pbuf.c.obj)
                0x000000000800954a                mpsc_pbuf_init
 .text.mpsc_pbuf_alloc
                0x000000000800958c       0xfe zephyr/libzephyr.a(mpsc_pbuf.c.obj)
                0x000000000800958c                mpsc_pbuf_alloc
 .text.mpsc_pbuf_commit
                0x000000000800968a       0x3e zephyr/libzephyr.a(mpsc_pbuf.c.obj)
                0x000000000800968a                mpsc_pbuf_commit
 .text.mpsc_pbuf_claim
                0x00000000080096c8       0xb6 zephyr/libzephyr.a(mpsc_pbuf.c.obj)
                0x00000000080096c8                mpsc_pbuf_claim
 .text.mpsc_pbuf_free
                0x000000000800977e       0x76 zephyr/libzephyr.a(mpsc_pbuf.c.obj)
                0x000000000800977e                mpsc_pbuf_free
 .text.mpsc_pbuf_is_pending
                0x00000000080097f4       0x32 zephyr/libzephyr.a(mpsc_pbuf.c.obj)
                0x00000000080097f4                mpsc_pbuf_is_pending
 .text.ring_buf_area_claim
                0x0000000008009826       0x30 zephyr/libzephyr.a(ring_buffer.c.obj)
                0x0000000008009826                ring_buf_area_claim
 .text.ring_buf_put_claim
                0x0000000008009856       0x1e zephyr/libzephyr.a(ring_buffer.c.obj)
 .text.ring_buf_get_claim
                0x0000000008009874       0x1e zephyr/libzephyr.a(ring_buffer.c.obj)
 .text.ring_buf_area_finish
                0x0000000008009892       0x32 zephyr/libzephyr.a(ring_buffer.c.obj)
                0x0000000008009892                ring_buf_area_finish
 .text.ring_buf_put
                0x00000000080098c4       0x40 zephyr/libzephyr.a(ring_buffer.c.obj)
                0x00000000080098c4                ring_buf_put
 .text.ring_buf_get
                0x0000000008009904       0x44 zephyr/libzephyr.a(ring_buffer.c.obj)
                0x0000000008009904                ring_buf_get
 .text._ConfigAbsSyms
                0x0000000008009948        0x2 zephyr/libzephyr.a(configs.c.obj)
                0x0000000008009948                _ConfigAbsSyms
 .text.HAL_Delay
                0x000000000800994a       0x16 zephyr/libzephyr.a(stm32cube_hal.c.obj)
                0x000000000800994a                HAL_Delay
 .text.log_msg_generic_get_wlen
                0x0000000008009960       0x20 zephyr/libzephyr.a(log_core.c.obj)
 .text.dummy_timestamp
                0x0000000008009980        0x4 zephyr/libzephyr.a(log_core.c.obj)
 .text.atomic_inc
                0x0000000008009984       0x1a zephyr/libzephyr.a(log_core.c.obj)
 .text.default_lf_get_timestamp
                0x000000000800999e       0x10 zephyr/libzephyr.a(log_core.c.obj)
 .text.z_log_vprintk
                0x00000000080099ae       0x1c zephyr/libzephyr.a(log_core.c.obj)
                0x00000000080099ae                z_log_vprintk
 .text.z_log_notify_drop
                0x00000000080099ca        0x6 zephyr/libzephyr.a(log_core.c.obj)
 .text.z_log_get_tag
                0x00000000080099d0        0x4 zephyr/libzephyr.a(log_core.c.obj)
                0x00000000080099d0                z_log_get_tag
 .text.log_backend_enable
                0x00000000080099d4       0x12 zephyr/libzephyr.a(log_mgmt.c.obj)
                0x00000000080099d4                log_backend_enable
 .text.z_cbprintf_cpy
                0x00000000080099e6       0x2e zephyr/libzephyr.a(log_msg.c.obj)
 .text.z_log_msg_finalize
                0x0000000008009a14       0x32 zephyr/libzephyr.a(log_msg.c.obj)
                0x0000000008009a14                z_log_msg_finalize
 .text.z_log_msg_simple_create
                0x0000000008009a46       0x6e zephyr/libzephyr.a(log_msg.c.obj)
 .text.z_impl_z_log_msg_simple_create_0
                0x0000000008009ab4       0x12 zephyr/libzephyr.a(log_msg.c.obj)
                0x0000000008009ab4                z_impl_z_log_msg_simple_create_0
 .text.z_impl_z_log_msg_simple_create_1
                0x0000000008009ac6       0x14 zephyr/libzephyr.a(log_msg.c.obj)
                0x0000000008009ac6                z_impl_z_log_msg_simple_create_1
 .text.z_impl_z_log_msg_simple_create_2
                0x0000000008009ada       0x18 zephyr/libzephyr.a(log_msg.c.obj)
                0x0000000008009ada                z_impl_z_log_msg_simple_create_2
 .text.log_output_write
                0x0000000008009af2       0x1c zephyr/libzephyr.a(log_output.c.obj)
 .text.log_output_flush
                0x0000000008009b0e       0x1a zephyr/libzephyr.a(log_output.c.obj)
 .text.out_func
                0x0000000008009b28       0x36 zephyr/libzephyr.a(log_output.c.obj)
 .text.cr_out_func
                0x0000000008009b5e       0x1c zephyr/libzephyr.a(log_output.c.obj)
 .text.log_output_msg_process
                0x0000000008009b7a       0x6a zephyr/libzephyr.a(log_output.c.obj)
                0x0000000008009b7a                log_output_msg_process
 .text.format_set
                0x0000000008009be4        0xc zephyr/libzephyr.a(log_backend_uart.c.obj)
 .text.log_backend_uart_init
                0x0000000008009bf0        0xc zephyr/libzephyr.a(log_backend_uart.c.obj)
 .text.panic    0x0000000008009bfc       0x32 zephyr/libzephyr.a(log_backend_uart.c.obj)
 .text.dropped  0x0000000008009c2e        0xa zephyr/libzephyr.a(log_backend_uart.c.obj)
 .text.process  0x0000000008009c38       0x1e zephyr/libzephyr.a(log_backend_uart.c.obj)
 .text.z_log_msg_simple_create_1
                0x0000000008009c56        0x4 zephyr/libzephyr.a(usb_device.c.obj)
 .text.get_ep_bm_from_addr
                0x0000000008009c5a       0x1c zephyr/libzephyr.a(usb_device.c.obj)
 .text.usb_get_dev_data_by_cfg
                0x0000000008009c76       0x18 zephyr/libzephyr.a(usb_descriptor.c.obj)
                0x0000000008009c76                usb_get_dev_data_by_cfg
 .text.usb_get_dev_data_by_iface
                0x0000000008009c8e       0x1c zephyr/libzephyr.a(usb_descriptor.c.obj)
                0x0000000008009c8e                usb_get_dev_data_by_iface
 .text.usb_get_dev_data_by_ep
                0x0000000008009caa       0x2c zephyr/libzephyr.a(usb_descriptor.c.obj)
                0x0000000008009caa                usb_get_dev_data_by_ep
 .text.usb_transfer_is_busy
                0x0000000008009cd6       0x16 zephyr/libzephyr.a(usb_transfer.c.obj)
                0x0000000008009cd6                usb_transfer_is_busy
 .text.cdc_interface_config
                0x0000000008009cec       0x14 zephyr/libzephyr.a(cdc_acm.c.obj)
 .text.cdc_acm_irq_callback_work_handler
                0x0000000008009d00        0xa zephyr/libzephyr.a(cdc_acm.c.obj)
 .text.cdc_acm_irq_tx_disable
                0x0000000008009d0a        0xa zephyr/libzephyr.a(cdc_acm.c.obj)
 .text.cdc_acm_irq_tx_ready
                0x0000000008009d14       0x20 zephyr/libzephyr.a(cdc_acm.c.obj)
 .text.cdc_acm_irq_rx_disable
                0x0000000008009d34        0xa zephyr/libzephyr.a(cdc_acm.c.obj)
 .text.cdc_acm_irq_rx_ready
                0x0000000008009d3e        0xe zephyr/libzephyr.a(cdc_acm.c.obj)
 .text.cdc_acm_irq_is_pending
                0x0000000008009d4c       0x1c zephyr/libzephyr.a(cdc_acm.c.obj)
 .text.cdc_acm_irq_callback_set
                0x0000000008009d68        0x8 zephyr/libzephyr.a(cdc_acm.c.obj)
 .text.cdc_acm_line_ctrl_get
                0x0000000008009d70       0x32 zephyr/libzephyr.a(cdc_acm.c.obj)
 .text.cdc_acm_configure
                0x0000000008009da2       0x18 zephyr/libzephyr.a(cdc_acm.c.obj)
 .text.cdc_acm_config_get
                0x0000000008009dba       0x5c zephyr/libzephyr.a(cdc_acm.c.obj)
 .text.cdc_acm_line_ctrl_set
                0x0000000008009e16       0xba zephyr/libzephyr.a(cdc_acm.c.obj)
 .text.cdc_acm_fifo_read
                0x0000000008009ed0       0x48 zephyr/libzephyr.a(cdc_acm.c.obj)
 .text.cdc_acm_poll_in
                0x0000000008009f18       0x12 zephyr/libzephyr.a(cdc_acm.c.obj)
 .text.cdc_acm_irq_update
                0x0000000008009f2a       0x30 zephyr/libzephyr.a(cdc_acm.c.obj)
 .text.arch_early_memset
                0x0000000008009f5a        0x4 zephyr/arch/common/libarch__common.a(init.c.obj)
                0x0000000008009f5a                arch_early_memset
 .text.arch_early_memcpy
                0x0000000008009f5e        0x4 zephyr/arch/common/libarch__common.a(init.c.obj)
                0x0000000008009f5e                arch_early_memcpy
 .text.z_do_kernel_oops
                0x0000000008009f62        0x8 zephyr/arch/arch/arm/core/libarch__arm__core.a(fatal.c.obj)
                0x0000000008009f62                z_do_kernel_oops
 .text.z_arm_nmi
                0x0000000008009f6a        0xe zephyr/arch/arch/arm/core/libarch__arm__core.a(nmi.c.obj)
                0x0000000008009f6a                z_arm_nmi
 .text.z_log_msg_simple_create_0.constprop.0
                0x0000000008009f78        0x8 zephyr/arch/arch/arm/core/cortex_m/libarch__arm__core__cortex_m.a(fault.c.obj)
 .text.z_irq_spurious
                0x0000000008009f80        0x8 zephyr/arch/arch/arm/core/cortex_m/libarch__arm__core__cortex_m.a(irq_manage.c.obj)
                0x0000000008009f80                z_irq_spurious
 .text.arch_coprocessors_disable
                0x0000000008009f88        0x4 zephyr/arch/arch/arm/core/cortex_m/libarch__arm__core__cortex_m.a(thread.c.obj)
                0x0000000008009f88                arch_coprocessors_disable
 .text.arch_irq_unlock_outlined
                0x0000000008009f8c        0xe zephyr/arch/arch/arm/core/cortex_m/libarch__arm__core__cortex_m.a(thread.c.obj)
                0x0000000008009f8c                arch_irq_unlock_outlined
 .text.arch_cpu_idle
                0x0000000008009f9a       0x1a zephyr/arch/arch/arm/core/cortex_m/libarch__arm__core__cortex_m.a(cpu_idle.c.obj)
                0x0000000008009f9a                arch_cpu_idle
 .text.size_to_mpu_rasr_size
                0x0000000008009fb4       0x20 zephyr/arch/arch/arm/core/mpu/libarch__arm__core__mpu.a(arm_mpu.c.obj)
 .text.cbputc   0x0000000008009fd4        0xc zephyr/lib/libc/picolibc/liblib__libc__picolibc.a(cbprintf.c.obj)
 .text.picolibc_put
                0x0000000008009fe0        0xa zephyr/lib/libc/picolibc/liblib__libc__picolibc.a(stdio.c.obj)
 .text.stm32_exti_gpio_intc_init
                0x0000000008009fea       0x92 zephyr/drivers/interrupt_controller/libdrivers__interrupt_controller.a(intc_gpio_stm32.c.obj)
 .text.stm32_gpio_intc_get_pin_irq_line
                0x000000000800a07c        0xa zephyr/drivers/interrupt_controller/libdrivers__interrupt_controller.a(intc_gpio_stm32.c.obj)
                0x000000000800a07c                stm32_gpio_intc_get_pin_irq_line
 .text.stm32_exti_set_line_src_port
                0x000000000800a086       0x36 zephyr/drivers/interrupt_controller/libdrivers__interrupt_controller.a(intc_gpio_stm32.c.obj)
                0x000000000800a086                stm32_exti_set_line_src_port
 .text.z_log_msg_simple_create_1.constprop.0
                0x000000000800a0bc        0xa zephyr/drivers/usb/device/libdrivers__usb__device.a(usb_dc_stm32.c.obj)
 .text.z_log_msg_simple_create_0.constprop.0
                0x000000000800a0c6        0x8 zephyr/drivers/usb/device/libdrivers__usb__device.a(usb_dc_stm32.c.obj)
 .text.usb_dc_ep_set_callback
                0x000000000800a0ce       0x16 zephyr/drivers/usb/device/libdrivers__usb__device.a(usb_dc_stm32.c.obj)
                0x000000000800a0ce                usb_dc_ep_set_callback
 .text.usb_dc_ep_configure
                0x000000000800a0e4       0x2a zephyr/drivers/usb/device/libdrivers__usb__device.a(usb_dc_stm32.c.obj)
                0x000000000800a0e4                usb_dc_ep_configure
 .text.usb_dc_ep_is_stalled
                0x000000000800a10e       0x1a zephyr/drivers/usb/device/libdrivers__usb__device.a(usb_dc_stm32.c.obj)
                0x000000000800a10e                usb_dc_ep_is_stalled
 .text.usb_dc_ep_read
                0x000000000800a128       0x1c zephyr/drivers/usb/device/libdrivers__usb__device.a(usb_dc_stm32.c.obj)
                0x000000000800a128                usb_dc_ep_read
 .text.usb_dc_ep_mps
                0x000000000800a144       0x12 zephyr/drivers/usb/device/libdrivers__usb__device.a(usb_dc_stm32.c.obj)
                0x000000000800a144                usb_dc_ep_mps
 .text.HAL_PCD_DataOutStageCallback
                0x000000000800a156       0x2c zephyr/drivers/usb/device/libdrivers__usb__device.a(usb_dc_stm32.c.obj)
                0x000000000800a156                HAL_PCD_DataOutStageCallback
 .text.HAL_PCD_DataInStageCallback
                0x000000000800a182       0x24 zephyr/drivers/usb/device/libdrivers__usb__device.a(usb_dc_stm32.c.obj)
                0x000000000800a182                HAL_PCD_DataInStageCallback
 .text.HAL_PCD_ISOINIncompleteCallback
                0x000000000800a1a6       0x14 zephyr/drivers/usb/device/libdrivers__usb__device.a(usb_dc_stm32.c.obj)
                0x000000000800a1a6                HAL_PCD_ISOINIncompleteCallback
 .text.stm32_clock_control_on
                0x000000000800a1ba       0x44 zephyr/drivers/clock_control/libdrivers__clock_control.a(clock_stm32_ll_common.c.obj)
 .text.stm32_clock_control_off
                0x000000000800a1fe       0x2c zephyr/drivers/clock_control/libdrivers__clock_control.a(clock_stm32_ll_common.c.obj)
 .text.stm32_clock_control_configure
                0x000000000800a22a       0x58 zephyr/drivers/clock_control/libdrivers__clock_control.a(clock_stm32_ll_common.c.obj)
 .text.stm32_clock_control_get_status
                0x000000000800a282       0x38 zephyr/drivers/clock_control/libdrivers__clock_control.a(clock_stm32_ll_common.c.obj)
 .text.config_regulator_voltage
                0x000000000800a2ba        0x2 zephyr/drivers/clock_control/libdrivers__clock_control.a(clock_stm32_ll_common.c.obj)
                0x000000000800a2ba                config_regulator_voltage
 .text.gpio_stm32_port_get_raw
                0x000000000800a2bc        0xc zephyr/drivers/gpio/libdrivers__gpio.a(gpio_stm32.c.obj)
 .text.gpio_stm32_port_set_masked_raw
                0x000000000800a2c8       0x12 zephyr/drivers/gpio/libdrivers__gpio.a(gpio_stm32.c.obj)
 .text.gpio_stm32_port_set_bits_raw
                0x000000000800a2da        0xa zephyr/drivers/gpio/libdrivers__gpio.a(gpio_stm32.c.obj)
 .text.gpio_stm32_port_clear_bits_raw
                0x000000000800a2e4        0xc zephyr/drivers/gpio/libdrivers__gpio.a(gpio_stm32.c.obj)
 .text.gpio_stm32_port_toggle_bits
                0x000000000800a2f0        0xe zephyr/drivers/gpio/libdrivers__gpio.a(gpio_stm32.c.obj)
 .text.gpio_stm32_manage_callback
                0x000000000800a2fe       0x52 zephyr/drivers/gpio/libdrivers__gpio.a(gpio_stm32.c.obj)
 .text.gpio_stm32_configure_raw.isra.0
                0x000000000800a350      0x106 zephyr/drivers/gpio/libdrivers__gpio.a(gpio_stm32.c.obj)
 .text.gpio_stm32_config
                0x000000000800a456       0xd8 zephyr/drivers/gpio/libdrivers__gpio.a(gpio_stm32.c.obj)
 .text.gpio_stm32_isr
                0x000000000800a52e       0x2c zephyr/drivers/gpio/libdrivers__gpio.a(gpio_stm32.c.obj)
 .text.gpio_stm32_configure
                0x000000000800a55a       0x30 zephyr/drivers/gpio/libdrivers__gpio.a(gpio_stm32.c.obj)
                0x000000000800a55a                gpio_stm32_configure
 .text.pinctrl_lookup_state
                0x000000000800a58a       0x26 zephyr/drivers/pinctrl/libdrivers__pinctrl.a(common.c.obj)
                0x000000000800a58a                pinctrl_lookup_state
 .text.LL_TIM_OC_SetCompareCH1
                0x000000000800a5b0        0x4 zephyr/drivers/pwm/libdrivers__pwm.a(pwm_stm32.c.obj)
 .text.LL_TIM_OC_SetCompareCH2
                0x000000000800a5b4        0x4 zephyr/drivers/pwm/libdrivers__pwm.a(pwm_stm32.c.obj)
 .text.LL_TIM_OC_SetCompareCH3
                0x000000000800a5b8        0x4 zephyr/drivers/pwm/libdrivers__pwm.a(pwm_stm32.c.obj)
 .text.LL_TIM_OC_SetCompareCH4
                0x000000000800a5bc        0x4 zephyr/drivers/pwm/libdrivers__pwm.a(pwm_stm32.c.obj)
 .text.pwm_stm32_get_cycles_per_sec
                0x000000000800a5c0       0x16 zephyr/drivers/pwm/libdrivers__pwm.a(pwm_stm32.c.obj)
 .text.reset_stm32_status
                0x000000000800a5d6       0x20 zephyr/drivers/reset/libdrivers__reset.a(reset_stm32.c.obj)
 .text.reset_stm32_line_assert
                0x000000000800a5f6       0x1c zephyr/drivers/reset/libdrivers__reset.a(reset_stm32.c.obj)
 .text.reset_stm32_line_deassert
                0x000000000800a612       0x1e zephyr/drivers/reset/libdrivers__reset.a(reset_stm32.c.obj)
 .text.reset_stm32_line_toggle
                0x000000000800a630       0x16 zephyr/drivers/reset/libdrivers__reset.a(reset_stm32.c.obj)
 .text.LL_USART_ClearFlag_PE
                0x000000000800a646       0x12 zephyr/drivers/serial/libdrivers__serial.a(uart_stm32.c.obj)
 .text.uart_stm32_err_check
                0x000000000800a658       0x5e zephyr/drivers/serial/libdrivers__serial.a(uart_stm32.c.obj)
 .text.uart_stm32_irq_tx_enable
                0x000000000800a6b6       0x1e zephyr/drivers/serial/libdrivers__serial.a(uart_stm32.c.obj)
 .text.uart_stm32_irq_tx_disable
                0x000000000800a6d4       0x1e zephyr/drivers/serial/libdrivers__serial.a(uart_stm32.c.obj)
 .text.uart_stm32_irq_tx_ready
                0x000000000800a6f2       0x14 zephyr/drivers/serial/libdrivers__serial.a(uart_stm32.c.obj)
 .text.uart_stm32_irq_tx_complete
                0x000000000800a706        0xc zephyr/drivers/serial/libdrivers__serial.a(uart_stm32.c.obj)
 .text.uart_stm32_irq_rx_enable
                0x000000000800a712       0x1e zephyr/drivers/serial/libdrivers__serial.a(uart_stm32.c.obj)
 .text.uart_stm32_irq_rx_disable
                0x000000000800a730       0x1e zephyr/drivers/serial/libdrivers__serial.a(uart_stm32.c.obj)
 .text.uart_stm32_irq_rx_ready
                0x000000000800a74e        0xc zephyr/drivers/serial/libdrivers__serial.a(uart_stm32.c.obj)
 .text.uart_stm32_irq_is_pending
                0x000000000800a75a       0x24 zephyr/drivers/serial/libdrivers__serial.a(uart_stm32.c.obj)
 .text.uart_stm32_irq_update
                0x000000000800a77e        0x4 zephyr/drivers/serial/libdrivers__serial.a(uart_stm32.c.obj)
 .text.uart_stm32_irq_callback_set
                0x000000000800a782        0x8 zephyr/drivers/serial/libdrivers__serial.a(uart_stm32.c.obj)
 .text.uart_stm32_isr
                0x000000000800a78a        0xc zephyr/drivers/serial/libdrivers__serial.a(uart_stm32.c.obj)
 .text.uart_stm32_irq_config_func_0
                0x000000000800a796       0x16 zephyr/drivers/serial/libdrivers__serial.a(uart_stm32.c.obj)
 .text.uart_stm32_poll_out
                0x000000000800a7ac       0x36 zephyr/drivers/serial/libdrivers__serial.a(uart_stm32.c.obj)
 .text.uart_stm32_poll_in
                0x000000000800a7e2       0x22 zephyr/drivers/serial/libdrivers__serial.a(uart_stm32.c.obj)
 .text.uart_stm32_config_get
                0x000000000800a804       0x8e zephyr/drivers/serial/libdrivers__serial.a(uart_stm32.c.obj)
 .text.uart_stm32_fifo_read
                0x000000000800a892       0x42 zephyr/drivers/serial/libdrivers__serial.a(uart_stm32.c.obj)
 .text.uart_stm32_fifo_fill
                0x000000000800a8d4       0x50 zephyr/drivers/serial/libdrivers__serial.a(uart_stm32.c.obj)
 .text.spi_context_get_next_buf
                0x000000000800a924       0x2c zephyr/drivers/spi/libdrivers__spi.a(spi_stm32.c.obj)
 .text.ll_disable_spi
                0x000000000800a950       0x10 zephyr/drivers/spi/libdrivers__spi.a(spi_stm32.c.obj)
 .text.bits2bytes
                0x000000000800a960       0x16 zephyr/drivers/spi/libdrivers__spi.a(spi_stm32.c.obj)
 .text.spi_stm32_send_next_frame
                0x000000000800a976       0x74 zephyr/drivers/spi/libdrivers__spi.a(spi_stm32.c.obj)
 .text.spi_stm32_read_next_frame
                0x000000000800a9ea       0x6c zephyr/drivers/spi/libdrivers__spi.a(spi_stm32.c.obj)
 .text.spi_stm32_irq_config_func_0
                0x000000000800aa56       0x16 zephyr/drivers/spi/libdrivers__spi.a(spi_stm32.c.obj)
 .text.spi_stm32_pinctrl_apply.isra.0
                0x000000000800aa6c       0x2a zephyr/drivers/spi/libdrivers__spi.a(spi_stm32.c.obj)
 .text.gpio_pin_set_dt.isra.0
                0x000000000800aa96       0x28 zephyr/drivers/spi/libdrivers__spi.a(spi_stm32.c.obj)
 .text.spi_context_unlock_unconditionally
                0x000000000800aabe       0x30 zephyr/drivers/spi/libdrivers__spi.a(spi_stm32.c.obj)
 .text.spi_stm32_release
                0x000000000800aaee       0x14 zephyr/drivers/spi/libdrivers__spi.a(spi_stm32.c.obj)
 .text.spi_stm32_complete
                0x000000000800ab02       0xac zephyr/drivers/spi/libdrivers__spi.a(spi_stm32.c.obj)
 .text.spi_stm32_isr
                0x000000000800abae      0x112 zephyr/drivers/spi/libdrivers__spi.a(spi_stm32.c.obj)
 .text.HAL_PCD_MspInit
                0x000000000800acc0        0x2 modules/hal_stm32/stm32cube/lib..__modules__hal__stm32__stm32cube.a(stm32f4xx_hal_pcd.c.obj)
                0x000000000800acc0                HAL_PCD_MspInit
 .text.HAL_PCD_Init
                0x000000000800acc2       0xde modules/hal_stm32/stm32cube/lib..__modules__hal__stm32__stm32cube.a(stm32f4xx_hal_pcd.c.obj)
                0x000000000800acc2                HAL_PCD_Init
 .text.HAL_PCD_Start
                0x000000000800ada0       0x40 modules/hal_stm32/stm32cube/lib..__modules__hal__stm32__stm32cube.a(stm32f4xx_hal_pcd.c.obj)
                0x000000000800ada0                HAL_PCD_Start
 .text.HAL_PCD_Stop
                0x000000000800ade0       0x48 modules/hal_stm32/stm32cube/lib..__modules__hal__stm32__stm32cube.a(stm32f4xx_hal_pcd.c.obj)
                0x000000000800ade0                HAL_PCD_Stop
 .text.HAL_PCD_SOFCallback
                0x000000000800ae28        0x2 modules/hal_stm32/stm32cube/lib..__modules__hal__stm32__stm32cube.a(stm32f4xx_hal_pcd.c.obj)
                0x000000000800ae28                HAL_PCD_SOFCallback
 .text.HAL_PCD_ISOOUTIncompleteCallback
                0x000000000800ae2a        0x2 modules/hal_stm32/stm32cube/lib..__modules__hal__stm32__stm32cube.a(stm32f4xx_hal_pcd.c.obj)
                0x000000000800ae2a                HAL_PCD_ISOOUTIncompleteCallback
 .text.HAL_PCD_SetAddress
                0x000000000800ae2c       0x26 modules/hal_stm32/stm32cube/lib..__modules__hal__stm32__stm32cube.a(stm32f4xx_hal_pcd.c.obj)
                0x000000000800ae2c                HAL_PCD_SetAddress
 .text.HAL_PCD_EP_Open
                0x000000000800ae52       0x72 modules/hal_stm32/stm32cube/lib..__modules__hal__stm32__stm32cube.a(stm32f4xx_hal_pcd.c.obj)
                0x000000000800ae52                HAL_PCD_EP_Open
 .text.HAL_PCD_EP_Close
                0x000000000800aec4       0x5c modules/hal_stm32/stm32cube/lib..__modules__hal__stm32__stm32cube.a(stm32f4xx_hal_pcd.c.obj)
                0x000000000800aec4                HAL_PCD_EP_Close
 .text.HAL_PCD_EP_Receive
                0x000000000800af20       0x3c modules/hal_stm32/stm32cube/lib..__modules__hal__stm32__stm32cube.a(stm32f4xx_hal_pcd.c.obj)
                0x000000000800af20                HAL_PCD_EP_Receive
 .text.HAL_PCD_EP_GetRxCount
                0x000000000800af5c       0x10 modules/hal_stm32/stm32cube/lib..__modules__hal__stm32__stm32cube.a(stm32f4xx_hal_pcd.c.obj)
                0x000000000800af5c                HAL_PCD_EP_GetRxCount
 .text.HAL_PCD_EP_Transmit
                0x000000000800af6c       0x34 modules/hal_stm32/stm32cube/lib..__modules__hal__stm32__stm32cube.a(stm32f4xx_hal_pcd.c.obj)
                0x000000000800af6c                HAL_PCD_EP_Transmit
 .text.HAL_PCD_EP_SetStall
                0x000000000800afa0       0x6e modules/hal_stm32/stm32cube/lib..__modules__hal__stm32__stm32cube.a(stm32f4xx_hal_pcd.c.obj)
                0x000000000800afa0                HAL_PCD_EP_SetStall
 .text.HAL_PCD_EP_ClrStall
                0x000000000800b00e       0x6a modules/hal_stm32/stm32cube/lib..__modules__hal__stm32__stm32cube.a(stm32f4xx_hal_pcd.c.obj)
                0x000000000800b00e                HAL_PCD_EP_ClrStall
 .text.HAL_PCD_EP_Abort
                0x000000000800b078       0x20 modules/hal_stm32/stm32cube/lib..__modules__hal__stm32__stm32cube.a(stm32f4xx_hal_pcd.c.obj)
                0x000000000800b078                HAL_PCD_EP_Abort
 .text.HAL_PCDEx_SetTxFiFo
                0x000000000800b098       0x3e modules/hal_stm32/stm32cube/lib..__modules__hal__stm32__stm32cube.a(stm32f4xx_hal_pcd_ex.c.obj)
                0x000000000800b098                HAL_PCDEx_SetTxFiFo
 .text.HAL_PCDEx_SetRxFiFo
                0x000000000800b0d6        0x8 modules/hal_stm32/stm32cube/lib..__modules__hal__stm32__stm32cube.a(stm32f4xx_hal_pcd_ex.c.obj)
                0x000000000800b0d6                HAL_PCDEx_SetRxFiFo
 .text.HAL_PCDEx_LPM_Callback
                0x000000000800b0de        0x2 modules/hal_stm32/stm32cube/lib..__modules__hal__stm32__stm32cube.a(stm32f4xx_hal_pcd_ex.c.obj)
                0x000000000800b0de                HAL_PCDEx_LPM_Callback
 .text.USB_CoreReset
                0x000000000800b0e0       0x50 modules/hal_stm32/stm32cube/lib..__modules__hal__stm32__stm32cube.a(stm32f4xx_ll_usb.c.obj)
 .text.USB_CoreInit
                0x000000000800b130       0x88 modules/hal_stm32/stm32cube/lib..__modules__hal__stm32__stm32cube.a(stm32f4xx_ll_usb.c.obj)
                0x000000000800b130                USB_CoreInit
 .text.USB_EnableGlobalInt
                0x000000000800b1b8        0xc modules/hal_stm32/stm32cube/lib..__modules__hal__stm32__stm32cube.a(stm32f4xx_ll_usb.c.obj)
                0x000000000800b1b8                USB_EnableGlobalInt
 .text.USB_DisableGlobalInt
                0x000000000800b1c4        0xc modules/hal_stm32/stm32cube/lib..__modules__hal__stm32__stm32cube.a(stm32f4xx_ll_usb.c.obj)
                0x000000000800b1c4                USB_DisableGlobalInt
 .text.USB_SetCurrentMode
                0x000000000800b1d0       0x60 modules/hal_stm32/stm32cube/lib..__modules__hal__stm32__stm32cube.a(stm32f4xx_ll_usb.c.obj)
                0x000000000800b1d0                USB_SetCurrentMode
 .text.USB_FlushTxFifo
                0x000000000800b230       0x46 modules/hal_stm32/stm32cube/lib..__modules__hal__stm32__stm32cube.a(stm32f4xx_ll_usb.c.obj)
                0x000000000800b230                USB_FlushTxFifo
 .text.USB_FlushRxFifo
                0x000000000800b276       0x42 modules/hal_stm32/stm32cube/lib..__modules__hal__stm32__stm32cube.a(stm32f4xx_ll_usb.c.obj)
                0x000000000800b276                USB_FlushRxFifo
 .text.USB_SetDevSpeed
                0x000000000800b2b8        0xe modules/hal_stm32/stm32cube/lib..__modules__hal__stm32__stm32cube.a(stm32f4xx_ll_usb.c.obj)
                0x000000000800b2b8                USB_SetDevSpeed
 .text.USB_GetDevSpeed
                0x000000000800b2c6       0x16 modules/hal_stm32/stm32cube/lib..__modules__hal__stm32__stm32cube.a(stm32f4xx_ll_usb.c.obj)
                0x000000000800b2c6                USB_GetDevSpeed
 .text.USB_ActivateEndpoint
                0x000000000800b2dc       0x7e modules/hal_stm32/stm32cube/lib..__modules__hal__stm32__stm32cube.a(stm32f4xx_ll_usb.c.obj)
                0x000000000800b2dc                USB_ActivateEndpoint
 .text.USB_EPStopXfer
                0x000000000800b35a       0x9c modules/hal_stm32/stm32cube/lib..__modules__hal__stm32__stm32cube.a(stm32f4xx_ll_usb.c.obj)
                0x000000000800b35a                USB_EPStopXfer
 .text.USB_WritePacket
                0x000000000800b3f6       0x26 modules/hal_stm32/stm32cube/lib..__modules__hal__stm32__stm32cube.a(stm32f4xx_ll_usb.c.obj)
                0x000000000800b3f6                USB_WritePacket
 .text.USB_ReadPacket
                0x000000000800b41c       0x40 modules/hal_stm32/stm32cube/lib..__modules__hal__stm32__stm32cube.a(stm32f4xx_ll_usb.c.obj)
                0x000000000800b41c                USB_ReadPacket
 .text.USB_EPSetStall
                0x000000000800b45c       0x56 modules/hal_stm32/stm32cube/lib..__modules__hal__stm32__stm32cube.a(stm32f4xx_ll_usb.c.obj)
                0x000000000800b45c                USB_EPSetStall
 .text.USB_EPClearStall
                0x000000000800b4b2       0x52 modules/hal_stm32/stm32cube/lib..__modules__hal__stm32__stm32cube.a(stm32f4xx_ll_usb.c.obj)
                0x000000000800b4b2                USB_EPClearStall
 .text.USB_SetDevAddress
                0x000000000800b504       0x20 modules/hal_stm32/stm32cube/lib..__modules__hal__stm32__stm32cube.a(stm32f4xx_ll_usb.c.obj)
                0x000000000800b504                USB_SetDevAddress
 .text.USB_DevConnect
                0x000000000800b524       0x1c modules/hal_stm32/stm32cube/lib..__modules__hal__stm32__stm32cube.a(stm32f4xx_ll_usb.c.obj)
                0x000000000800b524                USB_DevConnect
 .text.USB_DevDisconnect
                0x000000000800b540       0x1c modules/hal_stm32/stm32cube/lib..__modules__hal__stm32__stm32cube.a(stm32f4xx_ll_usb.c.obj)
                0x000000000800b540                USB_DevDisconnect
 .text.USB_ReadInterrupts
                0x000000000800b55c        0x8 modules/hal_stm32/stm32cube/lib..__modules__hal__stm32__stm32cube.a(stm32f4xx_ll_usb.c.obj)
                0x000000000800b55c                USB_ReadInterrupts
 .text.USB_ReadDevAllOutEpInterrupt
                0x000000000800b564       0x10 modules/hal_stm32/stm32cube/lib..__modules__hal__stm32__stm32cube.a(stm32f4xx_ll_usb.c.obj)
                0x000000000800b564                USB_ReadDevAllOutEpInterrupt
 .text.USB_ReadDevAllInEpInterrupt
                0x000000000800b574       0x10 modules/hal_stm32/stm32cube/lib..__modules__hal__stm32__stm32cube.a(stm32f4xx_ll_usb.c.obj)
                0x000000000800b574                USB_ReadDevAllInEpInterrupt
 .text.USB_ReadDevOutEPInterrupt
                0x000000000800b584       0x12 modules/hal_stm32/stm32cube/lib..__modules__hal__stm32__stm32cube.a(stm32f4xx_ll_usb.c.obj)
                0x000000000800b584                USB_ReadDevOutEPInterrupt
 .text.USB_ReadDevInEPInterrupt
                0x000000000800b596       0x22 modules/hal_stm32/stm32cube/lib..__modules__hal__stm32__stm32cube.a(stm32f4xx_ll_usb.c.obj)
                0x000000000800b596                USB_ReadDevInEPInterrupt
 .text.USB_GetMode
                0x000000000800b5b8        0x8 modules/hal_stm32/stm32cube/lib..__modules__hal__stm32__stm32cube.a(stm32f4xx_ll_usb.c.obj)
                0x000000000800b5b8                USB_GetMode
 .text.USB_ActivateSetup
                0x000000000800b5c0       0x20 modules/hal_stm32/stm32cube/lib..__modules__hal__stm32__stm32cube.a(stm32f4xx_ll_usb.c.obj)
                0x000000000800b5c0                USB_ActivateSetup
 .text.z_impl_k_busy_wait
                0x000000000800b5e0       0x1c zephyr/kernel/libkernel.a(busy_wait.c.obj)
                0x000000000800b5e0                z_impl_k_busy_wait
 .text.do_device_init
                0x000000000800b5fc       0x30 zephyr/kernel/libkernel.a(device.c.obj)
                0x000000000800b5fc                do_device_init
 .text.z_impl_device_is_ready
                0x000000000800b62c       0x16 zephyr/kernel/libkernel.a(device.c.obj)
                0x000000000800b62c                z_impl_device_is_ready
 .text.arch_system_halt
                0x000000000800b642       0x10 zephyr/kernel/libkernel.a(fatal.c.obj)
                0x000000000800b642                arch_system_halt
 .text.idle     0x000000000800b652       0x16 zephyr/kernel/libkernel.a(idle.c.obj)
                0x000000000800b652                idle
 .text.adjust_owner_prio.isra.0
                0x000000000800b668       0x10 zephyr/kernel/libkernel.a(mutex.c.obj)
 .text.z_impl_k_sem_init
                0x000000000800b678       0x18 zephyr/kernel/libkernel.a(sem.c.obj)
                0x000000000800b678                z_impl_k_sem_init
 .text.flag_test_and_clear
                0x000000000800b690       0x16 zephyr/kernel/libkernel.a(work.c.obj)
 .text.notify_queue_locked.isra.0
                0x000000000800b6a6        0xe zephyr/kernel/libkernel.a(work.c.obj)
 .text.work_timeout
                0x000000000800b6b4       0x3c zephyr/kernel/libkernel.a(work.c.obj)
 .text.k_work_init
                0x000000000800b6f0       0x12 zephyr/kernel/libkernel.a(work.c.obj)
                0x000000000800b6f0                k_work_init
 .text.z_work_submit_to_queue
                0x000000000800b702       0x26 zephyr/kernel/libkernel.a(work.c.obj)
                0x000000000800b702                z_work_submit_to_queue
 .text.k_work_submit_to_queue
                0x000000000800b728       0x20 zephyr/kernel/libkernel.a(work.c.obj)
                0x000000000800b728                k_work_submit_to_queue
 .text.k_work_init_delayable
                0x000000000800b748       0x18 zephyr/kernel/libkernel.a(work.c.obj)
                0x000000000800b748                k_work_init_delayable
 .text.k_is_in_isr
                0x000000000800b760        0xc zephyr/kernel/libkernel.a(thread.c.obj)
                0x000000000800b760                k_is_in_isr
 .text.z_impl_k_thread_name_set
                0x000000000800b76c        0x6 zephyr/kernel/libkernel.a(thread.c.obj)
                0x000000000800b76c                z_impl_k_thread_name_set
 .text.k_thread_name_get
                0x000000000800b772        0x4 zephyr/kernel/libkernel.a(thread.c.obj)
                0x000000000800b772                k_thread_name_get
 .text.sys_dlist_remove
                0x000000000800b776       0x10 zephyr/kernel/libkernel.a(sched.c.obj)
 .text.unpend_thread_no_timeout
                0x000000000800b786       0x14 zephyr/kernel/libkernel.a(sched.c.obj)
 .text.add_to_waitq_locked
                0x000000000800b79a       0x50 zephyr/kernel/libkernel.a(sched.c.obj)
 .text.z_ready_thread
                0x000000000800b7ea       0x1e zephyr/kernel/libkernel.a(sched.c.obj)
                0x000000000800b7ea                z_ready_thread
 .text.z_unpend_thread_no_timeout
                0x000000000800b808       0x22 zephyr/kernel/libkernel.a(sched.c.obj)
                0x000000000800b808                z_unpend_thread_no_timeout
 .text.z_sched_wake_thread
                0x000000000800b82a       0x3a zephyr/kernel/libkernel.a(sched.c.obj)
                0x000000000800b82a                z_sched_wake_thread
 .text.z_thread_timeout
                0x000000000800b864        0x8 zephyr/kernel/libkernel.a(sched.c.obj)
                0x000000000800b864                z_thread_timeout
 .text.z_unpend1_no_timeout
                0x000000000800b86c       0x2c zephyr/kernel/libkernel.a(sched.c.obj)
                0x000000000800b86c                z_unpend1_no_timeout
 .text.z_impl_k_sleep
                0x000000000800b898       0x3e zephyr/kernel/libkernel.a(sched.c.obj)
                0x000000000800b898                z_impl_k_sleep
 .text.z_impl_k_usleep
                0x000000000800b8d6       0x22 zephyr/kernel/libkernel.a(sched.c.obj)
                0x000000000800b8d6                z_impl_k_usleep
 .text.z_sched_wake
                0x000000000800b8f8       0x44 zephyr/kernel/libkernel.a(sched.c.obj)
                0x000000000800b8f8                z_sched_wake
 .text.next_timeout
                0x000000000800b93c       0x2e zephyr/kernel/libkernel.a(timeout.c.obj)
 .text.z_abort_timeout
                0x000000000800b96a       0x50 zephyr/kernel/libkernel.a(timeout.c.obj)
                0x000000000800b96a                z_abort_timeout
 .text.sys_clock_tick_get_32
                0x000000000800b9ba        0x8 zephyr/kernel/libkernel.a(timeout.c.obj)
                0x000000000800b9ba                sys_clock_tick_get_32
 .text.z_impl_k_uptime_ticks
                0x000000000800b9c2        0x4 zephyr/kernel/libkernel.a(timeout.c.obj)
                0x000000000800b9c2                z_impl_k_uptime_ticks
 .text.k_timer_init
                0x000000000800b9c6       0x18 zephyr/kernel/libkernel.a(timer.c.obj)
                0x000000000800b9c6                k_timer_init
 .text.z_impl_k_timer_stop
                0x000000000800b9de       0x38 zephyr/kernel/libkernel.a(timer.c.obj)
                0x000000000800b9de                z_impl_k_timer_stop
 .text.strnlen  0x000000000800ba16       0x18 /home/viktor/zephyr-standalone/zephyr-sdk-0.16.8/arm-zephyr-eabi/bin/../lib/gcc/../../picolibc/arm-zephyr-eabi/lib/thumb/v7e-m+fp/hard/libc.a(libc_string_strnlen.c.o)
                0x000000000800ba16                strnlen
 .text.__ultoa_invert
                0x000000000800ba2e       0x50 /home/viktor/zephyr-standalone/zephyr-sdk-0.16.8/arm-zephyr-eabi/bin/../lib/gcc/../../picolibc/arm-zephyr-eabi/lib/thumb/v7e-m+fp/hard/libc.a(libc_tinystdio_vfprintf.c.o)
 .text.mulShiftAll64
                0x000000000800ba7e      0x17a /home/viktor/zephyr-standalone/zephyr-sdk-0.16.8/arm-zephyr-eabi/bin/../lib/gcc/../../picolibc/arm-zephyr-eabi/lib/thumb/v7e-m+fp/hard/libc.a(libc_tinystdio_dtoa_ryu.c.o)
 .text.__umul128
                0x000000000800bbf8       0x36 /home/viktor/zephyr-standalone/zephyr-sdk-0.16.8/arm-zephyr-eabi/bin/../lib/gcc/../../picolibc/arm-zephyr-eabi/lib/thumb/v7e-m+fp/hard/libc.a(libc_tinystdio_ryu_umul128.c.o)
                0x000000000800bbf8                __umul128
 .text.__shiftright128
                0x000000000800bc2e       0x3e /home/viktor/zephyr-standalone/zephyr-sdk-0.16.8/arm-zephyr-eabi/bin/../lib/gcc/../../picolibc/arm-zephyr-eabi/lib/thumb/v7e-m+fp/hard/libc.a(libc_tinystdio_ryu_umul128.c.o)
                0x000000000800bc2e                __shiftright128
 .text.memcpy   0x000000000800bc6c       0x1c /home/viktor/zephyr-standalone/zephyr-sdk-0.16.8/arm-zephyr-eabi/bin/../lib/gcc/../../picolibc/arm-zephyr-eabi/lib/thumb/v7e-m+fp/hard/libc.a(memcpy.c.o)
                0x000000000800bc6c                memcpy
                0x000000000800bc6c                __aeabi_memcpy
                0x000000000800bc6c                __aeabi_memcpy4
                0x000000000800bc6c                __aeabi_memcpy8
 .text.memset   0x000000000800bc88       0x10 /home/viktor/zephyr-standalone/zephyr-sdk-0.16.8/arm-zephyr-eabi/bin/../lib/gcc/../../picolibc/arm-zephyr-eabi/lib/thumb/v7e-m+fp/hard/libc.a(memset.c.o)
                0x000000000800bc88                memset
 .text.__dtox_engine
                0x000000000800bc98      0x180 /home/viktor/zephyr-standalone/zephyr-sdk-0.16.8/arm-zephyr-eabi/bin/../lib/gcc/../../picolibc/arm-zephyr-eabi/lib/thumb/v7e-m+fp/hard/libc.a(libc_tinystdio_dtox_engine.c.o)
                0x000000000800bc98                __dtox_engine
 .text.__file_str_put
                0x000000000800be18       0x10 /home/viktor/zephyr-standalone/zephyr-sdk-0.16.8/arm-zephyr-eabi/bin/../lib/gcc/../../picolibc/arm-zephyr-eabi/lib/thumb/v7e-m+fp/hard/libc.a(libc_tinystdio_filestrput.c.o)
                0x000000000800be18                __file_str_put
 *(SORT_BY_ALIGNMENT(.gnu.linkonce.t.*))
 *(SORT_BY_ALIGNMENT(.glue_7t))
 .glue_7t       0x000000000800be28        0x0 linker stubs
 *(SORT_BY_ALIGNMENT(.glue_7))
 .glue_7        0x000000000800be28        0x0 linker stubs
 *(SORT_BY_ALIGNMENT(.vfp11_veneer))
 .vfp11_veneer  0x000000000800be28        0x0 linker stubs
 *(SORT_BY_ALIGNMENT(.v4_bx))
 .v4_bx         0x000000000800be28        0x0 linker stubs
                0x000000000800be28                . = ALIGN (0x4)
                0x000000000800be28                __text_region_end = .

.ARM.exidx      0x000000000800be28        0x8