Archive member included to satisfy reference by file (symbol)

app/libapp.a(main.c.obj)      (--whole-archive)
app/libapp.a(haptic.c.obj)    (--whole-archive)
app/libapp.a(as5048a.c.obj)   (--whole-archive)
app/libapp.a(bldc_driver_6pwm.c.obj)
                              (--whole-archive)
app/libapp.a(bldc_motor.c.obj)
                              (--whole-archive)
zephyr/libzephyr.a(validate_libc.c.obj)
                              (--whole-archive)
zephyr/libzephyr.a(heap.c.obj)
                              (--whole-archive)
zephyr/libzephyr.a(cbprintf_packaged.c.obj)
                              (--whole-archive)
zephyr/libzephyr.a(clock.c.obj)
                              (--whole-archive)
zephyr/libzephyr.a(printk.c.obj)
                              (--whole-archive)
zephyr/libzephyr.a(sem.c.obj)
                              (--whole-archive)
zephyr/libzephyr.a(thread_entry.c.obj)
                              (--whole-archive)
zephyr/libzephyr.a(cbprintf_complete.c.obj)
                              (--whole-archive)
zephyr/libzephyr.a(assert.c.obj)
                              (--whole-archive)
zephyr/libzephyr.a(mpsc_pbuf.c.obj)
                              (--whole-archive)
zephyr/libzephyr.a(dec.c.obj)
                              (--whole-archive)
zephyr/libzephyr.a(hex.c.obj)
                              (--whole-archive)
zephyr/libzephyr.a(rb.c.obj)  (--whole-archive)
zephyr/libzephyr.a(timeutil.c.obj)
                              (--whole-archive)
zephyr/libzephyr.a(bitarray.c.obj)
                              (--whole-archive)
zephyr/libzephyr.a(bitmask.c.obj)
                              (--whole-archive)
zephyr/libzephyr.a(getopt.c.obj)
                              (--whole-archive)
zephyr/libzephyr.a(getopt_common.c.obj)
                              (--whole-archive)
zephyr/libzephyr.a(ring_buffer.c.obj)
                              (--whole-archive)
zephyr/libzephyr.a(last_section_id.c.obj)
                              (--whole-archive)
zephyr/libzephyr.a(configs.c.obj)
                              (--whole-archive)
zephyr/libzephyr.a(stm32cube_hal.c.obj)
                              (--whole-archive)
zephyr/libzephyr.a(soc_config.c.obj)
                              (--whole-archive)
zephyr/libzephyr.a(stm32_backup_domain.c.obj)
                              (--whole-archive)
zephyr/libzephyr.a(soc.c.obj)
                              (--whole-archive)
zephyr/libzephyr.a(log_core.c.obj)
                              (--whole-archive)
zephyr/libzephyr.a(log_mgmt.c.obj)
                              (--whole-archive)
zephyr/libzephyr.a(log_cache.c.obj)
                              (--whole-archive)
zephyr/libzephyr.a(log_msg.c.obj)
                              (--whole-archive)
zephyr/libzephyr.a(log_output.c.obj)
                              (--whole-archive)
zephyr/libzephyr.a(log_backend_uart.c.obj)
                              (--whole-archive)
zephyr/libzephyr.a(mem_attr.c.obj)
                              (--whole-archive)
zephyr/libzephyr.a(tracing_none.c.obj)
                              (--whole-archive)
zephyr/libzephyr.a(usb_device.c.obj)
                              (--whole-archive)
zephyr/libzephyr.a(usb_descriptor.c.obj)
                              (--whole-archive)
zephyr/libzephyr.a(usb_transfer.c.obj)
                              (--whole-archive)
zephyr/libzephyr.a(cdc_acm.c.obj)
                              (--whole-archive)
zephyr/libzephyr.a(usb_work_q.c.obj)
                              (--whole-archive)
zephyr/arch/common/libarch__common.a(sw_isr_common.c.obj)
                              (--whole-archive)
zephyr/arch/common/libarch__common.a(init.c.obj)
                              (--whole-archive)
zephyr/arch/common/libarch__common.a(xip.c.obj)
                              (--whole-archive)
zephyr/arch/arch/arm/core/libarch__arm__core.a(fatal.c.obj)
                              (--whole-archive)
zephyr/arch/arch/arm/core/libarch__arm__core.a(nmi.c.obj)
                              (--whole-archive)
zephyr/arch/arch/arm/core/libarch__arm__core.a(nmi_on_reset.S.obj)
                              (--whole-archive)
zephyr/arch/arch/arm/core/libarch__arm__core.a(tls.c.obj)
                              (--whole-archive)
zephyr/arch/arch/arm/core/cortex_m/libarch__arm__core__cortex_m.a(exc_exit.c.obj)
                              (--whole-archive)
zephyr/arch/arch/arm/core/cortex_m/libarch__arm__core__cortex_m.a(fault.c.obj)
                              (--whole-archive)
zephyr/arch/arch/arm/core/cortex_m/libarch__arm__core__cortex_m.a(fault_s.S.obj)
                              (--whole-archive)
zephyr/arch/arch/arm/core/cortex_m/libarch__arm__core__cortex_m.a(fpu.c.obj)
                              (--whole-archive)
zephyr/arch/arch/arm/core/cortex_m/libarch__arm__core__cortex_m.a(reset.S.obj)
                              (--whole-archive)
zephyr/arch/arch/arm/core/cortex_m/libarch__arm__core__cortex_m.a(scb.c.obj)
[...]
Memory Configuration

Name             Origin             Length             Attributes
FLASH            0x0000000008000000 0x0000000000080000 xr
RAM              0x0000000020000000 0x0000000000020000 xw
SRAM0            0x0000000020000000 0x0000000000020000 rw
IDT_LIST         0x00000000ffff7fff 0x0000000000008000 xw
*default*        0x0000000000000000 0xffffffffffffffff

Linker script and memory map

                0x0000000008009744                vfprintf = __d_vfprintf
                0x0000000000000000                vfscanf = __d_vfscanf
LOAD zephyr/CMakeFiles/zephyr_pre0.dir/misc/empty_file.c.obj
LOAD zephyr/CMakeFiles/offsets.dir/./arch/arm/core/offsets/offsets.c.obj
LOAD app/libapp.a
LOAD zephyr/libzephyr.a
LOAD zephyr/arch/common/libarch__common.a
LOAD zephyr/arch/arch/arm/core/libarch__arm__core.a
LOAD zephyr/arch/arch/arm/core/cortex_m/libarch__arm__core__cortex_m.a
LOAD zephyr/arch/arch/arm/core/mpu/libarch__arm__core__mpu.a
LOAD zephyr/lib/libc/picolibc/liblib__libc__picolibc.a
LOAD zephyr/lib/libc/common/liblib__libc__common.a
LOAD zephyr/lib/posix/c_lib_ext/liblib__posix__c_lib_ext.a
LOAD zephyr/drivers/interrupt_controller/libdrivers__interrupt_controller.a
LOAD zephyr/drivers/usb/device/libdrivers__usb__device.a
LOAD zephyr/drivers/clock_control/libdrivers__clock_control.a
LOAD zephyr/drivers/console/libdrivers__console.a
LOAD zephyr/drivers/gpio/libdrivers__gpio.a
LOAD zephyr/drivers/hwinfo/libdrivers__hwinfo.a
LOAD zephyr/drivers/pinctrl/libdrivers__pinctrl.a
LOAD zephyr/drivers/pwm/libdrivers__pwm.a
LOAD zephyr/drivers/reset/libdrivers__reset.a
LOAD zephyr/drivers/serial/libdrivers__serial.a
LOAD zephyr/drivers/spi/libdrivers__spi.a
LOAD zephyr/drivers/timer/libdrivers__timer.a
LOAD modules/cmsis-dsp/libmodules__cmsis-dsp.a
LOAD modules/hal_stm32/stm32cube/lib..__modules__hal__stm32__stm32cube.a
LOAD zephyr/kernel/libkernel.a
LOAD zephyr/arch/common/libisr_tables.a
LOAD /home/viktor/zephyr-standalone/zephyr-sdk-0.16.8/arm-zephyr-eabi/bin/../lib/gcc/../../picolibc/arm-zephyr-eabi/lib/thumb/v7e-m+fp/hard/libc.a
LOAD /home/viktor/zephyr-standalone/zephyr-sdk-0.16.8/arm-zephyr-eabi/bin/../lib/gcc/arm-zephyr-eabi/12.2.0/thumb/v7e-m+fp/hard/libgcc.a
                0x0000000000000080                _region_min_align = 0x80

.rel.plt        0x0000000008000000        0x0
 *(SORT_BY_ALIGNMENT(.rel.plt))
                [!provide]                        PROVIDE (__rel_iplt_start = .)
 *(SORT_BY_ALIGNMENT(.rel.iplt))
 .rel.iplt      0x0000000008000000        0x0 app/libapp.a(main.c.obj)
                [!provide]                        PROVIDE (__rel_iplt_end = .)

.rela.plt       0x0000000000000000        0x0
 *(SORT_BY_ALIGNMENT(.rela.plt))
                [!provide]                        PROVIDE (__rela_iplt_start = .)
 *(SORT_BY_ALIGNMENT(.rela.iplt))
                [!provide]                        PROVIDE (__rela_iplt_end = .)

.rel.dyn
 *(SORT_BY_ALIGNMENT(.rel.*))

.rela.dyn
 *(SORT_BY_ALIGNMENT(.rela.*))

/DISCARD/
 *(SORT_BY_ALIGNMENT(.plt))

/DISCARD/
 *(SORT_BY_ALIGNMENT(.iplt))
                0x0000000008000000                __rom_region_start = 0x8000000

rom_start       0x0000000008000000      0x198
                0x0000000008000000                __rom_start_address = .
 FILL mask 0x00
                0x0000000008000000                . = (. + (0x0 - (. - __rom_start_address)))
                0x0000000008000000                . = ALIGN (0x4)
                0x0000000008000000                . = ALIGN (0x80)
                0x0000000008000000                . = ALIGN (0x200)
                0x0000000008000000                _vector_start = .
 *(SORT_BY_ALIGNMENT(.exc_vector_table))
 *(SORT_BY_ALIGNMENT(.exc_vector_table.*))
 .exc_vector_table._vector_table_section
                0x0000000008000000       0x40 zephyr/arch/arch/arm/core/cortex_m/libarch__arm__core__cortex_m.a(vector_table.S.obj)
                0x0000000008000000                _vector_table
 *(SORT_BY_ALIGNMENT(.vectors))
                0x0000000008000198                _vector_end = .
                0x0000000008000040                . = ALIGN (0x4)
 *(SORT_BY_ALIGNMENT(.gnu.linkonce.irq_vector_table*))
 .gnu.linkonce.irq_vector_table
                0x0000000008000040      0x158 zephyr/arch/common/libisr_tables.a(isr_tables.c.obj)
                0x0000000008000040                _irq_vector_table
                0x0000000008000198                _vector_end = .

text            0x0000000008000198     0xe0cc
                0x0000000008000198                __text_region_start = .
 *(SORT_BY_ALIGNMENT(.text))
 .text          0x0000000008000198      0x378 /home/viktor/zephyr-standalone/zephyr-sdk-0.16.8/arm-zephyr-eabi/bin/../lib/gcc/arm-zephyr-eabi/12.2.0/thumb/v7e-m+fp/hard/libgcc.a(_arm_addsubdf3.o)
                0x0000000008000198                __aeabi_drsub
                0x00000000080001a0                __aeabi_dsub
                0x00000000080001a0                __subdf3
                0x00000000080001a4                __adddf3
                0x00000000080001a4                __aeabi_dadd
                0x000000000800041c                __aeabi_ui2d
                0x000000000800041c                __floatunsidf
                0x000000000800043c                __floatsidf
                0x000000000800043c                __aeabi_i2d
                0x0000000008000460                __extendsfdf2
                0x0000000008000460                __aeabi_f2d
                0x00000000080004a4                __aeabi_ul2d
                0x00000000080004a4                __floatundidf
                0x00000000080004b4                __floatdidf
                0x00000000080004b4                __aeabi_l2d
 .text          0x0000000008000510      0x424 /home/viktor/zephyr-standalone/zephyr-sdk-0.16.8/arm-zephyr-eabi/bin/../lib/gcc/arm-zephyr-eabi/12.2.0/thumb/v7e-m+fp/hard/libgcc.a(_arm_muldivdf3.o)
                0x0000000008000510                __aeabi_dmul
                0x0000000008000510                __muldf3
                0x0000000008000764                __aeabi_ddiv
                0x0000000008000764                __divdf3
 .text          0x0000000008000934       0xa0 /home/viktor/zephyr-standalone/zephyr-sdk-0.16.8/arm-zephyr-eabi/bin/../lib/gcc/arm-zephyr-eabi/12.2.0/thumb/v7e-m+fp/hard/libgcc.a(_arm_truncdfsf2.o)
                0x0000000008000934                __aeabi_d2f
                0x0000000008000934                __truncdfsf2
 .text          0x00000000080009d4       0x30 /home/viktor/zephyr-standalone/zephyr-sdk-0.16.8/arm-zephyr-eabi/bin/../lib/gcc/arm-zephyr-eabi/12.2.0/thumb/v7e-m+fp/hard/libgcc.a(_aeabi_uldivmod.o)
                0x00000000080009d4                __aeabi_uldivmod
 .text          0x0000000008000a04        0x4 /home/viktor/zephyr-standalone/zephyr-sdk-0.16.8/arm-zephyr-eabi/bin/../lib/gcc/arm-zephyr-eabi/12.2.0/thumb/v7e-m+fp/hard/libgcc.a(_dvmd_tls.o)
                0x0000000008000a04                __aeabi_ldiv0
                0x0000000008000a04                __aeabi_idiv0
 .text          0x0000000008000a08       0x10 /home/viktor/zephyr-standalone/zephyr-sdk-0.16.8/arm-zephyr-eabi/bin/../lib/gcc/../../picolibc/arm-zephyr-eabi/lib/thumb/v7e-m+fp/hard/libc.a(strlen.S.o)
                0x0000000008000a08                strlen
 .text          0x0000000008000a18      0x2a0 /home/viktor/zephyr-standalone/zephyr-sdk-0.16.8/arm-zephyr-eabi/bin/../lib/gcc/arm-zephyr-eabi/12.2.0/thumb/v7e-m+fp/hard/libgcc.a(_udivmoddi4.o)
                0x0000000008000a18                __udivmoddi4
 *(SORT_BY_ALIGNMENT(.text.*))
 .text.as5048a_read_angle_rad
                0x0000000008000cb8       0x48 app/libapp.a(as5048a.c.obj)
                0x0000000008000cb8                as5048a_read_angle_rad
 .text.pwm_set_dt.isra.0
                0x0000000008000d00       0x9c app/libapp.a(bldc_driver_6pwm.c.obj)
 .text.main     0x0000000008000d9c       0x54 app/libapp.a(main.c.obj)
                0x0000000008000d9c                main
 .text.gpio_pin_get_dt.constprop.0
                0x0000000008000df0       0x24 app/libapp.a(haptic.c.obj)
 .text.haptic_update_num_steps_from_button
                0x0000000008000e14       0xd0 app/libapp.a(haptic.c.obj)
                0x0000000008000e14                haptic_update_num_steps_from_button
 .text.haptic_init
                0x0000000008000ee4      0x228 app/libapp.a(haptic.c.obj)
                0x0000000008000ee4                haptic_init
 .text.haptic_loop
                0x000000000800110c      0x23c app/libapp.a(haptic.c.obj)
                0x000000000800110c                haptic_loop
 .text.as5048a_init
                0x0000000008001348       0x44 app/libapp.a(as5048a.c.obj)
                0x0000000008001348                as5048a_init
 .text.as5048a_read_raw
                0x000000000800138c       0x7c app/libapp.a(as5048a.c.obj)
                0x000000000800138c                as5048a_read_raw
 .text.sensor_get_angle
                0x0000000008001408       0x30 app/libapp.a(as5048a.c.obj)
                0x0000000008001408                sensor_get_angle
 .text.sensor_get_velocity
                0x0000000008001438        0xc app/libapp.a(as5048a.c.obj)
                0x0000000008001438                sensor_get_velocity
 .text.bldc_driver_6pwm_init_struct
                0x0000000008001444       0x50 app/libapp.a(bldc_driver_6pwm.c.obj)
                0x0000000008001444                bldc_driver_6pwm_init_struct
 .text.bldc_driver_6pwm_init_hw
                0x0000000008001494      0x140 app/libapp.a(bldc_driver_6pwm.c.obj)
                0x0000000008001494                bldc_driver_6pwm_init_hw
 .text.bldc_driver_6pwm_set_pwm
                0x00000000080015d4      0x260 app/libapp.a(bldc_driver_6pwm.c.obj)
                0x00000000080015d4                bldc_driver_6pwm_set_pwm
 .text.bldc_driver_6pwm_enable
                0x0000000008001834       0x24 app/libapp.a(bldc_driver_6pwm.c.obj)
                0x0000000008001834                bldc_driver_6pwm_enable
 .text.bldc_driver_6pwm_disable
                0x0000000008001858       0x20 app/libapp.a(bldc_driver_6pwm.c.obj)
                0x0000000008001858                bldc_driver_6pwm_disable
 .text.lowpass_filter_operator
                0x0000000008001878       0x74 app/libapp.a(bldc_motor.c.obj)
                0x0000000008001878                lowpass_filter_operator
 .text.bldc_motor_init_struct
                0x00000000080018ec       0xf0 app/libapp.a(bldc_motor.c.obj)
                0x00000000080018ec                bldc_motor_init_struct
 .text.bldc_motor_shaft_angle
                0x00000000080019dc       0x34 app/libapp.a(bldc_motor.c.obj)
                0x00000000080019dc                bldc_motor_shaft_angle
 .text.bldc_motor_shaft_velocity
                0x0000000008001a10       0x38 app/libapp.a(bldc_motor.c.obj)
                0x0000000008001a10                bldc_motor_shaft_velocity
 .text.bldc_motor_electrical_angle
                0x0000000008001a48       0x50 app/libapp.a(bldc_motor.c.obj)
                0x0000000008001a48                bldc_motor_electrical_angle
 .text.bldc_motor_disable
                0x0000000008001a98       0x30 app/libapp.a(bldc_motor.c.obj)
                0x0000000008001a98                bldc_motor_disable
 .text.bldc_motor_enable
                0x0000000008001ac8       0x50 app/libapp.a(bldc_motor.c.obj)
                0x0000000008001ac8                bldc_motor_enable
 .text.bldc_motor_init
                0x0000000008001b18       0xc4 app/libapp.a(bldc_motor.c.obj)
                0x0000000008001b18                bldc_motor_init
 .text.bldc_motor_set_phase_voltage
                0x0000000008001bdc       0xc0 app/libapp.a(bldc_motor.c.obj)
                0x0000000008001bdc                bldc_motor_set_phase_voltage
 .text.bldc_motor_init_foc
                0x0000000008001c9c      0x288 app/libapp.a(bldc_motor.c.obj)
                0x0000000008001c9c                bldc_motor_init_foc
 .text.bldc_motor_move
                0x0000000008001f24       0xe8 app/libapp.a(bldc_motor.c.obj)
                0x0000000008001f24                bldc_motor_move
 .text.cbvprintf_package
                0x000000000800200c      0x3a4 zephyr/libzephyr.a(cbprintf_packaged.c.obj)
                0x000000000800200c                cbvprintf_package
 .text.cbprintf_package_convert
                0x00000000080023b0      0x3cc zephyr/libzephyr.a(cbprintf_packaged.c.obj)
                0x00000000080023b0                cbprintf_package_convert
 .text.__printk_hook_install
                0x000000000800277c        0xc zephyr/libzephyr.a(printk.c.obj)
                0x000000000800277c                __printk_hook_install
 .text.z_thread_entry
                0x0000000008002788       0x34 zephyr/libzephyr.a(thread_entry.c.obj)
                0x0000000008002788                z_thread_entry
 .text.st_stm32_common_config
                0x00000000080027bc       0x14 zephyr/libzephyr.a(soc_config.c.obj)
 .text.soc_early_init_hook
                0x00000000080027d0       0x30 zephyr/libzephyr.a(soc.c.obj)
                0x00000000080027d0                soc_early_init_hook
 .text.activate_foreach_backend
                0x0000000008002800       0x64 zephyr/libzephyr.a(log_core.c.obj)
 .text.enable_logger
                0x0000000008002864       0x5c zephyr/libzephyr.a(log_core.c.obj)
 .text.log_process_thread_timer_expiry_fn
                0x00000000080028c0        0xc zephyr/libzephyr.a(log_core.c.obj)
 .text.z_log_init
                0x00000000080028cc       0x94 zephyr/libzephyr.a(log_core.c.obj)
 .text.log_format_func_t_get
                0x0000000008002960        0xc zephyr/libzephyr.a(log_core.c.obj)
                0x0000000008002960                log_format_func_t_get
 .text.log_set_timestamp_func
                0x000000000800296c       0x20 zephyr/libzephyr.a(log_core.c.obj)
                0x000000000800296c                log_set_timestamp_func
 .text.z_log_notify_backend_enabled
                0x000000000800298c       0x1c zephyr/libzephyr.a(log_core.c.obj)
                0x000000000800298c                z_log_notify_backend_enabled
 .text.z_log_dropped
                0x00000000080029a8       0x44 zephyr/libzephyr.a(log_core.c.obj)
                0x00000000080029a8                z_log_dropped
 .text.z_log_dropped_read_and_clear
                0x00000000080029ec       0x20 zephyr/libzephyr.a(log_core.c.obj)
                0x00000000080029ec                z_log_dropped_read_and_clear
 .text.dropped_notify
                0x0000000008002a0c       0x30 zephyr/libzephyr.a(log_core.c.obj)
                0x0000000008002a0c                dropped_notify
 .text.z_log_msg_init
                0x0000000008002a3c       0x20 zephyr/libzephyr.a(log_core.c.obj)
                0x0000000008002a3c                z_log_msg_init
 .text.log_core_init
                0x0000000008002a5c       0x50 zephyr/libzephyr.a(log_core.c.obj)
                0x0000000008002a5c                log_core_init
 .text.z_log_msg_alloc
                0x0000000008002aac       0x10 zephyr/libzephyr.a(log_core.c.obj)
                0x0000000008002aac                z_log_msg_alloc
 .text.z_log_msg_local_claim
                0x0000000008002abc        0xc zephyr/libzephyr.a(log_core.c.obj)
                0x0000000008002abc                z_log_msg_local_claim
 .text.z_log_msg_free
                0x0000000008002ac8       0x10 zephyr/libzephyr.a(log_core.c.obj)
                0x0000000008002ac8                z_log_msg_free
 .text.z_log_msg_pending
                0x0000000008002ad8        0xc zephyr/libzephyr.a(log_core.c.obj)
                0x0000000008002ad8                z_log_msg_pending
 .text.z_impl_log_process
                0x0000000008002ae4       0xb4 zephyr/libzephyr.a(log_core.c.obj)
                0x0000000008002ae4                z_impl_log_process
 .text.z_impl_log_panic
                0x0000000008002b98       0x44 zephyr/libzephyr.a(log_core.c.obj)
                0x0000000008002b98                z_impl_log_panic
 .text.log_process_thread_func
                0x0000000008002bdc       0xa4 zephyr/libzephyr.a(log_core.c.obj)
 .text.z_log_msg_post_finalize
                0x0000000008002c80       0x78 zephyr/libzephyr.a(log_core.c.obj)
 .text.z_log_msg_commit
                0x0000000008002cf8       0x24 zephyr/libzephyr.a(log_core.c.obj)
                0x0000000008002cf8                z_log_msg_commit
 .text.log_source_name_get
                0x0000000008002d1c       0x1c zephyr/libzephyr.a(log_mgmt.c.obj)
                0x0000000008002d1c                log_source_name_get
 .text.z_impl_z_log_msg_static_create
                0x0000000008002d38      0x108 zephyr/libzephyr.a(log_msg.c.obj)
                0x0000000008002d38                z_impl_z_log_msg_static_create
 .text.z_log_msg_runtime_vcreate
                0x0000000008002e40       0xa0 zephyr/libzephyr.a(log_msg.c.obj)
                0x0000000008002e40                z_log_msg_runtime_vcreate
 .text.log_msg_get_source_id
                0x0000000008002ee0       0x18 zephyr/libzephyr.a(log_msg.c.obj)
                0x0000000008002ee0                log_msg_get_source_id
 .text.print_formatted
                0x0000000008002ef8       0x24 zephyr/libzephyr.a(log_output.c.obj)
 .text.newline_print
                0x0000000008002f1c       0x1c zephyr/libzephyr.a(log_output.c.obj)
 .text.log_output_process
                0x0000000008002f38      0x2d8 zephyr/libzephyr.a(log_output.c.obj)
                0x0000000008002f38                log_output_process
 .text.log_output_dropped_process
                0x0000000008003210       0x58 zephyr/libzephyr.a(log_output.c.obj)
                0x0000000008003210                log_output_dropped_process
 .text.log_output_timestamp_freq_set
                0x0000000008003268       0x2c zephyr/libzephyr.a(log_output.c.obj)
                0x0000000008003268                log_output_timestamp_freq_set
 .text.char_out
                0x0000000008003294       0x24 zephyr/libzephyr.a(log_backend_uart.c.obj)
 .text.mem_attr_get_regions
                0x00000000080032b8        0xc zephyr/libzephyr.a(mem_attr.c.obj)
                0x00000000080032b8                mem_attr_get_regions
 .text.class_handler
                0x00000000080032c4       0x44 zephyr/libzephyr.a(usb_device.c.obj)
 .text.custom_handler
                0x0000000008003308       0x64 zephyr/libzephyr.a(usb_device.c.obj)
 .text.vendor_handler
                0x000000000800336c       0x3c zephyr/libzephyr.a(usb_device.c.obj)
 .text.usb_reset_alt_setting
                0x00000000080033a8       0x10 zephyr/libzephyr.a(usb_device.c.obj)
 .text.is_ep_valid.part.0
                0x00000000080033b8       0x38 zephyr/libzephyr.a(usb_device.c.obj)
 .text.usb_halt_endpoint_req
                0x00000000080033f0       0x7c zephyr/libzephyr.a(usb_device.c.obj)
 .text.get_ep_bm_from_addr.part.0
                0x000000000800346c       0x1c zephyr/libzephyr.a(usb_device.c.obj)
 .text.disable_endpoint
                0x0000000008003488       0x58 zephyr/libzephyr.a(usb_device.c.obj)
 .text.usb_handle_request.constprop.0
                0x00000000080034e0       0x2c zephyr/libzephyr.a(usb_device.c.obj)
 .text.forward_status_cb
                0x000000000800350c       0xb0 zephyr/libzephyr.a(usb_device.c.obj)
 .text.set_endpoint
                0x00000000080035bc       0xcc zephyr/libzephyr.a(usb_device.c.obj)
 .text.usb_handle_standard_request
                0x0000000008003688      0x2f4 zephyr/libzephyr.a(usb_device.c.obj)
 .text.usb_write
                0x000000000800397c       0x4c zephyr/libzephyr.a(usb_device.c.obj)
                0x000000000800397c                usb_write
 .text.usb_data_to_host
                0x00000000080039c8       0x60 zephyr/libzephyr.a(usb_device.c.obj)
 .text.usb_handle_control_transfer
                0x0000000008003a28       0xf4 zephyr/libzephyr.a(usb_device.c.obj)
 .text.usb_set_config
                0x0000000008003b1c       0x2c zephyr/libzephyr.a(usb_device.c.obj)
                0x0000000008003b1c                usb_set_config
 .text.usb_enable
                0x0000000008003b48      0x160 zephyr/libzephyr.a(usb_device.c.obj)
                0x0000000008003b48                usb_enable
 .text.usb_update_sn_string_descriptor
                0x0000000008003ca8       0x88 zephyr/libzephyr.a(usb_descriptor.c.obj)
                0x0000000008003ca8                usb_update_sn_string_descriptor
 .text.usb_get_device_descriptor
                0x0000000008003d30      0x260 zephyr/libzephyr.a(usb_descriptor.c.obj)
                0x0000000008003d30                usb_get_device_descriptor
 .text.usb_ep_get_transfer
                0x0000000008003f90       0x2c zephyr/libzephyr.a(usb_transfer.c.obj)
 .text.usb_transfer_work
                0x0000000008003fbc      0x118 zephyr/libzephyr.a(usb_transfer.c.obj)
 .text.usb_transfer_ep_callback
                0x00000000080040d4       0x6c zephyr/libzephyr.a(usb_transfer.c.obj)
                0x00000000080040d4                usb_transfer_ep_callback
 .text.usb_transfer
                0x0000000008004140      0x118 zephyr/libzephyr.a(usb_transfer.c.obj)
                0x0000000008004140                usb_transfer
 .text.usb_cancel_transfer
                0x0000000008004258       0x3c zephyr/libzephyr.a(usb_transfer.c.obj)
                0x0000000008004258                usb_cancel_transfer
 .text.usb_cancel_transfers
                0x0000000008004294       0x44 zephyr/libzephyr.a(usb_transfer.c.obj)
                0x0000000008004294                usb_cancel_transfers
 .text.usb_transfer_init
                0x00000000080042d8       0x34 zephyr/libzephyr.a(usb_transfer.c.obj)
                0x00000000080042d8                usb_transfer_init
 .text.cdc_acm_irq_rx_enable
                0x000000000800430c       0x20 zephyr/libzephyr.a(cdc_acm.c.obj)
 .text.cdc_acm_irq_tx_enable
                0x000000000800432c       0x20 zephyr/libzephyr.a(cdc_acm.c.obj)
 .text.cdc_acm_fifo_fill
                0x000000000800434c       0x3c zephyr/libzephyr.a(cdc_acm.c.obj)
 .text.cdc_acm_write_cb
                0x0000000008004388       0x54 zephyr/libzephyr.a(cdc_acm.c.obj)
 .text.cdc_acm_class_handle_req
                0x00000000080043dc       0x64 zephyr/libzephyr.a(cdc_acm.c.obj)
                0x00000000080043dc                cdc_acm_class_handle_req
 .text.cdc_acm_int_in
                0x0000000008004440       0x18 zephyr/libzephyr.a(cdc_acm.c.obj)
 .text.cdc_acm_reset_port
                0x0000000008004458       0x3c zephyr/libzephyr.a(cdc_acm.c.obj)
 .text.cdc_acm_init
                0x0000000008004494       0x48 zephyr/libzephyr.a(cdc_acm.c.obj)
 .text.cdc_acm_send_notification.isra.0
                0x00000000080044dc       0x44 zephyr/libzephyr.a(cdc_acm.c.obj)
 .text.cdc_acm_poll_out
                0x0000000008004520       0x84 zephyr/libzephyr.a(cdc_acm.c.obj)
 .text.tx_work_handler
                0x00000000080045a4       0x78 zephyr/libzephyr.a(cdc_acm.c.obj)
 .text.cdc_acm_read_cb
                0x000000000800461c       0x74 zephyr/libzephyr.a(cdc_acm.c.obj)
 .text.cdc_acm_dev_status_cb
                0x0000000008004690       0x84 zephyr/libzephyr.a(cdc_acm.c.obj)
 .text.z_usb_work_q_init
                0x0000000008004714       0x34 zephyr/libzephyr.a(usb_work_q.c.obj)
 .text.arch_bss_zero
                0x0000000008004748       0x18 zephyr/arch/common/libarch__common.a(init.c.obj)
                0x0000000008004748                arch_bss_zero
 .text.arch_data_copy
                0x0000000008004760       0x38 zephyr/arch/common/libarch__common.a(xip.c.obj)
                0x0000000008004760                arch_data_copy
 .text.z_arm_fatal_error
                0x0000000008004798      0x120 zephyr/arch/arch/arm/core/libarch__arm__core.a(fatal.c.obj)
                0x0000000008004798                z_arm_fatal_error
 .text.z_SysNmiOnReset
                0x00000000080048b8        0x8 zephyr/arch/arch/arm/core/libarch__arm__core.a(nmi_on_reset.S.obj)
                0x00000000080048b8                z_SysNmiOnReset
 .text.arch_tls_stack_setup
                0x00000000080048c0       0x40 zephyr/arch/arch/arm/core/libarch__arm__core.a(tls.c.obj)
                0x00000000080048c0                arch_tls_stack_setup
 .text._HandlerModeExit
                0x0000000008004900       0x20 zephyr/arch/arch/arm/core/cortex_m/libarch__arm__core__cortex_m.a(exc_exit.c.obj)
                0x0000000008004900                z_arm_exc_exit
                0x0000000008004900                z_arm_int_exit
 .text.bus_fault.constprop.0
                0x0000000008004920       0xd0 zephyr/arch/arch/arm/core/cortex_m/libarch__arm__core__cortex_m.a(fault.c.obj)
 .text.usage_fault.constprop.0
                0x00000000080049f0       0xa8 zephyr/arch/arch/arm/core/cortex_m/libarch__arm__core__cortex_m.a(fault.c.obj)
 .text.mem_manage_fault
                0x0000000008004a98      0x104 zephyr/arch/arch/arm/core/cortex_m/libarch__arm__core__cortex_m.a(fault.c.obj)
 .text.z_arm_fault
                0x0000000008004b9c      0x1c8 zephyr/arch/arch/arm/core/cortex_m/libarch__arm__core__cortex_m.a(fault.c.obj)
                0x0000000008004b9c                z_arm_fault
 .text.z_arm_fault_init
                0x0000000008004d64       0x18 zephyr/arch/arch/arm/core/cortex_m/libarch__arm__core__cortex_m.a(fault.c.obj)
                0x0000000008004d64                z_arm_fault_init
 .text.__fault  0x0000000008004d7c       0x14 zephyr/arch/arch/arm/core/cortex_m/libarch__arm__core__cortex_m.a(fault_s.S.obj)
                0x0000000008004d7c                z_arm_bus_fault
                0x0000000008004d7c                z_arm_usage_fault
                0x0000000008004d7c                z_arm_mpu_fault
                0x0000000008004d7c                z_arm_exc_spurious
                0x0000000008004d7c                z_arm_debug_monitor
                0x0000000008004d7c                z_arm_hard_fault
 .text._reset_section
                0x0000000008004d90       0x34 zephyr/arch/arch/arm/core/cortex_m/libarch__arm__core__cortex_m.a(reset.S.obj)
                0x0000000008004d90                z_arm_reset
                0x0000000008004d90                __start
 .text.z_impl_k_thread_abort
                0x0000000008004dc4       0x2c zephyr/arch/arch/arm/core/cortex_m/libarch__arm__core__cortex_m.a(thread_abort.c.obj)
                0x0000000008004dc4                z_impl_k_thread_abort
 .text.z_arm_pendsv
                0x0000000008004df0       0x9c zephyr/arch/arch/arm/core/cortex_m/libarch__arm__core__cortex_m.a(swap_helper.S.obj)
                0x0000000008004df0                z_arm_pendsv
 .text.z_arm_svc
                0x0000000008004e8c       0x24 zephyr/arch/arch/arm/core/cortex_m/libarch__arm__core__cortex_m.a(swap_helper.S.obj)
                0x0000000008004e8c                z_arm_svc
 .text.arm_irq_enable
                0x0000000008004eb0       0x1c zephyr/arch/arch/arm/core/cortex_m/libarch__arm__core__cortex_m.a(irq_manage.c.obj)
                0x0000000008004eb0                arm_irq_enable
 .text.arm_irq_disable
                0x0000000008004ecc       0x28 zephyr/arch/arch/arm/core/cortex_m/libarch__arm__core__cortex_m.a(irq_manage.c.obj)
                0x0000000008004ecc                arm_irq_disable
 .text.arm_irq_priority_set
                0x0000000008004ef4       0x30 zephyr/arch/arch/arm/core/cortex_m/libarch__arm__core__cortex_m.a(irq_manage.c.obj)
                0x0000000008004ef4                arm_irq_priority_set
 .text.relocate_vector_table
                0x0000000008004f24       0x1c zephyr/arch/arch/arm/core/cortex_m/libarch__arm__core__cortex_m.a(prep_c.c.obj)
                0x0000000008004f24                relocate_vector_table
 .text.z_prep_c
                0x0000000008004f40       0x4c zephyr/arch/arch/arm/core/cortex_m/libarch__arm__core__cortex_m.a(prep_c.c.obj)
                0x0000000008004f40                z_prep_c
 .text.arch_new_thread
                0x0000000008004f8c       0x40 zephyr/arch/arch/arm/core/cortex_m/libarch__arm__core__cortex_m.a(thread.c.obj)
                0x0000000008004f8c                arch_new_thread
 .text.z_arm_mpu_stack_guard_and_fpu_adjust
                0x0000000008004fcc       0x54 zephyr/arch/arch/arm/core/cortex_m/libarch__arm__core__cortex_m.a(thread.c.obj)
                0x0000000008004fcc                z_arm_mpu_stack_guard_and_fpu_adjust
 .text.z_check_thread_stack_fail
                0x0000000008005020       0x2c zephyr/arch/arch/arm/core/cortex_m/libarch__arm__core__cortex_m.a(thread.c.obj)
                0x0000000008005020                z_check_thread_stack_fail
 .text.arch_float_disable
                0x000000000800504c       0x48 zephyr/arch/arch/arm/core/cortex_m/libarch__arm__core__cortex_m.a(thread.c.obj)
                0x000000000800504c                arch_float_disable
 .text.arch_switch_to_main_thread
                0x0000000008005094       0x58 zephyr/arch/arch/arm/core/cortex_m/libarch__arm__core__cortex_m.a(thread.c.obj)
                0x0000000008005094                arch_switch_to_main_thread
 .text.z_arm_cpu_idle_init
                0x00000000080050ec        0xc zephyr/arch/arch/arm/core/cortex_m/libarch__arm__core__cortex_m.a(cpu_idle.c.obj)
                0x00000000080050ec                z_arm_cpu_idle_init
 .text.z_arm_interrupt_init
                0x00000000080050f8       0x18 zephyr/arch/arch/arm/core/cortex_m/libarch__arm__core__cortex_m.a(irq_init.c.obj)
                0x00000000080050f8                z_arm_interrupt_init
 .text._isr_wrapper
                0x0000000008005110       0x24 zephyr/arch/arch/arm/core/cortex_m/libarch__arm__core__cortex_m.a(isr_wrapper.c.obj)
                0x0000000008005110                _isr_wrapper
 .text.__aeabi_read_tp
                0x0000000008005134        0xc zephyr/arch/arch/arm/core/cortex_m/libarch__arm__core__cortex_m.a(__aeabi_read_tp.S.obj)
                0x0000000008005134                __aeabi_read_tp
 .text.z_arm_configure_static_mpu_regions
                0x0000000008005140       0x18 zephyr/arch/arch/arm/core/mpu/libarch__arm__core__mpu.a(arm_core_mpu.c.obj)
                0x0000000008005140                z_arm_configure_static_mpu_regions
 .text.z_arm_configure_dynamic_mpu_regions
                0x0000000008005158       0x2c zephyr/arch/arch/arm/core/mpu/libarch__arm__core__mpu.a(arm_core_mpu.c.obj)
                0x0000000008005158                z_arm_configure_dynamic_mpu_regions
 .text.region_allocate_and_init
                0x0000000008005184       0x54 zephyr/arch/arch/arm/core/mpu/libarch__arm__core__mpu.a(arm_mpu.c.obj)
 .text.mpu_configure_regions
                0x00000000080051d8       0x68 zephyr/arch/arch/arm/core/mpu/libarch__arm__core__mpu.a(arm_mpu.c.obj)
 .text.arm_core_mpu_enable
                0x0000000008005240       0x18 zephyr/arch/arch/arm/core/mpu/libarch__arm__core__mpu.a(arm_mpu.c.obj)
                0x0000000008005240                arm_core_mpu_enable
 .text.arm_core_mpu_disable
                0x0000000008005258       0x14 zephyr/arch/arch/arm/core/mpu/libarch__arm__core__mpu.a(arm_mpu.c.obj)
                0x0000000008005258                arm_core_mpu_disable
 .text.arm_core_mpu_configure_static_mpu_regions
                0x000000000800526c       0x14 zephyr/arch/arch/arm/core/mpu/libarch__arm__core__mpu.a(arm_mpu.c.obj)
                0x000000000800526c                arm_core_mpu_configure_static_mpu_regions
 .text.arm_core_mpu_configure_dynamic_mpu_regions
                0x0000000008005280       0x38 zephyr/arch/arch/arm/core/mpu/libarch__arm__core__mpu.a(arm_mpu.c.obj)
                0x0000000008005280                arm_core_mpu_configure_dynamic_mpu_regions
 .text.z_arm_mpu_init
                0x00000000080052b8      0x198 zephyr/arch/arch/arm/core/mpu/libarch__arm__core__mpu.a(arm_mpu.c.obj)
                0x00000000080052b8                z_arm_mpu_init
 .text.cbvprintf
                0x0000000008005450       0x38 zephyr/lib/libc/picolibc/liblib__libc__picolibc.a(cbprintf.c.obj)
                0x0000000008005450                cbvprintf
 .text.z_impl_zephyr_fputc
                0x0000000008005488       0x10 zephyr/lib/libc/picolibc/liblib__libc__picolibc.a(stdio.c.obj)
                0x0000000008005488                z_impl_zephyr_fputc
 .text.__stdout_hook_install
                0x0000000008005498       0x18 zephyr/lib/libc/picolibc/liblib__libc__picolibc.a(stdio.c.obj)
                0x0000000008005498                __stdout_hook_install
 .text.malloc_prepare
                0x00000000080054b0       0x24 zephyr/lib/libc/common/liblib__libc__common.a(malloc.c.obj)
 .text.stm32_exti_init
                0x00000000080054d4       0x50 zephyr/drivers/interrupt_controller/libdrivers__interrupt_controller.a(intc_exti_stm32.c.obj)
 .text.stm32_exti_is_pending
                0x0000000008005524       0x38 zephyr/drivers/interrupt_controller/libdrivers__interrupt_controller.a(intc_exti_stm32.c.obj)
                0x0000000008005524                stm32_exti_is_pending
 .text.stm32_exti_clear_pending
                0x000000000800555c       0x34 zephyr/drivers/interrupt_controller/libdrivers__interrupt_controller.a(intc_exti_stm32.c.obj)
                0x000000000800555c                stm32_exti_clear_pending
 .text.stm32_fill_irq_table
                0x0000000008005590       0x18 zephyr/drivers/interrupt_controller/libdrivers__interrupt_controller.a(intc_gpio_stm32.c.obj)
 .text.stm32_intc_gpio_isr
                0x00000000080055a8       0x4c zephyr/drivers/interrupt_controller/libdrivers__interrupt_controller.a(intc_gpio_stm32.c.obj)
 .text.stm32_gpio_intc_enable_line
                0x00000000080055f4       0x2c zephyr/drivers/interrupt_controller/libdrivers__interrupt_controller.a(intc_gpio_stm32.c.obj)
                0x00000000080055f4                stm32_gpio_intc_enable_line
 .text.stm32_gpio_intc_disable_line
                0x0000000008005620       0x10 zephyr/drivers/interrupt_controller/libdrivers__interrupt_controller.a(intc_gpio_stm32.c.obj)
                0x0000000008005620                stm32_gpio_intc_disable_line
 .text.stm32_gpio_intc_select_line_trigger
                0x0000000008005630       0x50 zephyr/drivers/interrupt_controller/libdrivers__interrupt_controller.a(intc_gpio_stm32.c.obj)
                0x0000000008005630                stm32_gpio_intc_select_line_trigger
 .text.stm32_gpio_intc_set_irq_callback
                0x0000000008005680       0x40 zephyr/drivers/interrupt_controller/libdrivers__interrupt_controller.a(intc_gpio_stm32.c.obj)
                0x0000000008005680                stm32_gpio_intc_set_irq_callback
 .text.stm32_gpio_intc_remove_irq_callback
                0x00000000080056c0       0x24 zephyr/drivers/interrupt_controller/libdrivers__interrupt_controller.a(intc_gpio_stm32.c.obj)
                0x00000000080056c0                stm32_gpio_intc_remove_irq_callback
 .text.stm32_exti_get_line_src_port
                0x00000000080056e4       0x30 zephyr/drivers/interrupt_controller/libdrivers__interrupt_controller.a(intc_gpio_stm32.c.obj)
                0x00000000080056e4                stm32_exti_get_line_src_port
 .text.usb_dc_stm32_get_ep_state
                0x0000000008005714       0x28 zephyr/drivers/usb/device/libdrivers__usb__device.a(usb_dc_stm32.c.obj)
 .text.usb_dc_stm32_isr
                0x000000000800573c        0xc zephyr/drivers/usb/device/libdrivers__usb__device.a(usb_dc_stm32.c.obj)
 .text.usb_dc_ep_read_continue.part.0
                0x0000000008005748       0x1c zephyr/drivers/usb/device/libdrivers__usb__device.a(usb_dc_stm32.c.obj)
 .text.usb_dc_ep_get_read_count.part.0
                0x0000000008005764       0x1c zephyr/drivers/usb/device/libdrivers__usb__device.a(usb_dc_stm32.c.obj)
 .text.usb_dc_attach
                0x0000000008005780      0x198 zephyr/drivers/usb/device/libdrivers__usb__device.a(usb_dc_stm32.c.obj)
                0x0000000008005780                usb_dc_attach
 .text.usb_dc_set_status_callback
                0x0000000008005918        0xc zephyr/drivers/usb/device/libdrivers__usb__device.a(usb_dc_stm32.c.obj)
                0x0000000008005918                usb_dc_set_status_callback
 .text.usb_dc_set_address
                0x0000000008005924       0x30 zephyr/drivers/usb/device/libdrivers__usb__device.a(usb_dc_stm32.c.obj)
                0x0000000008005924                usb_dc_set_address
 .text.usb_dc_ep_start_read
                0x0000000008005954       0x64 zephyr/drivers/usb/device/libdrivers__usb__device.a(usb_dc_stm32.c.obj)
                0x0000000008005954                usb_dc_ep_start_read
 .text.usb_dc_ep_get_read_count
                0x00000000080059b8       0x24 zephyr/drivers/usb/device/libdrivers__usb__device.a(usb_dc_stm32.c.obj)
                0x00000000080059b8                usb_dc_ep_get_read_count
 .text.usb_dc_ep_check_cap
                0x00000000080059dc       0x30 zephyr/drivers/usb/device/libdrivers__usb__device.a(usb_dc_stm32.c.obj)
                0x00000000080059dc                usb_dc_ep_check_cap
 .text.usb_dc_ep_set_stall
                0x0000000008005a0c       0x44 zephyr/drivers/usb/device/libdrivers__usb__device.a(usb_dc_stm32.c.obj)
                0x0000000008005a0c                usb_dc_ep_set_stall
 .text.usb_dc_ep_clear_stall
                0x0000000008005a50       0x4c zephyr/drivers/usb/device/libdrivers__usb__device.a(usb_dc_stm32.c.obj)
                0x0000000008005a50                usb_dc_ep_clear_stall
 .text.usb_dc_ep_enable
                0x0000000008005a9c       0x60 zephyr/drivers/usb/device/libdrivers__usb__device.a(usb_dc_stm32.c.obj)
                0x0000000008005a9c                usb_dc_ep_enable
 .text.usb_dc_ep_disable
                0x0000000008005afc       0x5c zephyr/drivers/usb/device/libdrivers__usb__device.a(usb_dc_stm32.c.obj)
                0x0000000008005afc                usb_dc_ep_disable
 .text.usb_dc_ep_write
                0x0000000008005b58       0xd4 zephyr/drivers/usb/device/libdrivers__usb__device.a(usb_dc_stm32.c.obj)
                0x0000000008005b58                usb_dc_ep_write
 .text.usb_dc_ep_read_wait
                0x0000000008005c2c       0x90 zephyr/drivers/usb/device/libdrivers__usb__device.a(usb_dc_stm32.c.obj)
                0x0000000008005c2c                usb_dc_ep_read_wait
 .text.usb_dc_ep_read_continue
                0x0000000008005cbc       0x38 zephyr/drivers/usb/device/libdrivers__usb__device.a(usb_dc_stm32.c.obj)
                0x0000000008005cbc                usb_dc_ep_read_continue
 .text.HAL_PCD_ResetCallback
                0x0000000008005cf4       0x54 zephyr/drivers/usb/device/libdrivers__usb__device.a(usb_dc_stm32.c.obj)
                0x0000000008005cf4                HAL_PCD_ResetCallback
 .text.HAL_PCD_ConnectCallback
                0x0000000008005d48       0x14 zephyr/drivers/usb/device/libdrivers__usb__device.a(usb_dc_stm32.c.obj)
                0x0000000008005d48                HAL_PCD_ConnectCallback
 .text.HAL_PCD_DisconnectCallback
                0x0000000008005d5c       0x14 zephyr/drivers/usb/device/libdrivers__usb__device.a(usb_dc_stm32.c.obj)
                0x0000000008005d5c                HAL_PCD_DisconnectCallback
 .text.HAL_PCD_SuspendCallback
                0x0000000008005d70       0x14 zephyr/drivers/usb/device/libdrivers__usb__device.a(usb_dc_stm32.c.obj)
                0x0000000008005d70                HAL_PCD_SuspendCallback
 .text.HAL_PCD_ResumeCallback
                0x0000000008005d84       0x14 zephyr/drivers/usb/device/libdrivers__usb__device.a(usb_dc_stm32.c.obj)
                0x0000000008005d84                HAL_PCD_ResumeCallback
 .text.HAL_PCD_SetupStageCallback
                0x0000000008005d98       0x4c zephyr/drivers/usb/device/libdrivers__usb__device.a(usb_dc_stm32.c.obj)
                0x0000000008005d98                HAL_PCD_SetupStageCallback
 .text.stm32_clock_control_get_subsys_rate
                0x0000000008005de4      0x100 zephyr/drivers/clock_control/libdrivers__clock_control.a(clock_stm32_ll_common.c.obj)
 .text.enabled_clock
                0x0000000008005ee4       0x20 zephyr/drivers/clock_control/libdrivers__clock_control.a(clock_stm32_ll_common.c.obj)
                0x0000000008005ee4                enabled_clock
 .text.stm32_clock_control_init
                0x0000000008005f04      0x13c zephyr/drivers/clock_control/libdrivers__clock_control.a(clock_stm32_ll_common.c.obj)
                0x0000000008005f04                stm32_clock_control_init
 .text.get_pllsrc_frequency
                0x0000000008006040        0x8 zephyr/drivers/clock_control/libdrivers__clock_control.a(clock_stm32f2_f4_f7.c.obj)
                0x0000000008006040                get_pllsrc_frequency
 .text.config_pll_sysclock
                0x0000000008006048       0x38 zephyr/drivers/clock_control/libdrivers__clock_control.a(clock_stm32f2_f4_f7.c.obj)
                0x0000000008006048                config_pll_sysclock
 .text.config_enable_default_clocks
                0x0000000008006080       0x20 zephyr/drivers/clock_control/libdrivers__clock_control.a(clock_stm32f2_f4_f7.c.obj)
                0x0000000008006080                config_enable_default_clocks
 .text.uart_console_init
                0x00000000080060a0       0x28 zephyr/drivers/console/libdrivers__console.a(uart_console.c.obj)
 .text.console_out
                0x00000000080060c8       0x28 zephyr/drivers/console/libdrivers__console.a(uart_console.c.obj)
 .text.gpio_stm32_pin_interrupt_configure
                0x00000000080060f0       0xb0 zephyr/drivers/gpio/libdrivers__gpio.a(gpio_stm32.c.obj)
 .text.gpio_stm32_init
                0x00000000080061a0       0x38 zephyr/drivers/gpio/libdrivers__gpio.a(gpio_stm32.c.obj)
 .text.z_impl_hwinfo_get_device_id
                0x00000000080061d8       0x38 zephyr/drivers/hwinfo/libdrivers__hwinfo.a(hwinfo_stm32.c.obj)
                0x00000000080061d8                z_impl_hwinfo_get_device_id
 .text.pinctrl_configure_pins
                0x0000000008006210       0x84 zephyr/drivers/pinctrl/libdrivers__pinctrl.a(pinctrl_stm32.c.obj)
                0x0000000008006210                pinctrl_configure_pins
 .text.pwm_stm32_set_cycles
                0x0000000008006294      0x26c zephyr/drivers/pwm/libdrivers__pwm.a(pwm_stm32.c.obj)
 .text.pwm_stm32_init
                0x0000000008006500      0x1f8 zephyr/drivers/pwm/libdrivers__pwm.a(pwm_stm32.c.obj)
 .text.uart_stm32_irq_err_enable
                0x00000000080066f8       0x58 zephyr/drivers/serial/libdrivers__serial.a(uart_stm32.c.obj)
 .text.uart_stm32_irq_err_disable
                0x0000000008006750       0x58 zephyr/drivers/serial/libdrivers__serial.a(uart_stm32.c.obj)
 .text.uart_stm32_set_baudrate
                0x00000000080067a8       0xc0 zephyr/drivers/serial/libdrivers__serial.a(uart_stm32.c.obj)
 .text.uart_stm32_parameters_set
                0x0000000008006868      0x100 zephyr/drivers/serial/libdrivers__serial.a(uart_stm32.c.obj)
 .text.uart_stm32_init
                0x0000000008006968       0xf8 zephyr/drivers/serial/libdrivers__serial.a(uart_stm32.c.obj)
 .text.uart_stm32_configure
                0x0000000008006a60      0x134 zephyr/drivers/serial/libdrivers__serial.a(uart_stm32.c.obj)
 .text.spi_stm32_init.part.0
                0x0000000008006b94       0x1c zephyr/drivers/spi/libdrivers__spi.a(spi_stm32.c.obj)
 .text.spi_stm32_get_err
                0x0000000008006bb0       0x68 zephyr/drivers/spi/libdrivers__spi.a(spi_stm32.c.obj)
 .text.spi_stm32_init
                0x0000000008006c18      0x11c zephyr/drivers/spi/libdrivers__spi.a(spi_stm32.c.obj)
 .text.spi_stm32_transceive
                0x0000000008006d34      0x40c zephyr/drivers/spi/libdrivers__spi.a(spi_stm32.c.obj)
 .text.elapsed  0x0000000008007140       0x4c zephyr/drivers/timer/libdrivers__timer.a(cortex_m_systick.c.obj)
 .text.sys_clock_driver_init
                0x000000000800718c       0x34 zephyr/drivers/timer/libdrivers__timer.a(cortex_m_systick.c.obj)
 .text.sys_clock_isr
                0x00000000080071c0       0x60 zephyr/drivers/timer/libdrivers__timer.a(cortex_m_systick.c.obj)
                0x00000000080071c0                sys_clock_isr
 .text.sys_clock_set_timeout
                0x0000000008007220       0xf8 zephyr/drivers/timer/libdrivers__timer.a(cortex_m_systick.c.obj)
                0x0000000008007220                sys_clock_set_timeout
 .text.sys_clock_elapsed
                0x0000000008007318       0x3c zephyr/drivers/timer/libdrivers__timer.a(cortex_m_systick.c.obj)
                0x0000000008007318                sys_clock_elapsed
 .text.sys_clock_cycle_get_32
                0x0000000008007354       0x28 zephyr/drivers/timer/libdrivers__timer.a(cortex_m_systick.c.obj)
                0x0000000008007354                sys_clock_cycle_get_32
 .text.sys_clock_cycle_get_64
                0x000000000800737c       0x30 zephyr/drivers/timer/libdrivers__timer.a(cortex_m_systick.c.obj)
                0x000000000800737c                sys_clock_cycle_get_64
 .text.HAL_RCC_GetSysClockFreq
                0x00000000080073ac       0x5c modules/hal_stm32/stm32cube/lib..__modules__hal__stm32__stm32cube.a(stm32f4xx_hal_rcc.c.obj)
                0x00000000080073ac                HAL_RCC_GetSysClockFreq
 .text.HAL_RCC_GetHCLKFreq
                0x0000000008007408        0xc modules/hal_stm32/stm32cube/lib..__modules__hal__stm32__stm32cube.a(stm32f4xx_hal_rcc.c.obj)
                0x0000000008007408                HAL_RCC_GetHCLKFreq
 .text.HAL_PCD_IRQHandler
                0x0000000008007414      0x688 modules/hal_stm32/stm32cube/lib..__modules__hal__stm32__stm32cube.a(stm32f4xx_hal_pcd.c.obj)
                0x0000000008007414                HAL_PCD_IRQHandler
 .text.USB_SetTurnaroundTime
                0x0000000008007a9c       0xe0 modules/hal_stm32/stm32cube/lib..__modules__hal__stm32__stm32cube.a(stm32f4xx_ll_usb.c.obj)
                0x0000000008007a9c                USB_SetTurnaroundTime
 .text.USB_DevInit
                0x0000000008007b7c      0x188 modules/hal_stm32/stm32cube/lib..__modules__hal__stm32__stm32cube.a(stm32f4xx_ll_usb.c.obj)
                0x0000000008007b7c                USB_DevInit
 .text.USB_DeactivateEndpoint
                0x0000000008007d04       0xc0 modules/hal_stm32/stm32cube/lib..__modules__hal__stm32__stm32cube.a(stm32f4xx_ll_usb.c.obj)
                0x0000000008007d04                USB_DeactivateEndpoint
 .text.USB_EPStartXfer
                0x0000000008007dc4      0x1d0 modules/hal_stm32/stm32cube/lib..__modules__hal__stm32__stm32cube.a(stm32f4xx_ll_usb.c.obj)
                0x0000000008007dc4                USB_EPStartXfer
 .text.USB_EP0_OutStart
                0x0000000008007f94       0x4c modules/hal_stm32/stm32cube/lib..__modules__hal__stm32__stm32cube.a(stm32f4xx_ll_usb.c.obj)
                0x0000000008007f94                USB_EP0_OutStart
 .text.LL_SetFlashLatency
                0x0000000008007fe0      0x10c modules/hal_stm32/stm32cube/lib..__modules__hal__stm32__stm32cube.a(stm32f4xx_ll_utils.c.obj)
                0x0000000008007fe0                LL_SetFlashLatency
 .text.k_sys_fatal_error_handler
                0x00000000080080ec       0x20 zephyr/kernel/libkernel.a(fatal.c.obj)
                0x00000000080080ec                k_sys_fatal_error_handler
 .text.z_fatal_error
                0x000000000800810c       0xe8 zephyr/kernel/libkernel.a(fatal.c.obj)
                0x000000000800810c                z_fatal_error
 .text.z_sys_init_run_level
                0x00000000080081f4       0x30 zephyr/kernel/libkernel.a(init.c.obj)
 .text.bg_thread_main
                0x0000000008008224       0xc0 zephyr/kernel/libkernel.a(init.c.obj)
 .text.z_init_cpu
                0x00000000080082e4       0x6c zephyr/kernel/libkernel.a(init.c.obj)
                0x00000000080082e4                z_init_cpu
 .text.z_cstart
                0x0000000008008350       0xd0 zephyr/kernel/libkernel.a(init.c.obj)
                0x0000000008008350                z_cstart
 .text.z_impl_k_mutex_lock
                0x0000000008008420       0xf0 zephyr/kernel/libkernel.a(mutex.c.obj)
                0x0000000008008420                z_impl_k_mutex_lock
 .text.z_impl_k_mutex_unlock
                0x0000000008008510       0xa0 zephyr/kernel/libkernel.a(mutex.c.obj)
                0x0000000008008510                z_impl_k_mutex_unlock
 .text.z_impl_k_sem_give
                0x00000000080085b0       0x68 zephyr/kernel/libkernel.a(sem.c.obj)
                0x00000000080085b0                z_impl_k_sem_give
 .text.z_impl_k_sem_take
                0x0000000008008618       0x4c zephyr/kernel/libkernel.a(sem.c.obj)
                0x0000000008008618                z_impl_k_sem_take
 .text.work_queue_main
                0x0000000008008664      0x14c zephyr/kernel/libkernel.a(work.c.obj)
 .text.submit_to_queue_locked
                0x00000000080087b0       0xb8 zephyr/kernel/libkernel.a(work.c.obj)
 .text.k_work_queue_start
                0x0000000008008868       0x80 zephyr/kernel/libkernel.a(work.c.obj)
                0x0000000008008868                k_work_queue_start
 .text.k_work_schedule_for_queue
                0x00000000080088e8       0x54 zephyr/kernel/libkernel.a(work.c.obj)
                0x00000000080088e8                k_work_schedule_for_queue
 .text.z_setup_new_thread
                0x000000000800893c       0x98 zephyr/kernel/libkernel.a(thread.c.obj)
                0x000000000800893c                z_setup_new_thread
 .text.z_impl_k_thread_create
                0x00000000080089d4       0x58 zephyr/kernel/libkernel.a(thread.c.obj)
                0x00000000080089d4                z_impl_k_thread_create
 .text.z_dummy_thread_init
                0x0000000008008a2c       0x18 zephyr/kernel/libkernel.a(thread.c.obj)
                0x0000000008008a2c                z_dummy_thread_init
 .text.z_swap_irqlock
                0x0000000008008a44       0x30 zephyr/kernel/libkernel.a(sched.c.obj)
 .text.ready_thread
                0x0000000008008a74       0x84 zephyr/kernel/libkernel.a(sched.c.obj)
 .text.unready_thread
                0x0000000008008af8       0x54 zephyr/kernel/libkernel.a(sched.c.obj)
 .text.add_thread_timeout
                0x0000000008008b4c       0x1c zephyr/kernel/libkernel.a(sched.c.obj)
 .text.move_current_to_end_of_prio_q
                0x0000000008008b68       0x70 zephyr/kernel/libkernel.a(sched.c.obj)
                0x0000000008008b68                move_current_to_end_of_prio_q
 .text.z_pend_curr
                0x0000000008008bd8       0x44 zephyr/kernel/libkernel.a(sched.c.obj)
                0x0000000008008bd8                z_pend_curr
 .text.z_thread_prio_set
                0x0000000008008c1c       0xe4 zephyr/kernel/libkernel.a(sched.c.obj)
                0x0000000008008c1c                z_thread_prio_set
 .text.z_reschedule
                0x0000000008008d00       0x24 zephyr/kernel/libkernel.a(sched.c.obj)
                0x0000000008008d00                z_reschedule
 .text.z_reschedule_irqlock
                0x0000000008008d24       0x28 zephyr/kernel/libkernel.a(sched.c.obj)
                0x0000000008008d24                z_reschedule_irqlock
 .text.k_sched_lock
                0x0000000008008d4c       0x28 zephyr/kernel/libkernel.a(sched.c.obj)
                0x0000000008008d4c                k_sched_lock
 .text.k_sched_unlock
                0x0000000008008d74       0x68 zephyr/kernel/libkernel.a(sched.c.obj)
                0x0000000008008d74                k_sched_unlock
 .text.z_sched_init
                0x0000000008008ddc       0x10 zephyr/kernel/libkernel.a(sched.c.obj)
                0x0000000008008ddc                z_sched_init
 .text.z_impl_k_yield
                0x0000000008008dec       0x88 zephyr/kernel/libkernel.a(sched.c.obj)
                0x0000000008008dec                z_impl_k_yield
 .text.z_tick_sleep
                0x0000000008008e74       0x78 zephyr/kernel/libkernel.a(sched.c.obj)
 .text.z_impl_k_wakeup
                0x0000000008008eec       0x48 zephyr/kernel/libkernel.a(sched.c.obj)
                0x0000000008008eec                z_impl_k_wakeup
 .text.z_impl_k_sched_current_thread_query
                0x0000000008008f34        0xc zephyr/kernel/libkernel.a(sched.c.obj)
                0x0000000008008f34                z_impl_k_sched_current_thread_query
 .text.z_thread_abort
                0x0000000008008f40      0x140 zephyr/kernel/libkernel.a(sched.c.obj)
                0x0000000008008f40                z_thread_abort
 .text.z_sched_wait
                0x0000000008009080       0x24 zephyr/kernel/libkernel.a(sched.c.obj)
                0x0000000008009080                z_sched_wait
 .text.z_time_slice_size
                0x00000000080090a4       0x40 zephyr/kernel/libkernel.a(timeslicing.c.obj)
 .text.slice_timeout
                0x00000000080090e4       0x20 zephyr/kernel/libkernel.a(timeslicing.c.obj)
 .text.z_reset_time_slice
                0x0000000008009104       0x48 zephyr/kernel/libkernel.a(timeslicing.c.obj)
                0x0000000008009104                z_reset_time_slice
 .text.z_time_slice
                0x000000000800914c       0x5c zephyr/kernel/libkernel.a(timeslicing.c.obj)
                0x000000000800914c                z_time_slice
 .text.first    0x00000000080091a8       0x10 zephyr/kernel/libkernel.a(timeout.c.obj)
 .text.elapsed  0x00000000080091b8       0x14 zephyr/kernel/libkernel.a(timeout.c.obj)
 .text.remove_timeout
                0x00000000080091cc       0x38 zephyr/kernel/libkernel.a(timeout.c.obj)
 .text.z_add_timeout
                0x0000000008009204      0x120 zephyr/kernel/libkernel.a(timeout.c.obj)
                0x0000000008009204                z_add_timeout
 .text.sys_clock_announce
                0x0000000008009324       0xb4 zephyr/kernel/libkernel.a(timeout.c.obj)
                0x0000000008009324                sys_clock_announce
 .text.sys_clock_tick_get
                0x00000000080093d8       0x30 zephyr/kernel/libkernel.a(timeout.c.obj)
                0x00000000080093d8                sys_clock_tick_get
 .text.z_timer_expiration_handler
                0x0000000008009408      0x104 zephyr/kernel/libkernel.a(timer.c.obj)
                0x0000000008009408                z_timer_expiration_handler
 .text.z_impl_k_timer_start
                0x000000000800950c       0x70 zephyr/kernel/libkernel.a(timer.c.obj)
                0x000000000800950c                z_impl_k_timer_start
 .text.boot_banner
                0x000000000800957c        0xc zephyr/kernel/libkernel.a(banner.c.obj)
                0x000000000800957c                boot_banner
 .text.k_sys_work_q_init
                0x0000000008009588       0x2c zephyr/kernel/libkernel.a(system_work_q.c.obj)
 .text.snprintf
                0x00000000080095b4       0x58 /home/viktor/zephyr-standalone/zephyr-sdk-0.16.8/arm-zephyr-eabi/bin/../lib/gcc/../../picolibc/arm-zephyr-eabi/lib/thumb/v7e-m+fp/hard/libc.a(libc_tinystdio_snprintf.c.o)
                0x00000000080095b4                snprintf
 .text.skip_to_arg
                0x000000000800960c      0x138 /home/viktor/zephyr-standalone/zephyr-sdk-0.16.8/arm-zephyr-eabi/bin/../lib/gcc/../../picolibc/arm-zephyr-eabi/lib/thumb/v7e-m+fp/hard/libc.a(libc_tinystdio_vfprintf.c.o)
 .text.vfprintf
                0x0000000008009744      0x9f4 /home/viktor/zephyr-standalone/zephyr-sdk-0.16.8/arm-zephyr-eabi/bin/../lib/gcc/../../picolibc/arm-zephyr-eabi/lib/thumb/v7e-m+fp/hard/libc.a(libc_tinystdio_vfprintf.c.o)
                0x0000000008009744                __d_vfprintf
 .text.div10    0x000000000800a138       0x28 /home/viktor/zephyr-standalone/zephyr-sdk-0.16.8/arm-zephyr-eabi/bin/../lib/gcc/../../picolibc/arm-zephyr-eabi/lib/thumb/v7e-m+fp/hard/libc.a(libc_tinystdio_dtoa_ryu.c.o)
 .text.__dtoa_engine
                0x000000000800a160      0x4ac /home/viktor/zephyr-standalone/zephyr-sdk-0.16.8/arm-zephyr-eabi/bin/../lib/gcc/../../picolibc/arm-zephyr-eabi/lib/thumb/v7e-m+fp/hard/libc.a(libc_tinystdio_dtoa_ryu.c.o)
                0x000000000800a160                __dtoa_engine
 .text.__log10Pow2
                0x000000000800a60c        0xc /home/viktor/zephyr-standalone/zephyr-sdk-0.16.8/arm-zephyr-eabi/bin/../lib/gcc/../../picolibc/arm-zephyr-eabi/lib/thumb/v7e-m+fp/hard/libc.a(libc_tinystdio_ryu_log10.c.o)
                0x000000000800a60c                __log10Pow2
 .text.__log10Pow5
                0x000000000800a618        0xc /home/viktor/zephyr-standalone/zephyr-sdk-0.16.8/arm-zephyr-eabi/bin/../lib/gcc/../../picolibc/arm-zephyr-eabi/lib/thumb/v7e-m+fp/hard/libc.a(libc_tinystdio_ryu_log10.c.o)
                0x000000000800a618                __log10Pow5
 .text.__pow5bits
                0x000000000800a624       0x10 /home/viktor/zephyr-standalone/zephyr-sdk-0.16.8/arm-zephyr-eabi/bin/../lib/gcc/../../picolibc/arm-zephyr-eabi/lib/thumb/v7e-m+fp/hard/libc.a(libc_tinystdio_ryu_pow5bits.c.o)
                0x000000000800a624                __pow5bits
 .text.__pow5Factor
                0x000000000800a634       0x30 /home/viktor/zephyr-standalone/zephyr-sdk-0.16.8/arm-zephyr-eabi/bin/../lib/gcc/../../picolibc/arm-zephyr-eabi/lib/thumb/v7e-m+fp/hard/libc.a(libc_tinystdio_ryu_table.c.o)
                0x000000000800a634                __pow5Factor
 .text.__double_computePow5
                0x000000000800a664       0xe8 /home/viktor/zephyr-standalone/zephyr-sdk-0.16.8/arm-zephyr-eabi/bin/../lib/gcc/../../picolibc/arm-zephyr-eabi/lib/thumb/v7e-m+fp/hard/libc.a(libc_tinystdio_ryu_table.c.o)
                0x000000000800a664                __double_computePow5
 .text.__double_computeInvPow5
                0x000000000800a74c       0xf8 /home/viktor/zephyr-standalone/zephyr-sdk-0.16.8/arm-zephyr-eabi/bin/../lib/gcc/../../picolibc/arm-zephyr-eabi/lib/thumb/v7e-m+fp/hard/libc.a(libc_tinystdio_ryu_table.c.o)
                0x000000000800a74c                __double_computeInvPow5
 .text.roundf   0x000000000800a844       0x48 /home/viktor/zephyr-standalone/zephyr-sdk-0.16.8/arm-zephyr-eabi/bin/../lib/gcc/../../picolibc/arm-zephyr-eabi/lib/thumb/v7e-m+fp/hard/libc.a(libm_machine_arm_sf_round.c.o)
                0x000000000800a844                roundf
 .text.cosf     0x000000000800a88c       0x8c /home/viktor/zephyr-standalone/zephyr-sdk-0.16.8/arm-zephyr-eabi/bin/../lib/gcc/../../picolibc/arm-zephyr-eabi/lib/thumb/v7e-m+fp/hard/libc.a(libm_math_sf_cos.c.o)
                0x000000000800a88c                cosf
                0x000000000800a88c                _cosf
 .text.fmodf    0x000000000800a918      0x148 /home/viktor/zephyr-standalone/zephyr-sdk-0.16.8/arm-zephyr-eabi/bin/../lib/gcc/../../picolibc/arm-zephyr-eabi/lib/thumb/v7e-m+fp/hard/libc.a(libm_math_sf_fmod.c.o)
                0x000000000800a918                fmodf
 .text.__rem_pio2f
                0x000000000800aa60      0x258 /home/viktor/zephyr-standalone/zephyr-sdk-0.16.8/arm-zephyr-eabi/bin/../lib/gcc/../../picolibc/arm-zephyr-eabi/lib/thumb/v7e-m+fp/hard/libc.a(libm_math_sf_rem_pio2.c.o)
                0x000000000800aa60                __rem_pio2f
 .text.sinf     0x000000000800acb8       0x90 /home/viktor/zephyr-standalone/zephyr-sdk-0.16.8/arm-zephyr-eabi/bin/../lib/gcc/../../picolibc/arm-zephyr-eabi/lib/thumb/v7e-m+fp/hard/libc.a(libm_math_sf_sin.c.o)
                0x000000000800acb8                _sinf
                0x000000000800acb8                sinf
 .text.__fpclassifyf
                0x000000000800ad48       0x38 /home/viktor/zephyr-standalone/zephyr-sdk-0.16.8/arm-zephyr-eabi/bin/../lib/gcc/../../picolibc/arm-zephyr-eabi/lib/thumb/v7e-m+fp/hard/libc.a(libm_common_sf_fpclassify.c.o)
                0x000000000800ad48                __fpclassifyf
 .text.__math_uflowf
                0x000000000800ad80       0x20 /home/viktor/zephyr-standalone/zephyr-sdk-0.16.8/arm-zephyr-eabi/bin/../lib/gcc/../../picolibc/arm-zephyr-eabi/lib/thumb/v7e-m+fp/hard/libc.a(libm_common_math_errf_uflowf.c.o)
                0x000000000800ad80                __math_uflowf
 .text.__math_oflowf
                0x000000000800ada0       0x20 /home/viktor/zephyr-standalone/zephyr-sdk-0.16.8/arm-zephyr-eabi/bin/../lib/gcc/../../picolibc/arm-zephyr-eabi/lib/thumb/v7e-m+fp/hard/libc.a(libm_common_math_errf_oflowf.c.o)
                0x000000000800ada0                __math_oflowf
 .text.__math_invalidf
                0x000000000800adc0       0x28 /home/viktor/zephyr-standalone/zephyr-sdk-0.16.8/arm-zephyr-eabi/bin/../lib/gcc/../../picolibc/arm-zephyr-eabi/lib/thumb/v7e-m+fp/hard/libc.a(libm_common_math_errf_invalidf.c.o)
                0x000000000800adc0                __math_invalidf
 .text.__kernel_cosf
                0x000000000800ade8       0xb0 /home/viktor/zephyr-standalone/zephyr-sdk-0.16.8/arm-zephyr-eabi/bin/../lib/gcc/../../picolibc/arm-zephyr-eabi/lib/thumb/v7e-m+fp/hard/libc.a(libm_math_kf_cos.c.o)
                0x000000000800ade8                __kernel_cosf
 .text.__kernel_rem_pio2f
                0x000000000800ae98      0x4fc /home/viktor/zephyr-standalone/zephyr-sdk-0.16.8/arm-zephyr-eabi/bin/../lib/gcc/../../picolibc/arm-zephyr-eabi/lib/thumb/v7e-m+fp/hard/libc.a(libm_math_kf_rem_pio2.c.o)
                0x000000000800ae98                __kernel_rem_pio2f
 .text.__kernel_sinf
                0x000000000800b394       0x90 /home/viktor/zephyr-standalone/zephyr-sdk-0.16.8/arm-zephyr-eabi/bin/../lib/gcc/../../picolibc/arm-zephyr-eabi/lib/thumb/v7e-m+fp/hard/libc.a(libm_math_kf_sin.c.o)
                0x000000000800b394                __kernel_sinf
 .text.__math_inexactf
                0x000000000800b424       0x1c /home/viktor/zephyr-standalone/zephyr-sdk-0.16.8/arm-zephyr-eabi/bin/../lib/gcc/../../picolibc/arm-zephyr-eabi/lib/thumb/v7e-m+fp/hard/libc.a(libm_common_math_inexactf.c.o)
                0x000000000800b424                __math_inexactf
 .text.scalbnf  0x000000000800b440       0x8c /home/viktor/zephyr-standalone/zephyr-sdk-0.16.8/arm-zephyr-eabi/bin/../lib/gcc/../../picolibc/arm-zephyr-eabi/lib/thumb/v7e-m+fp/hard/libc.a(libm_common_sf_scalbn.c.o)
                0x000000000800b440                ldexpf
                0x000000000800b440                scalbnf
 .text.floorf   0x000000000800b4cc       0x60 /home/viktor/zephyr-standalone/zephyr-sdk-0.16.8/arm-zephyr-eabi/bin/../lib/gcc/../../picolibc/arm-zephyr-eabi/lib/thumb/v7e-m+fp/hard/libc.a(libm_machine_arm_sf_floor.c.o)
                0x000000000800b4cc                floorf
 .text._OffsetAbsSyms
                0x000000000800b52c        0x2 zephyr/CMakeFiles/offsets.dir/./arch/arm/core/offsets/offsets.c.obj
                0x000000000800b52c                _OffsetAbsSyms
 .text.k_msleep.isra.0
                0x000000000800b52e        0xa app/libapp.a(haptic.c.obj)
 .text.sensor_update
                0x000000000800b538        0x2 app/libapp.a(as5048a.c.obj)
                0x000000000800b538                sensor_update
 .text.sensor_needs_search
                0x000000000800b53a        0x4 app/libapp.a(as5048a.c.obj)
                0x000000000800b53a                sensor_needs_search
 .text.k_msleep.isra.0
                0x000000000800b53e        0xe app/libapp.a(bldc_motor.c.obj)
 .text.micros   0x000000000800b54c       0x10 app/libapp.a(bldc_motor.c.obj)
                0x000000000800b54c                micros
 .text.driver_set_pwm
                0x000000000800b55c        0x8 app/libapp.a(bldc_motor.c.obj)
                0x000000000800b55c                driver_set_pwm
 .text.driver_enable
                0x000000000800b564        0x8 app/libapp.a(bldc_motor.c.obj)
                0x000000000800b564                driver_enable
 .text.driver_disable
                0x000000000800b56c        0x8 app/libapp.a(bldc_motor.c.obj)
                0x000000000800b56c                driver_disable
 .text.pid_controller_reset
                0x000000000800b574       0x10 app/libapp.a(bldc_motor.c.obj)
                0x000000000800b574                pid_controller_reset
 .text.lowpass_filter_init
                0x000000000800b584       0x10 app/libapp.a(bldc_motor.c.obj)
                0x000000000800b584                lowpass_filter_init
 .text.bldc_motor_link_driver
                0x000000000800b594        0x8 app/libapp.a(bldc_motor.c.obj)
                0x000000000800b594                bldc_motor_link_driver
 .text.bldc_motor_link_sensor
                0x000000000800b59c        0x8 app/libapp.a(bldc_motor.c.obj)
                0x000000000800b59c                bldc_motor_link_sensor
 .text.bldc_motor_loop_foc
                0x000000000800b5a4       0x42 app/libapp.a(bldc_motor.c.obj)
                0x000000000800b5a4                bldc_motor_loop_foc
 .text.chunk_size
                0x000000000800b5e6        0xa zephyr/libzephyr.a(heap.c.obj)
 .text.free_list_add
                0x000000000800b5f0       0x4e zephyr/libzephyr.a(heap.c.obj)
 .text.sys_heap_init
                0x000000000800b63e       0x7a zephyr/libzephyr.a(heap.c.obj)
                0x000000000800b63e                sys_heap_init
 .text.cbpprintf_external
                0x000000000800b6b8       0x62 zephyr/libzephyr.a(cbprintf_packaged.c.obj)
                0x000000000800b6b8                cbpprintf_external
 .text.is_ptr   0x000000000800b71a       0x4a zephyr/libzephyr.a(cbprintf_packaged.c.obj)
                0x000000000800b71a                is_ptr
 .text.arch_printk_char_out
                0x000000000800b764        0x4 zephyr/libzephyr.a(printk.c.obj)
                0x000000000800b764                arch_printk_char_out
 .text.printk   0x000000000800b768       0x1a zephyr/libzephyr.a(printk.c.obj)
                0x000000000800b768                printk
 .text.free_space
                0x000000000800b782       0x26 zephyr/libzephyr.a(mpsc_pbuf.c.obj)
 .text.get_usage
                0x000000000800b7a8       0x22 zephyr/libzephyr.a(mpsc_pbuf.c.obj)
 .text.idx_inc  0x000000000800b7ca       0x1c zephyr/libzephyr.a(mpsc_pbuf.c.obj)
 .text.rd_idx_inc
                0x000000000800b7e6       0x18 zephyr/libzephyr.a(mpsc_pbuf.c.obj)
 .text.add_skip_item
                0x000000000800b7fe       0x3a zephyr/libzephyr.a(mpsc_pbuf.c.obj)
 .text.drop_item_locked
                0x000000000800b838       0xfe zephyr/libzephyr.a(mpsc_pbuf.c.obj)
 .text.post_drop_action
                0x000000000800b936       0x36 zephyr/libzephyr.a(mpsc_pbuf.c.obj)
 .text.max_utilization_update
                0x000000000800b96c       0x1a zephyr/libzephyr.a(mpsc_pbuf.c.obj)
 .text.mpsc_pbuf_init
                0x000000000800b986       0x42 zephyr/libzephyr.a(mpsc_pbuf.c.obj)
                0x000000000800b986                mpsc_pbuf_init
 .text.mpsc_pbuf_alloc
                0x000000000800b9c8       0xfe zephyr/libzephyr.a(mpsc_pbuf.c.obj)
                0x000000000800b9c8                mpsc_pbuf_alloc
 .text.mpsc_pbuf_commit
                0x000000000800bac6       0x3e zephyr/libzephyr.a(mpsc_pbuf.c.obj)
                0x000000000800bac6                mpsc_pbuf_commit
 .text.mpsc_pbuf_claim
                0x000000000800bb04       0xb6 zephyr/libzephyr.a(mpsc_pbuf.c.obj)
                0x000000000800bb04                mpsc_pbuf_claim
 .text.mpsc_pbuf_free
                0x000000000800bbba       0x76 zephyr/libzephyr.a(mpsc_pbuf.c.obj)
                0x000000000800bbba                mpsc_pbuf_free
 .text.mpsc_pbuf_is_pending
                0x000000000800bc30       0x32 zephyr/libzephyr.a(mpsc_pbuf.c.obj)
                0x000000000800bc30                mpsc_pbuf_is_pending
 .text.ring_buf_area_claim
                0x000000000800bc62       0x30 zephyr/libzephyr.a(ring_buffer.c.obj)
                0x000000000800bc62                ring_buf_area_claim
 .text.ring_buf_put_claim
                0x000000000800bc92       0x1e zephyr/libzephyr.a(ring_buffer.c.obj)
 .text.ring_buf_get_claim
                0x000000000800bcb0       0x1e zephyr/libzephyr.a(ring_buffer.c.obj)
 .text.ring_buf_area_finish
                0x000000000800bcce       0x32 zephyr/libzephyr.a(ring_buffer.c.obj)
                0x000000000800bcce                ring_buf_area_finish
 .text.ring_buf_put
                0x000000000800bd00       0x40 zephyr/libzephyr.a(ring_buffer.c.obj)
                0x000000000800bd00                ring_buf_put
 .text.ring_buf_get
                0x000000000800bd40       0x44 zephyr/libzephyr.a(ring_buffer.c.obj)
                0x000000000800bd40                ring_buf_get
 .text._ConfigAbsSyms
                0x000000000800bd84        0x2 zephyr/libzephyr.a(configs.c.obj)
                0x000000000800bd84                _ConfigAbsSyms
 .text.HAL_Delay
                0x000000000800bd86       0x16 zephyr/libzephyr.a(stm32cube_hal.c.obj)
                0x000000000800bd86                HAL_Delay
 .text.log_msg_generic_get_wlen
                0x000000000800bd9c       0x20 zephyr/libzephyr.a(log_core.c.obj)
 .text.dummy_timestamp
                0x000000000800bdbc        0x4 zephyr/libzephyr.a(log_core.c.obj)
 .text.atomic_inc
                0x000000000800bdc0       0x1a zephyr/libzephyr.a(log_core.c.obj)
 .text.default_lf_get_timestamp
                0x000000000800bdda       0x10 zephyr/libzephyr.a(log_core.c.obj)
 .text.z_log_vprintk
                0x000000000800bdea       0x1c zephyr/libzephyr.a(log_core.c.obj)
                0x000000000800bdea                z_log_vprintk
 .text.z_log_notify_drop
                0x000000000800be06        0x6 zephyr/libzephyr.a(log_core.c.obj)
 .text.z_log_get_tag
                0x000000000800be0c        0x4 zephyr/libzephyr.a(log_core.c.obj)
                0x000000000800be0c                z_log_get_tag
 .text.log_backend_enable
                0x000000000800be10       0x12 zephyr/libzephyr.a(log_mgmt.c.obj)
                0x000000000800be10                log_backend_enable
 .text.z_cbprintf_cpy
                0x000000000800be22       0x2e zephyr/libzephyr.a(log_msg.c.obj)
 .text.z_log_msg_finalize
                0x000000000800be50       0x32 zephyr/libzephyr.a(log_msg.c.obj)
                0x000000000800be50                z_log_msg_finalize
 .text.z_log_msg_simple_create
                0x000000000800be82       0x6e zephyr/libzephyr.a(log_msg.c.obj)
 .text.z_impl_z_log_msg_simple_create_0
                0x000000000800bef0       0x12 zephyr/libzephyr.a(log_msg.c.obj)
                0x000000000800bef0                z_impl_z_log_msg_simple_create_0
 .text.z_impl_z_log_msg_simple_create_1
                0x000000000800bf02       0x14 zephyr/libzephyr.a(log_msg.c.obj)
                0x000000000800bf02                z_impl_z_log_msg_simple_create_1
 .text.z_impl_z_log_msg_simple_create_2
                0x000000000800bf16       0x18 zephyr/libzephyr.a(log_msg.c.obj)
                0x000000000800bf16                z_impl_z_log_msg_simple_create_2
 .text.log_output_write
                0x000000000800bf2e       0x1c zephyr/libzephyr.a(log_output.c.obj)
 .text.log_output_flush
                0x000000000800bf4a       0x1a zephyr/libzephyr.a(log_output.c.obj)
 .text.out_func
                0x000000000800bf64       0x36 zephyr/libzephyr.a(log_output.c.obj)
 .text.cr_out_func
                0x000000000800bf9a       0x1c zephyr/libzephyr.a(log_output.c.obj)
 .text.log_output_msg_process
                0x000000000800bfb6       0x6a zephyr/libzephyr.a(log_output.c.obj)
                0x000000000800bfb6                log_output_msg_process
 .text.format_set
                0x000000000800c020        0xc zephyr/libzephyr.a(log_backend_uart.c.obj)
 .text.log_backend_uart_init
                0x000000000800c02c        0xc zephyr/libzephyr.a(log_backend_uart.c.obj)
 .text.panic    0x000000000800c038       0x32 zephyr/libzephyr.a(log_backend_uart.c.obj)
 .text.dropped  0x000000000800c06a        0xa zephyr/libzephyr.a(log_backend_uart.c.obj)
 .text.process  0x000000000800c074       0x1e zephyr/libzephyr.a(log_backend_uart.c.obj)
 .text.z_log_msg_simple_create_1
                0x000000000800c092        0x4 zephyr/libzephyr.a(usb_device.c.obj)
 .text.get_ep_bm_from_addr
                0x000000000800c096       0x1c zephyr/libzephyr.a(usb_device.c.obj)
 .text.usb_get_dev_data_by_cfg
                0x000000000800c0b2       0x18 zephyr/libzephyr.a(usb_descriptor.c.obj)
                0x000000000800c0b2                usb_get_dev_data_by_cfg
 .text.usb_get_dev_data_by_iface
                0x000000000800c0ca       0x1c zephyr/libzephyr.a(usb_descriptor.c.obj)
                0x000000000800c0ca                usb_get_dev_data_by_iface
 .text.usb_get_dev_data_by_ep
                0x000000000800c0e6       0x2c zephyr/libzephyr.a(usb_descriptor.c.obj)
                0x000000000800c0e6                usb_get_dev_data_by_ep
 .text.usb_transfer_is_busy
                0x000000000800c112       0x16 zephyr/libzephyr.a(usb_transfer.c.obj)
                0x000000000800c112                usb_transfer_is_busy
 .text.cdc_interface_config
                0x000000000800c128       0x14 zephyr/libzephyr.a(cdc_acm.c.obj)
 .text.cdc_acm_irq_callback_work_handler
                0x000000000800c13c        0xa zephyr/libzephyr.a(cdc_acm.c.obj)
 .text.cdc_acm_irq_tx_disable
                0x000000000800c146        0xa zephyr/libzephyr.a(cdc_acm.c.obj)
 .text.cdc_acm_irq_tx_ready
                0x000000000800c150       0x20 zephyr/libzephyr.a(cdc_acm.c.obj)
 .text.cdc_acm_irq_rx_disable
                0x000000000800c170        0xa zephyr/libzephyr.a(cdc_acm.c.obj)
 .text.cdc_acm_irq_rx_ready
                0x000000000800c17a        0xe zephyr/libzephyr.a(cdc_acm.c.obj)
 .text.cdc_acm_irq_is_pending
                0x000000000800c188       0x1c zephyr/libzephyr.a(cdc_acm.c.obj)
 .text.cdc_acm_irq_callback_set
                0x000000000800c1a4        0x8 zephyr/libzephyr.a(cdc_acm.c.obj)
 .text.cdc_acm_line_ctrl_get
                0x000000000800c1ac       0x32 zephyr/libzephyr.a(cdc_acm.c.obj)
 .text.cdc_acm_configure
                0x000000000800c1de       0x18 zephyr/libzephyr.a(cdc_acm.c.obj)
 .text.cdc_acm_config_get
                0x000000000800c1f6       0x5c zephyr/libzephyr.a(cdc_acm.c.obj)
 .text.cdc_acm_line_ctrl_set
                0x000000000800c252       0xba zephyr/libzephyr.a(cdc_acm.c.obj)
 .text.cdc_acm_fifo_read
                0x000000000800c30c       0x48 zephyr/libzephyr.a(cdc_acm.c.obj)
 .text.cdc_acm_poll_in
                0x000000000800c354       0x12 zephyr/libzephyr.a(cdc_acm.c.obj)
 .text.cdc_acm_irq_update
                0x000000000800c366       0x30 zephyr/libzephyr.a(cdc_acm.c.obj)
 .text.arch_early_memset
                0x000000000800c396        0x4 zephyr/arch/common/libarch__common.a(init.c.obj)
                0x000000000800c396                arch_early_memset
 .text.arch_early_memcpy
                0x000000000800c39a        0x4 zephyr/arch/common/libarch__common.a(init.c.obj)
                0x000000000800c39a                arch_early_memcpy
 .text.z_do_kernel_oops
                0x000000000800c39e        0x8 zephyr/arch/arch/arm/core/libarch__arm__core.a(fatal.c.obj)
                0x000000000800c39e                z_do_kernel_oops
 .text.z_arm_nmi
                0x000000000800c3a6        0xe zephyr/arch/arch/arm/core/libarch__arm__core.a(nmi.c.obj)
                0x000000000800c3a6                z_arm_nmi
 .text.z_log_msg_simple_create_0.constprop.0
                0x000000000800c3b4        0x8 zephyr/arch/arch/arm/core/cortex_m/libarch__arm__core__cortex_m.a(fault.c.obj)
 .text.z_irq_spurious
                0x000000000800c3bc        0x8 zephyr/arch/arch/arm/core/cortex_m/libarch__arm__core__cortex_m.a(irq_manage.c.obj)
                0x000000000800c3bc                z_irq_spurious
 .text.arch_coprocessors_disable
                0x000000000800c3c4        0x4 zephyr/arch/arch/arm/core/cortex_m/libarch__arm__core__cortex_m.a(thread.c.obj)
                0x000000000800c3c4                arch_coprocessors_disable
 .text.arch_irq_unlock_outlined
                0x000000000800c3c8        0xe zephyr/arch/arch/arm/core/cortex_m/libarch__arm__core__cortex_m.a(thread.c.obj)
                0x000000000800c3c8                arch_irq_unlock_outlined
 .text.arch_cpu_idle
                0x000000000800c3d6       0x1a zephyr/arch/arch/arm/core/cortex_m/libarch__arm__core__cortex_m.a(cpu_idle.c.obj)
                0x000000000800c3d6                arch_cpu_idle
 .text.size_to_mpu_rasr_size
                0x000000000800c3f0       0x20 zephyr/arch/arch/arm/core/mpu/libarch__arm__core__mpu.a(arm_mpu.c.obj)
 .text.cbputc   0x000000000800c410        0xc zephyr/lib/libc/picolibc/liblib__libc__picolibc.a(cbprintf.c.obj)
 .text.picolibc_put
                0x000000000800c41c        0xa zephyr/lib/libc/picolibc/liblib__libc__picolibc.a(stdio.c.obj)
 .text.stm32_exti_gpio_intc_init
                0x000000000800c426       0x92 zephyr/drivers/interrupt_controller/libdrivers__interrupt_controller.a(intc_gpio_stm32.c.obj)
 .text.stm32_gpio_intc_get_pin_irq_line
                0x000000000800c4b8        0xa zephyr/drivers/interrupt_controller/libdrivers__interrupt_controller.a(intc_gpio_stm32.c.obj)
                0x000000000800c4b8                stm32_gpio_intc_get_pin_irq_line
 .text.stm32_exti_set_line_src_port
                0x000000000800c4c2       0x36 zephyr/drivers/interrupt_controller/libdrivers__interrupt_controller.a(intc_gpio_stm32.c.obj)
                0x000000000800c4c2                stm32_exti_set_line_src_port
 .text.z_log_msg_simple_create_1.constprop.0
                0x000000000800c4f8        0xa zephyr/drivers/usb/device/libdrivers__usb__device.a(usb_dc_stm32.c.obj)
 .text.z_log_msg_simple_create_0.constprop.0
                0x000000000800c502        0x8 zephyr/drivers/usb/device/libdrivers__usb__device.a(usb_dc_stm32.c.obj)
 .text.usb_dc_ep_set_callback
                0x000000000800c50a       0x16 zephyr/drivers/usb/device/libdrivers__usb__device.a(usb_dc_stm32.c.obj)
                0x000000000800c50a                usb_dc_ep_set_callback
 .text.usb_dc_ep_configure
                0x000000000800c520       0x2a zephyr/drivers/usb/device/libdrivers__usb__device.a(usb_dc_stm32.c.obj)
                0x000000000800c520                usb_dc_ep_configure
 .text.usb_dc_ep_is_stalled
                0x000000000800c54a       0x1a zephyr/drivers/usb/device/libdrivers__usb__device.a(usb_dc_stm32.c.obj)
                0x000000000800c54a                usb_dc_ep_is_stalled
 .text.usb_dc_ep_read
                0x000000000800c564       0x1c zephyr/drivers/usb/device/libdrivers__usb__device.a(usb_dc_stm32.c.obj)
                0x000000000800c564                usb_dc_ep_read
 .text.usb_dc_ep_mps
                0x000000000800c580       0x12 zephyr/drivers/usb/device/libdrivers__usb__device.a(usb_dc_stm32.c.obj)
                0x000000000800c580                usb_dc_ep_mps
 .text.HAL_PCD_DataOutStageCallback
                0x000000000800c592       0x2c zephyr/drivers/usb/device/libdrivers__usb__device.a(usb_dc_stm32.c.obj)
                0x000000000800c592                HAL_PCD_DataOutStageCallback
 .text.HAL_PCD_DataInStageCallback
                0x000000000800c5be       0x24 zephyr/drivers/usb/device/libdrivers__usb__device.a(usb_dc_stm32.c.obj)
                0x000000000800c5be                HAL_PCD_DataInStageCallback
 .text.HAL_PCD_ISOINIncompleteCallback
                0x000000000800c5e2       0x14 zephyr/drivers/usb/device/libdrivers__usb__device.a(usb_dc_stm32.c.obj)
                0x000000000800c5e2                HAL_PCD_ISOINIncompleteCallback
 .text.stm32_clock_control_on
                0x000000000800c5f6       0x44 zephyr/drivers/clock_control/libdrivers__clock_control.a(clock_stm32_ll_common.c.obj)
 .text.stm32_clock_control_off
                0x000000000800c63a       0x2c zephyr/drivers/clock_control/libdrivers__clock_control.a(clock_stm32_ll_common.c.obj)
 .text.stm32_clock_control_configure
                0x000000000800c666       0x58 zephyr/drivers/clock_control/libdrivers__clock_control.a(clock_stm32_ll_common.c.obj)
 .text.stm32_clock_control_get_status
                0x000000000800c6be       0x38 zephyr/drivers/clock_control/libdrivers__clock_control.a(clock_stm32_ll_common.c.obj)
 .text.config_regulator_voltage
                0x000000000800c6f6        0x2 zephyr/drivers/clock_control/libdrivers__clock_control.a(clock_stm32_ll_common.c.obj)
                0x000000000800c6f6                config_regulator_voltage
 .text.gpio_stm32_port_get_raw
                0x000000000800c6f8        0xc zephyr/drivers/gpio/libdrivers__gpio.a(gpio_stm32.c.obj)
 .text.gpio_stm32_port_set_masked_raw
                0x000000000800c704       0x12 zephyr/drivers/gpio/libdrivers__gpio.a(gpio_stm32.c.obj)
 .text.gpio_stm32_port_set_bits_raw
                0x000000000800c716        0xa zephyr/drivers/gpio/libdrivers__gpio.a(gpio_stm32.c.obj)
 .text.gpio_stm32_port_clear_bits_raw
                0x000000000800c720        0xc zephyr/drivers/gpio/libdrivers__gpio.a(gpio_stm32.c.obj)
 .text.gpio_stm32_port_toggle_bits
                0x000000000800c72c        0xe zephyr/drivers/gpio/libdrivers__gpio.a(gpio_stm32.c.obj)
 .text.gpio_stm32_manage_callback
                0x000000000800c73a       0x52 zephyr/drivers/gpio/libdrivers__gpio.a(gpio_stm32.c.obj)
 .text.gpio_stm32_configure_raw.isra.0
                0x000000000800c78c      0x106 zephyr/drivers/gpio/libdrivers__gpio.a(gpio_stm32.c.obj)
 .text.gpio_stm32_config
                0x000000000800c892       0xd8 zephyr/drivers/gpio/libdrivers__gpio.a(gpio_stm32.c.obj)
 .text.gpio_stm32_isr
                0x000000000800c96a       0x2c zephyr/drivers/gpio/libdrivers__gpio.a(gpio_stm32.c.obj)
 .text.gpio_stm32_configure
                0x000000000800c996       0x30 zephyr/drivers/gpio/libdrivers__gpio.a(gpio_stm32.c.obj)
                0x000000000800c996                gpio_stm32_configure
 .text.pinctrl_lookup_state
                0x000000000800c9c6       0x26 zephyr/drivers/pinctrl/libdrivers__pinctrl.a(common.c.obj)
                0x000000000800c9c6                pinctrl_lookup_state
 .text.LL_TIM_OC_SetCompareCH1
                0x000000000800c9ec        0x4 zephyr/drivers/pwm/libdrivers__pwm.a(pwm_stm32.c.obj)
 .text.LL_TIM_OC_SetCompareCH2
                0x000000000800c9f0        0x4 zephyr/drivers/pwm/libdrivers__pwm.a(pwm_stm32.c.obj)
 .text.LL_TIM_OC_SetCompareCH3
                0x000000000800c9f4        0x4 zephyr/drivers/pwm/libdrivers__pwm.a(pwm_stm32.c.obj)
 .text.LL_TIM_OC_SetCompareCH4
                0x000000000800c9f8        0x4 zephyr/drivers/pwm/libdrivers__pwm.a(pwm_stm32.c.obj)
 .text.pwm_stm32_get_cycles_per_sec
                0x000000000800c9fc       0x16 zephyr/drivers/pwm/libdrivers__pwm.a(pwm_stm32.c.obj)
 .text.reset_stm32_status
                0x000000000800ca12       0x20 zephyr/drivers/reset/libdrivers__reset.a(reset_stm32.c.obj)
 .text.reset_stm32_line_assert
                0x000000000800ca32       0x1c zephyr/drivers/reset/libdrivers__reset.a(reset_stm32.c.obj)
 .text.reset_stm32_line_deassert
                0x000000000800ca4e       0x1e zephyr/drivers/reset/libdrivers__reset.a(reset_stm32.c.obj)
 .text.reset_stm32_line_toggle
                0x000000000800ca6c       0x16 zephyr/drivers/reset/libdrivers__reset.a(reset_stm32.c.obj)
 .text.LL_USART_ClearFlag_PE
                0x000000000800ca82       0x12 zephyr/drivers/serial/libdrivers__serial.a(uart_stm32.c.obj)
 .text.uart_stm32_err_check
                0x000000000800ca94       0x5e zephyr/drivers/serial/libdrivers__serial.a(uart_stm32.c.obj)
 .text.uart_stm32_irq_tx_enable
                0x000000000800caf2       0x1e zephyr/drivers/serial/libdrivers__serial.a(uart_stm32.c.obj)
 .text.uart_stm32_irq_tx_disable
                0x000000000800cb10       0x1e zephyr/drivers/serial/libdrivers__serial.a(uart_stm32.c.obj)
 .text.uart_stm32_irq_tx_ready
                0x000000000800cb2e       0x14 zephyr/drivers/serial/libdrivers__serial.a(uart_stm32.c.obj)
 .text.uart_stm32_irq_tx_complete
                0x000000000800cb42        0xc zephyr/drivers/serial/libdrivers__serial.a(uart_stm32.c.obj)
 .text.uart_stm32_irq_rx_enable
                0x000000000800cb4e       0x1e zephyr/drivers/serial/libdrivers__serial.a(uart_stm32.c.obj)
 .text.uart_stm32_irq_rx_disable
                0x000000000800cb6c       0x1e zephyr/drivers/serial/libdrivers__serial.a(uart_stm32.c.obj)
 .text.uart_stm32_irq_rx_ready
                0x000000000800cb8a        0xc zephyr/drivers/serial/libdrivers__serial.a(uart_stm32.c.obj)
 .text.uart_stm32_irq_is_pending
                0x000000000800cb96       0x24 zephyr/drivers/serial/libdrivers__serial.a(uart_stm32.c.obj)
 .text.uart_stm32_irq_update
                0x000000000800cbba        0x4 zephyr/drivers/serial/libdrivers__serial.a(uart_stm32.c.obj)
 .text.uart_stm32_irq_callback_set
                0x000000000800cbbe        0x8 zephyr/drivers/serial/libdrivers__serial.a(uart_stm32.c.obj)
 .text.uart_stm32_isr
                0x000000000800cbc6        0xc zephyr/drivers/serial/libdrivers__serial.a(uart_stm32.c.obj)
 .text.uart_stm32_irq_config_func_0
                0x000000000800cbd2       0x16 zephyr/drivers/serial/libdrivers__serial.a(uart_stm32.c.obj)
 .text.uart_stm32_poll_out
                0x000000000800cbe8       0x36 zephyr/drivers/serial/libdrivers__serial.a(uart_stm32.c.obj)
 .text.uart_stm32_poll_in
                0x000000000800cc1e       0x22 zephyr/drivers/serial/libdrivers__serial.a(uart_stm32.c.obj)
 .text.uart_stm32_config_get
                0x000000000800cc40       0x8e zephyr/drivers/serial/libdrivers__serial.a(uart_stm32.c.obj)
 .text.uart_stm32_fifo_read
                0x000000000800ccce       0x42 zephyr/drivers/serial/libdrivers__serial.a(uart_stm32.c.obj)
 .text.uart_stm32_fifo_fill
                0x000000000800cd10       0x50 zephyr/drivers/serial/libdrivers__serial.a(uart_stm32.c.obj)
 .text.spi_context_get_next_buf
                0x000000000800cd60       0x2c zephyr/drivers/spi/libdrivers__spi.a(spi_stm32.c.obj)
 .text.ll_disable_spi
                0x000000000800cd8c       0x10 zephyr/drivers/spi/libdrivers__spi.a(spi_stm32.c.obj)
 .text.bits2bytes
                0x000000000800cd9c       0x16 zephyr/drivers/spi/libdrivers__spi.a(spi_stm32.c.obj)
 .text.spi_stm32_send_next_frame
                0x000000000800cdb2       0x74 zephyr/drivers/spi/libdrivers__spi.a(spi_stm32.c.obj)
 .text.spi_stm32_read_next_frame
                0x000000000800ce26       0x6c zephyr/drivers/spi/libdrivers__spi.a(spi_stm32.c.obj)
 .text.spi_stm32_irq_config_func_0
                0x000000000800ce92       0x16 zephyr/drivers/spi/libdrivers__spi.a(spi_stm32.c.obj)
 .text.spi_stm32_pinctrl_apply.isra.0
                0x000000000800cea8       0x2a zephyr/drivers/spi/libdrivers__spi.a(spi_stm32.c.obj)
 .text.gpio_pin_set_dt.isra.0
                0x000000000800ced2       0x28 zephyr/drivers/spi/libdrivers__spi.a(spi_stm32.c.obj)
 .text.spi_context_unlock_unconditionally
                0x000000000800cefa       0x30 zephyr/drivers/spi/libdrivers__spi.a(spi_stm32.c.obj)
 .text.spi_stm32_release
                0x000000000800cf2a       0x14 zephyr/drivers/spi/libdrivers__spi.a(spi_stm32.c.obj)
 .text.spi_stm32_complete
                0x000000000800cf3e       0xac zephyr/drivers/spi/libdrivers__spi.a(spi_stm32.c.obj)
 .text.spi_stm32_isr
                0x000000000800cfea      0x112 zephyr/drivers/spi/libdrivers__spi.a(spi_stm32.c.obj)
 .text.HAL_PCD_MspInit
                0x000000000800d0fc        0x2 modules/hal_stm32/stm32cube/lib..__modules__hal__stm32__stm32cube.a(stm32f4xx_hal_pcd.c.obj)
                0x000000000800d0fc                HAL_PCD_MspInit
 .text.HAL_PCD_Init
                0x000000000800d0fe       0xde modules/hal_stm32/stm32cube/lib..__modules__hal__stm32__stm32cube.a(stm32f4xx_hal_pcd.c.obj)
                0x000000000800d0fe                HAL_PCD_Init
 .text.HAL_PCD_Start
                0x000000000800d1dc       0x40 modules/hal_stm32/stm32cube/lib..__modules__hal__stm32__stm32cube.a(stm32f4xx_hal_pcd.c.obj)
                0x000000000800d1dc                HAL_PCD_Start
 .text.HAL_PCD_Stop
                0x000000000800d21c       0x48 modules/hal_stm32/stm32cube/lib..__modules__hal__stm32__stm32cube.a(stm32f4xx_hal_pcd.c.obj)
                0x000000000800d21c                HAL_PCD_Stop
 .text.HAL_PCD_SOFCallback
                0x000000000800d264        0x2 modules/hal_stm32/stm32cube/lib..__modules__hal__stm32__stm32cube.a(stm32f4xx_hal_pcd.c.obj)
                0x000000000800d264                HAL_PCD_SOFCallback
 .text.HAL_PCD_ISOOUTIncompleteCallback
                0x000000000800d266        0x2 modules/hal_stm32/stm32cube/lib..__modules__hal__stm32__stm32cube.a(stm32f4xx_hal_pcd.c.obj)
                0x000000000800d266                HAL_PCD_ISOOUTIncompleteCallback
 .text.HAL_PCD_SetAddress
                0x000000000800d268       0x26 modules/hal_stm32/stm32cube/lib..__modules__hal__stm32__stm32cube.a(stm32f4xx_hal_pcd.c.obj)
                0x000000000800d268                HAL_PCD_SetAddress
 .text.HAL_PCD_EP_Open
                0x000000000800d28e       0x72 modules/hal_stm32/stm32cube/lib..__modules__hal__stm32__stm32cube.a(stm32f4xx_hal_pcd.c.obj)
                0x000000000800d28e                HAL_PCD_EP_Open
 .text.HAL_PCD_EP_Close
                0x000000000800d300       0x5c modules/hal_stm32/stm32cube/lib..__modules__hal__stm32__stm32cube.a(stm32f4xx_hal_pcd.c.obj)
                0x000000000800d300                HAL_PCD_EP_Close
 .text.HAL_PCD_EP_Receive
                0x000000000800d35c       0x3c modules/hal_stm32/stm32cube/lib..__modules__hal__stm32__stm32cube.a(stm32f4xx_hal_pcd.c.obj)
                0x000000000800d35c                HAL_PCD_EP_Receive
 .text.HAL_PCD_EP_GetRxCount
                0x000000000800d398       0x10 modules/hal_stm32/stm32cube/lib..__modules__hal__stm32__stm32cube.a(stm32f4xx_hal_pcd.c.obj)
                0x000000000800d398                HAL_PCD_EP_GetRxCount
 .text.HAL_PCD_EP_Transmit
                0x000000000800d3a8       0x34 modules/hal_stm32/stm32cube/lib..__modules__hal__stm32__stm32cube.a(stm32f4xx_hal_pcd.c.obj)
                0x000000000800d3a8                HAL_PCD_EP_Transmit
 .text.HAL_PCD_EP_SetStall
                0x000000000800d3dc       0x6e modules/hal_stm32/stm32cube/lib..__modules__hal__stm32__stm32cube.a(stm32f4xx_hal_pcd.c.obj)
                0x000000000800d3dc                HAL_PCD_EP_SetStall
 .text.HAL_PCD_EP_ClrStall
                0x000000000800d44a       0x6a modules/hal_stm32/stm32cube/lib..__modules__hal__stm32__stm32cube.a(stm32f4xx_hal_pcd.c.obj)
                0x000000000800d44a                HAL_PCD_EP_ClrStall
 .text.HAL_PCD_EP_Abort
                0x000000000800d4b4       0x20 modules/hal_stm32/stm32cube/lib..__modules__hal__stm32__stm32cube.a(stm32f4xx_hal_pcd.c.obj)
                0x000000000800d4b4                HAL_PCD_EP_Abort
 .text.HAL_PCDEx_SetTxFiFo
                0x000000000800d4d4       0x3e modules/hal_stm32/stm32cube/lib..__modules__hal__stm32__stm32cube.a(stm32f4xx_hal_pcd_ex.c.obj)
                0x000000000800d4d4                HAL_PCDEx_SetTxFiFo
 .text.HAL_PCDEx_SetRxFiFo
                0x000000000800d512        0x8 modules/hal_stm32/stm32cube/lib..__modules__hal__stm32__stm32cube.a(stm32f4xx_hal_pcd_ex.c.obj)
                0x000000000800d512                HAL_PCDEx_SetRxFiFo
 .text.HAL_PCDEx_LPM_Callback
                0x000000000800d51a        0x2 modules/hal_stm32/stm32cube/lib..__modules__hal__stm32__stm32cube.a(stm32f4xx_hal_pcd_ex.c.obj)
                0x000000000800d51a                HAL_PCDEx_LPM_Callback
 .text.USB_CoreReset
                0x000000000800d51c       0x50 modules/hal_stm32/stm32cube/lib..__modules__hal__stm32__stm32cube.a(stm32f4xx_ll_usb.c.obj)
 .text.USB_CoreInit
                0x000000000800d56c       0x88 modules/hal_stm32/stm32cube/lib..__modules__hal__stm32__stm32cube.a(stm32f4xx_ll_usb.c.obj)
                0x000000000800d56c                USB_CoreInit
 .text.USB_EnableGlobalInt
                0x000000000800d5f4        0xc modules/hal_stm32/stm32cube/lib..__modules__hal__stm32__stm32cube.a(stm32f4xx_ll_usb.c.obj)
                0x000000000800d5f4                USB_EnableGlobalInt
 .text.USB_DisableGlobalInt
                0x000000000800d600        0xc modules/hal_stm32/stm32cube/lib..__modules__hal__stm32__stm32cube.a(stm32f4xx_ll_usb.c.obj)
                0x000000000800d600                USB_DisableGlobalInt
 .text.USB_SetCurrentMode
                0x000000000800d60c       0x60 modules/hal_stm32/stm32cube/lib..__modules__hal__stm32__stm32cube.a(stm32f4xx_ll_usb.c.obj)
                0x000000000800d60c                USB_SetCurrentMode
 .text.USB_FlushTxFifo
                0x000000000800d66c       0x46 modules/hal_stm32/stm32cube/lib..__modules__hal__stm32__stm32cube.a(stm32f4xx_ll_usb.c.obj)
                0x000000000800d66c                USB_FlushTxFifo
 .text.USB_FlushRxFifo
                0x000000000800d6b2       0x42 modules/hal_stm32/stm32cube/lib..__modules__hal__stm32__stm32cube.a(stm32f4xx_ll_usb.c.obj)
                0x000000000800d6b2                USB_FlushRxFifo
 .text.USB_SetDevSpeed
                0x000000000800d6f4        0xe modules/hal_stm32/stm32cube/lib..__modules__hal__stm32__stm32cube.a(stm32f4xx_ll_usb.c.obj)
                0x000000000800d6f4                USB_SetDevSpeed
 .text.USB_GetDevSpeed
                0x000000000800d702       0x16 modules/hal_stm32/stm32cube/lib..__modules__hal__stm32__stm32cube.a(stm32f4xx_ll_usb.c.obj)
                0x000000000800d702                USB_GetDevSpeed
 .text.USB_ActivateEndpoint
                0x000000000800d718       0x7e modules/hal_stm32/stm32cube/lib..__modules__hal__stm32__stm32cube.a(stm32f4xx_ll_usb.c.obj)
                0x000000000800d718                USB_ActivateEndpoint
 .text.USB_EPStopXfer
                0x000000000800d796       0x9c modules/hal_stm32/stm32cube/lib..__modules__hal__stm32__stm32cube.a(stm32f4xx_ll_usb.c.obj)
                0x000000000800d796                USB_EPStopXfer
 .text.USB_WritePacket
                0x000000000800d832       0x26 modules/hal_stm32/stm32cube/lib..__modules__hal__stm32__stm32cube.a(stm32f4xx_ll_usb.c.obj)
                0x000000000800d832                USB_WritePacket
 .text.USB_ReadPacket
                0x000000000800d858       0x40 modules/hal_stm32/stm32cube/lib..__modules__hal__stm32__stm32cube.a(stm32f4xx_ll_usb.c.obj)
                0x000000000800d858                USB_ReadPacket
 .text.USB_EPSetStall