Archive member included to satisfy reference by file (symbol)

app/libapp.a(main.c.obj)      (--whole-archive)
zephyr/libzephyr.a(validate_libc.c.obj)
                              (--whole-archive)
zephyr/libzephyr.a(heap.c.obj)
                              (--whole-archive)
zephyr/libzephyr.a(cbprintf_packaged.c.obj)
                              (--whole-archive)
zephyr/libzephyr.a(clock.c.obj)
                              (--whole-archive)
zephyr/libzephyr.a(printk.c.obj)
                              (--whole-archive)
zephyr/libzephyr.a(sem.c.obj)
                              (--whole-archive)
zephyr/libzephyr.a(thread_entry.c.obj)
                              (--whole-archive)
zephyr/libzephyr.a(cbprintf_complete.c.obj)
                              (--whole-archive)
zephyr/libzephyr.a(assert.c.obj)
                              (--whole-archive)
zephyr/libzephyr.a(dec.c.obj)
                              (--whole-archive)
zephyr/libzephyr.a(hex.c.obj)
                              (--whole-archive)
zephyr/libzephyr.a(rb.c.obj)  (--whole-archive)
zephyr/libzephyr.a(timeutil.c.obj)
                              (--whole-archive)
zephyr/libzephyr.a(bitarray.c.obj)
                              (--whole-archive)
zephyr/libzephyr.a(bitmask.c.obj)
                              (--whole-archive)
zephyr/libzephyr.a(getopt.c.obj)
                              (--whole-archive)
zephyr/libzephyr.a(getopt_common.c.obj)
                              (--whole-archive)
zephyr/libzephyr.a(ring_buffer.c.obj)
                              (--whole-archive)
zephyr/libzephyr.a(last_section_id.c.obj)
                              (--whole-archive)
zephyr/libzephyr.a(configs.c.obj)
                              (--whole-archive)
zephyr/libzephyr.a(stm32cube_hal.c.obj)
                              (--whole-archive)
zephyr/libzephyr.a(soc_config.c.obj)
                              (--whole-archive)
zephyr/libzephyr.a(stm32_backup_domain.c.obj)
                              (--whole-archive)
zephyr/libzephyr.a(soc.c.obj)
                              (--whole-archive)
zephyr/libzephyr.a(mem_attr.c.obj)
                              (--whole-archive)
zephyr/libzephyr.a(tracing_none.c.obj)
                              (--whole-archive)
zephyr/libzephyr.a(usb_device.c.obj)
                              (--whole-archive)
zephyr/libzephyr.a(usb_descriptor.c.obj)
                              (--whole-archive)
zephyr/libzephyr.a(usb_transfer.c.obj)
                              (--whole-archive)
zephyr/libzephyr.a(cdc_acm.c.obj)
                              (--whole-archive)
zephyr/libzephyr.a(usb_work_q.c.obj)
                              (--whole-archive)
zephyr/arch/common/libarch__common.a(sw_isr_common.c.obj)
                              (--whole-archive)
zephyr/arch/common/libarch__common.a(init.c.obj)
                              (--whole-archive)
zephyr/arch/common/libarch__common.a(xip.c.obj)
                              (--whole-archive)
zephyr/arch/arch/arm/core/libarch__arm__core.a(fatal.c.obj)
                              (--whole-archive)
zephyr/arch/arch/arm/core/libarch__arm__core.a(nmi.c.obj)
                              (--whole-archive)
zephyr/arch/arch/arm/core/libarch__arm__core.a(nmi_on_reset.S.obj)
                              (--whole-archive)
zephyr/arch/arch/arm/core/libarch__arm__core.a(tls.c.obj)
                              (--whole-archive)
zephyr/arch/arch/arm/core/cortex_m/libarch__arm__core__cortex_m.a(exc_exit.c.obj)
                              (--whole-archive)
zephyr/arch/arch/arm/core/cortex_m/libarch__arm__core__cortex_m.a(fault.c.obj)
                              (--whole-archive)
zephyr/arch/arch/arm/core/cortex_m/libarch__arm__core__cortex_m.a(fault_s.S.obj)
                              (--whole-archive)
zephyr/arch/arch/arm/core/cortex_m/libarch__arm__core__cortex_m.a(fpu.c.obj)
                              (--whole-archive)
zephyr/arch/arch/arm/core/cortex_m/libarch__arm__core__cortex_m.a(reset.S.obj)
                              (--whole-archive)
zephyr/arch/arch/arm/core/cortex_m/libarch__arm__core__cortex_m.a(scb.c.obj)
                              (--whole-archive)
zephyr/arch/arch/arm/core/cortex_m/libarch__arm__core__cortex_m.a(thread_abort.c.obj)
                              (--whole-archive)
zephyr/arch/arch/arm/core/cortex_m/libarch__arm__core__cortex_m.a(vector_table.S.obj)
                              (--whole-archive)
zephyr/arch/arch/arm/core/cortex_m/libarch__arm__core__cortex_m.a(swap_helper.S.obj)
                              (--whole-archive)
zephyr/arch/arch/arm/core/cortex_m/libarch__arm__core__cortex_m.a(irq_manage.c.obj)
                              (--whole-archive)
zephyr/arch/arch/arm/core/cortex_m/libarch__arm__core__cortex_m.a(prep_c.c.obj)
                              (--whole-archive)
zephyr/arch/arch/arm/core/cortex_m/libarch__arm__core__cortex_m.a(thread.c.obj)
                              (--whole-archive)
[...]
Memory Configuration

Name             Origin             Length             Attributes
FLASH            0x0000000008000000 0x0000000000080000 xr
RAM              0x0000000020000000 0x0000000000020000 xw
SRAM0            0x0000000020000000 0x0000000000020000 rw
IDT_LIST         0x00000000ffff7fff 0x0000000000008000 xw
*default*        0x0000000000000000 0xffffffffffffffff

Linker script and memory map

                0x000000000800645c                vfprintf = __d_vfprintf
                0x0000000000000000                vfscanf = __d_vfscanf
LOAD zephyr/CMakeFiles/zephyr_pre0.dir/misc/empty_file.c.obj
LOAD zephyr/CMakeFiles/offsets.dir/./arch/arm/core/offsets/offsets.c.obj
LOAD app/libapp.a
LOAD zephyr/libzephyr.a
LOAD zephyr/arch/common/libarch__common.a
LOAD zephyr/arch/arch/arm/core/libarch__arm__core.a
LOAD zephyr/arch/arch/arm/core/cortex_m/libarch__arm__core__cortex_m.a
LOAD zephyr/arch/arch/arm/core/mpu/libarch__arm__core__mpu.a
LOAD zephyr/lib/libc/picolibc/liblib__libc__picolibc.a
LOAD zephyr/lib/libc/common/liblib__libc__common.a
LOAD zephyr/lib/posix/c_lib_ext/liblib__posix__c_lib_ext.a
LOAD zephyr/drivers/interrupt_controller/libdrivers__interrupt_controller.a
LOAD zephyr/drivers/usb/device/libdrivers__usb__device.a
LOAD zephyr/drivers/clock_control/libdrivers__clock_control.a
LOAD zephyr/drivers/console/libdrivers__console.a
LOAD zephyr/drivers/gpio/libdrivers__gpio.a
LOAD zephyr/drivers/hwinfo/libdrivers__hwinfo.a
LOAD zephyr/drivers/pinctrl/libdrivers__pinctrl.a
LOAD zephyr/drivers/pwm/libdrivers__pwm.a
LOAD zephyr/drivers/reset/libdrivers__reset.a
LOAD zephyr/drivers/serial/libdrivers__serial.a
LOAD zephyr/drivers/spi/libdrivers__spi.a
LOAD zephyr/drivers/timer/libdrivers__timer.a
LOAD modules/cmsis-dsp/libmodules__cmsis-dsp.a
LOAD modules/hal_stm32/stm32cube/lib..__modules__hal__stm32__stm32cube.a
LOAD zephyr/kernel/libkernel.a
LOAD zephyr/arch/common/libisr_tables.a
LOAD /home/viktor/zephyr-standalone/zephyr-sdk-0.16.8/arm-zephyr-eabi/bin/../lib/gcc/../../picolibc/arm-zephyr-eabi/lib/thumb/v7e-m/nofp/libc.a
LOAD /home/viktor/zephyr-standalone/zephyr-sdk-0.16.8/arm-zephyr-eabi/bin/../lib/gcc/arm-zephyr-eabi/12.2.0/thumb/v7e-m/nofp/libgcc.a
                0x0000000000000020                _region_min_align = 0x20

.rel.plt        0x0000000008000000        0x0
 *(SORT_BY_ALIGNMENT(.rel.plt))
                [!provide]                        PROVIDE (__rel_iplt_start = .)
 *(SORT_BY_ALIGNMENT(.rel.iplt))
 .rel.iplt      0x0000000008000000        0x0 app/libapp.a(main.c.obj)
                [!provide]                        PROVIDE (__rel_iplt_end = .)

.rela.plt       0x0000000000000000        0x0
 *(SORT_BY_ALIGNMENT(.rela.plt))
                [!provide]                        PROVIDE (__rela_iplt_start = .)
 *(SORT_BY_ALIGNMENT(.rela.iplt))
                [!provide]                        PROVIDE (__rela_iplt_end = .)

.rel.dyn
 *(SORT_BY_ALIGNMENT(.rel.*))

.rela.dyn
 *(SORT_BY_ALIGNMENT(.rela.*))

/DISCARD/
 *(SORT_BY_ALIGNMENT(.plt))

/DISCARD/
 *(SORT_BY_ALIGNMENT(.iplt))
                0x0000000008000000                __rom_region_start = 0x8000000

rom_start       0x0000000008000000      0x198
                0x0000000008000000                __rom_start_address = .
 FILL mask 0x00
                0x0000000008000000                . = (. + (0x0 - (. - __rom_start_address)))
                0x0000000008000000                . = ALIGN (0x4)
                0x0000000008000000                . = ALIGN (0x80)
                0x0000000008000000                . = ALIGN (0x200)
                0x0000000008000000                _vector_start = .
 *(SORT_BY_ALIGNMENT(.exc_vector_table))
 *(SORT_BY_ALIGNMENT(.exc_vector_table.*))
 .exc_vector_table._vector_table_section
                0x0000000008000000       0x40 zephyr/arch/arch/arm/core/cortex_m/libarch__arm__core__cortex_m.a(vector_table.S.obj)
                0x0000000008000000                _vector_table
 *(SORT_BY_ALIGNMENT(.vectors))
                0x0000000008000198                _vector_end = .
                0x0000000008000040                . = ALIGN (0x4)
 *(SORT_BY_ALIGNMENT(.gnu.linkonce.irq_vector_table*))
 .gnu.linkonce.irq_vector_table
                0x0000000008000040      0x158 zephyr/arch/common/libisr_tables.a(isr_tables.c.obj)
                0x0000000008000040                _irq_vector_table
                0x0000000008000198                _vector_end = .

text            0x0000000008000198     0x9890
                0x0000000008000198                __text_region_start = .
 *(SORT_BY_ALIGNMENT(.text))
 .text          0x0000000008000198      0x168 /home/viktor/zephyr-standalone/zephyr-sdk-0.16.8/arm-zephyr-eabi/bin/../lib/gcc/arm-zephyr-eabi/12.2.0/thumb/v7e-m/nofp/libgcc.a(_arm_mulsf3.o)
                0x0000000008000198                __mulsf3
                0x0000000008000198                __aeabi_fmul
 .text          0x0000000008000300      0x21c /home/viktor/zephyr-standalone/zephyr-sdk-0.16.8/arm-zephyr-eabi/bin/../lib/gcc/arm-zephyr-eabi/12.2.0/thumb/v7e-m/nofp/libgcc.a(_arm_addsubsf3.o)
                0x0000000008000300                __aeabi_frsub
                0x0000000008000308                __subsf3
                0x0000000008000308                __aeabi_fsub
                0x000000000800030c                __aeabi_fadd
                0x000000000800030c                __addsf3
                0x000000000800046c                __aeabi_ui2f
                0x000000000800046c                __floatunsisf
                0x0000000008000474                __aeabi_i2f
                0x0000000008000474                __floatsisf
                0x0000000008000490                __floatundisf
                0x0000000008000490                __aeabi_ul2f
                0x00000000080004a0                __floatdisf
                0x00000000080004a0                __aeabi_l2f
 .text          0x000000000800051c       0x30 /home/viktor/zephyr-standalone/zephyr-sdk-0.16.8/arm-zephyr-eabi/bin/../lib/gcc/arm-zephyr-eabi/12.2.0/thumb/v7e-m/nofp/libgcc.a(_aeabi_uldivmod.o)
                0x000000000800051c                __aeabi_uldivmod
 .text          0x000000000800054c        0x4 /home/viktor/zephyr-standalone/zephyr-sdk-0.16.8/arm-zephyr-eabi/bin/../lib/gcc/arm-zephyr-eabi/12.2.0/thumb/v7e-m/nofp/libgcc.a(_dvmd_tls.o)
                0x000000000800054c                __aeabi_ldiv0
                0x000000000800054c                __aeabi_idiv0
 .text          0x0000000008000550       0x10 /home/viktor/zephyr-standalone/zephyr-sdk-0.16.8/arm-zephyr-eabi/bin/../lib/gcc/../../picolibc/arm-zephyr-eabi/lib/thumb/v7e-m/nofp/libc.a(strlen.S.o)
                0x0000000008000550                strlen
 .text          0x0000000008000560      0x2a0 /home/viktor/zephyr-standalone/zephyr-sdk-0.16.8/arm-zephyr-eabi/bin/../lib/gcc/arm-zephyr-eabi/12.2.0/thumb/v7e-m/nofp/libgcc.a(_udivmoddi4.o)
                0x0000000008000560                __udivmoddi4
 *(SORT_BY_ALIGNMENT(.text.*))
 .text.pwm_set.constprop.0.isra.0
                0x0000000008000800       0x94 app/libapp.a(main.c.obj)
 .text.read_encoder_raw
                0x0000000008000894       0x64 app/libapp.a(main.c.obj)
                0x0000000008000894                read_encoder_raw
 .text.set_motor_phase_hl
                0x00000000080008f8       0x94 app/libapp.a(main.c.obj)
                0x00000000080008f8                set_motor_phase_hl
 .text.set_motor_phase
                0x000000000800098c       0x2c app/libapp.a(main.c.obj)
                0x000000000800098c                set_motor_phase
 .text.calibrate_motor_direction
                0x00000000080009b8      0x100 app/libapp.a(main.c.obj)
                0x00000000080009b8                calibrate_motor_direction
 .text.read_as5048a_angle
                0x0000000008000ab8       0x80 app/libapp.a(main.c.obj)
                0x0000000008000ab8                read_as5048a_angle
 .text.main     0x0000000008000b38      0x12c app/libapp.a(main.c.obj)
                0x0000000008000b38                main
 .text.char_out
                0x0000000008000c64        0xc zephyr/libzephyr.a(printk.c.obj)
 .text.__printk_hook_install
                0x0000000008000c70        0xc zephyr/libzephyr.a(printk.c.obj)
                0x0000000008000c70                __printk_hook_install
 .text.vprintk  0x0000000008000c7c       0x30 zephyr/libzephyr.a(printk.c.obj)
                0x0000000008000c7c                vprintk
 .text.z_thread_entry
                0x0000000008000cac       0x34 zephyr/libzephyr.a(thread_entry.c.obj)
                0x0000000008000cac                z_thread_entry
 .text.st_stm32_common_config
                0x0000000008000ce0       0x14 zephyr/libzephyr.a(soc_config.c.obj)
 .text.soc_early_init_hook
                0x0000000008000cf4       0x30 zephyr/libzephyr.a(soc.c.obj)
                0x0000000008000cf4                soc_early_init_hook
 .text.mem_attr_get_regions
                0x0000000008000d24        0xc zephyr/libzephyr.a(mem_attr.c.obj)
                0x0000000008000d24                mem_attr_get_regions
 .text.class_handler
                0x0000000008000d30       0x44 zephyr/libzephyr.a(usb_device.c.obj)
 .text.custom_handler
                0x0000000008000d74       0x64 zephyr/libzephyr.a(usb_device.c.obj)
 .text.vendor_handler
                0x0000000008000dd8       0x3c zephyr/libzephyr.a(usb_device.c.obj)
 .text.disable_endpoint
                0x0000000008000e14       0x2c zephyr/libzephyr.a(usb_device.c.obj)
 .text.usb_reset_alt_setting
                0x0000000008000e40       0x10 zephyr/libzephyr.a(usb_device.c.obj)
 .text.is_ep_valid.part.0
                0x0000000008000e50       0x38 zephyr/libzephyr.a(usb_device.c.obj)
 .text.usb_halt_endpoint_req
                0x0000000008000e88       0x54 zephyr/libzephyr.a(usb_device.c.obj)
 .text.usb_handle_request.constprop.0
                0x0000000008000edc       0x2c zephyr/libzephyr.a(usb_device.c.obj)
 .text.forward_status_cb
                0x0000000008000f08       0xac zephyr/libzephyr.a(usb_device.c.obj)
 .text.set_endpoint
                0x0000000008000fb4       0x84 zephyr/libzephyr.a(usb_device.c.obj)
 .text.usb_handle_standard_request
                0x0000000008001038      0x2f4 zephyr/libzephyr.a(usb_device.c.obj)
 .text.usb_data_to_host
                0x000000000800132c       0x60 zephyr/libzephyr.a(usb_device.c.obj)
 .text.usb_handle_control_transfer
                0x000000000800138c       0xdc zephyr/libzephyr.a(usb_device.c.obj)
 .text.usb_set_config
                0x0000000008001468       0x2c zephyr/libzephyr.a(usb_device.c.obj)
                0x0000000008001468                usb_set_config
 .text.usb_enable
                0x0000000008001494      0x13c zephyr/libzephyr.a(usb_device.c.obj)
                0x0000000008001494                usb_enable
 .text.usb_update_sn_string_descriptor
                0x00000000080015d0       0x88 zephyr/libzephyr.a(usb_descriptor.c.obj)
                0x00000000080015d0                usb_update_sn_string_descriptor
 .text.usb_get_device_descriptor
                0x0000000008001658      0x1e4 zephyr/libzephyr.a(usb_descriptor.c.obj)
                0x0000000008001658                usb_get_device_descriptor
 .text.usb_ep_get_transfer
                0x000000000800183c       0x2c zephyr/libzephyr.a(usb_transfer.c.obj)
 .text.usb_transfer_work
                0x0000000008001868      0x100 zephyr/libzephyr.a(usb_transfer.c.obj)
 .text.usb_transfer_ep_callback
                0x0000000008001968       0x5c zephyr/libzephyr.a(usb_transfer.c.obj)
                0x0000000008001968                usb_transfer_ep_callback
 .text.usb_transfer
                0x00000000080019c4       0xe0 zephyr/libzephyr.a(usb_transfer.c.obj)
                0x00000000080019c4                usb_transfer
 .text.usb_cancel_transfer
                0x0000000008001aa4       0x3c zephyr/libzephyr.a(usb_transfer.c.obj)
                0x0000000008001aa4                usb_cancel_transfer
 .text.usb_cancel_transfers
                0x0000000008001ae0       0x44 zephyr/libzephyr.a(usb_transfer.c.obj)
                0x0000000008001ae0                usb_cancel_transfers
 .text.usb_transfer_init
                0x0000000008001b24       0x34 zephyr/libzephyr.a(usb_transfer.c.obj)
                0x0000000008001b24                usb_transfer_init
 .text.cdc_acm_irq_rx_enable
                0x0000000008001b58       0x20 zephyr/libzephyr.a(cdc_acm.c.obj)
 .text.cdc_acm_irq_tx_enable
                0x0000000008001b78       0x20 zephyr/libzephyr.a(cdc_acm.c.obj)
 .text.cdc_acm_fifo_fill
                0x0000000008001b98       0x3c zephyr/libzephyr.a(cdc_acm.c.obj)
 .text.cdc_acm_write_cb
                0x0000000008001bd4       0x54 zephyr/libzephyr.a(cdc_acm.c.obj)
 .text.cdc_acm_class_handle_req
                0x0000000008001c28       0x64 zephyr/libzephyr.a(cdc_acm.c.obj)
                0x0000000008001c28                cdc_acm_class_handle_req
 .text.cdc_acm_int_in
                0x0000000008001c8c       0x18 zephyr/libzephyr.a(cdc_acm.c.obj)
 .text.cdc_acm_reset_port
                0x0000000008001ca4       0x3c zephyr/libzephyr.a(cdc_acm.c.obj)
 .text.cdc_acm_init
                0x0000000008001ce0       0x48 zephyr/libzephyr.a(cdc_acm.c.obj)
 .text.cdc_acm_send_notification.isra.0
                0x0000000008001d28       0x44 zephyr/libzephyr.a(cdc_acm.c.obj)
 .text.cdc_acm_poll_out
                0x0000000008001d6c       0x84 zephyr/libzephyr.a(cdc_acm.c.obj)
 .text.tx_work_handler
                0x0000000008001df0       0x78 zephyr/libzephyr.a(cdc_acm.c.obj)
 .text.cdc_acm_read_cb
                0x0000000008001e68       0x74 zephyr/libzephyr.a(cdc_acm.c.obj)
 .text.cdc_acm_dev_status_cb
                0x0000000008001edc       0x84 zephyr/libzephyr.a(cdc_acm.c.obj)
 .text.z_usb_work_q_init
                0x0000000008001f60       0x34 zephyr/libzephyr.a(usb_work_q.c.obj)
 .text.arch_bss_zero
                0x0000000008001f94       0x18 zephyr/arch/common/libarch__common.a(init.c.obj)
                0x0000000008001f94                arch_bss_zero
 .text.arch_data_copy
                0x0000000008001fac       0x38 zephyr/arch/common/libarch__common.a(xip.c.obj)
                0x0000000008001fac                arch_data_copy
 .text.z_arm_fatal_error
                0x0000000008001fe4       0x60 zephyr/arch/arch/arm/core/libarch__arm__core.a(fatal.c.obj)
                0x0000000008001fe4                z_arm_fatal_error
 .text.z_SysNmiOnReset
                0x0000000008002044        0x8 zephyr/arch/arch/arm/core/libarch__arm__core.a(nmi_on_reset.S.obj)
                0x0000000008002044                z_SysNmiOnReset
 .text.arch_tls_stack_setup
                0x000000000800204c       0x40 zephyr/arch/arch/arm/core/libarch__arm__core.a(tls.c.obj)
                0x000000000800204c                arch_tls_stack_setup
 .text._HandlerModeExit
                0x000000000800208c       0x20 zephyr/arch/arch/arm/core/cortex_m/libarch__arm__core__cortex_m.a(exc_exit.c.obj)
                0x000000000800208c                z_arm_exc_exit
                0x000000000800208c                z_arm_int_exit
 .text.mem_manage_fault
                0x00000000080020ac       0xf0 zephyr/arch/arch/arm/core/cortex_m/libarch__arm__core__cortex_m.a(fault.c.obj)
 .text.usage_fault.constprop.0
                0x000000000800219c       0x98 zephyr/arch/arch/arm/core/cortex_m/libarch__arm__core__cortex_m.a(fault.c.obj)
 .text.bus_fault.constprop.0
                0x0000000008002234       0xb8 zephyr/arch/arch/arm/core/cortex_m/libarch__arm__core__cortex_m.a(fault.c.obj)
 .text.z_arm_fault
                0x00000000080022ec      0x1a0 zephyr/arch/arch/arm/core/cortex_m/libarch__arm__core__cortex_m.a(fault.c.obj)
                0x00000000080022ec                z_arm_fault
 .text.z_arm_fault_init
                0x000000000800248c       0x18 zephyr/arch/arch/arm/core/cortex_m/libarch__arm__core__cortex_m.a(fault.c.obj)
                0x000000000800248c                z_arm_fault_init
 .text.__fault  0x00000000080024a4       0x14 zephyr/arch/arch/arm/core/cortex_m/libarch__arm__core__cortex_m.a(fault_s.S.obj)
                0x00000000080024a4                z_arm_bus_fault
                0x00000000080024a4                z_arm_usage_fault
                0x00000000080024a4                z_arm_mpu_fault
                0x00000000080024a4                z_arm_exc_spurious
                0x00000000080024a4                z_arm_debug_monitor
                0x00000000080024a4                z_arm_hard_fault
 .text._reset_section
                0x00000000080024b8       0x34 zephyr/arch/arch/arm/core/cortex_m/libarch__arm__core__cortex_m.a(reset.S.obj)
                0x00000000080024b8                z_arm_reset
                0x00000000080024b8                __start
 .text.z_impl_k_thread_abort
                0x00000000080024ec       0x2c zephyr/arch/arch/arm/core/cortex_m/libarch__arm__core__cortex_m.a(thread_abort.c.obj)
                0x00000000080024ec                z_impl_k_thread_abort
 .text.z_arm_pendsv
                0x0000000008002518       0x60 zephyr/arch/arch/arm/core/cortex_m/libarch__arm__core__cortex_m.a(swap_helper.S.obj)
                0x0000000008002518                z_arm_pendsv
 .text.z_arm_svc
                0x0000000008002578       0x24 zephyr/arch/arch/arm/core/cortex_m/libarch__arm__core__cortex_m.a(swap_helper.S.obj)
                0x0000000008002578                z_arm_svc
 .text.arm_irq_enable
                0x000000000800259c       0x1c zephyr/arch/arch/arm/core/cortex_m/libarch__arm__core__cortex_m.a(irq_manage.c.obj)
                0x000000000800259c                arm_irq_enable
 .text.arm_irq_disable
                0x00000000080025b8       0x28 zephyr/arch/arch/arm/core/cortex_m/libarch__arm__core__cortex_m.a(irq_manage.c.obj)
                0x00000000080025b8                arm_irq_disable
 .text.arm_irq_priority_set
                0x00000000080025e0       0x30 zephyr/arch/arch/arm/core/cortex_m/libarch__arm__core__cortex_m.a(irq_manage.c.obj)
                0x00000000080025e0                arm_irq_priority_set
 .text.relocate_vector_table
                0x0000000008002610       0x1c zephyr/arch/arch/arm/core/cortex_m/libarch__arm__core__cortex_m.a(prep_c.c.obj)
                0x0000000008002610                relocate_vector_table
 .text.z_prep_c
                0x000000000800262c       0x38 zephyr/arch/arch/arm/core/cortex_m/libarch__arm__core__cortex_m.a(prep_c.c.obj)
                0x000000000800262c                z_prep_c
 .text.arch_new_thread
                0x0000000008002664       0x38 zephyr/arch/arch/arm/core/cortex_m/libarch__arm__core__cortex_m.a(thread.c.obj)
                0x0000000008002664                arch_new_thread
 .text.z_check_thread_stack_fail
                0x000000000800269c       0x2c zephyr/arch/arch/arm/core/cortex_m/libarch__arm__core__cortex_m.a(thread.c.obj)
                0x000000000800269c                z_check_thread_stack_fail
 .text.arch_switch_to_main_thread
                0x00000000080026c8       0x3c zephyr/arch/arch/arm/core/cortex_m/libarch__arm__core__cortex_m.a(thread.c.obj)
                0x00000000080026c8                arch_switch_to_main_thread
 .text.z_arm_cpu_idle_init
                0x0000000008002704        0xc zephyr/arch/arch/arm/core/cortex_m/libarch__arm__core__cortex_m.a(cpu_idle.c.obj)
                0x0000000008002704                z_arm_cpu_idle_init
 .text.z_arm_interrupt_init
                0x0000000008002710       0x18 zephyr/arch/arch/arm/core/cortex_m/libarch__arm__core__cortex_m.a(irq_init.c.obj)
                0x0000000008002710                z_arm_interrupt_init
 .text._isr_wrapper
                0x0000000008002728       0x24 zephyr/arch/arch/arm/core/cortex_m/libarch__arm__core__cortex_m.a(isr_wrapper.c.obj)
                0x0000000008002728                _isr_wrapper
 .text.__aeabi_read_tp
                0x000000000800274c        0xc zephyr/arch/arch/arm/core/cortex_m/libarch__arm__core__cortex_m.a(__aeabi_read_tp.S.obj)
                0x000000000800274c                __aeabi_read_tp
 .text.z_arm_configure_static_mpu_regions
                0x0000000008002758       0x18 zephyr/arch/arch/arm/core/mpu/libarch__arm__core__mpu.a(arm_core_mpu.c.obj)
                0x0000000008002758                z_arm_configure_static_mpu_regions
 .text.z_arm_configure_dynamic_mpu_regions
                0x0000000008002770       0x20 zephyr/arch/arch/arm/core/mpu/libarch__arm__core__mpu.a(arm_core_mpu.c.obj)
                0x0000000008002770                z_arm_configure_dynamic_mpu_regions
 .text.region_init
                0x0000000008002790       0x28 zephyr/arch/arch/arm/core/mpu/libarch__arm__core__mpu.a(arm_mpu.c.obj)
 .text.mpu_configure_regions
                0x00000000080027b8       0x6c zephyr/arch/arch/arm/core/mpu/libarch__arm__core__mpu.a(arm_mpu.c.obj)
 .text.arm_core_mpu_enable
                0x0000000008002824       0x18 zephyr/arch/arch/arm/core/mpu/libarch__arm__core__mpu.a(arm_mpu.c.obj)
                0x0000000008002824                arm_core_mpu_enable
 .text.arm_core_mpu_disable
                0x000000000800283c       0x14 zephyr/arch/arch/arm/core/mpu/libarch__arm__core__mpu.a(arm_mpu.c.obj)
                0x000000000800283c                arm_core_mpu_disable
 .text.arm_core_mpu_configure_static_mpu_regions
                0x0000000008002850       0x14 zephyr/arch/arch/arm/core/mpu/libarch__arm__core__mpu.a(arm_mpu.c.obj)
                0x0000000008002850                arm_core_mpu_configure_static_mpu_regions
 .text.arm_core_mpu_configure_dynamic_mpu_regions
                0x0000000008002864       0x38 zephyr/arch/arch/arm/core/mpu/libarch__arm__core__mpu.a(arm_mpu.c.obj)
                0x0000000008002864                arm_core_mpu_configure_dynamic_mpu_regions
 .text.z_arm_mpu_init
                0x000000000800289c      0x188 zephyr/arch/arch/arm/core/mpu/libarch__arm__core__mpu.a(arm_mpu.c.obj)
                0x000000000800289c                z_arm_mpu_init
 .text.z_impl_zephyr_fputc
                0x0000000008002a24       0x10 zephyr/lib/libc/picolibc/liblib__libc__picolibc.a(stdio.c.obj)
                0x0000000008002a24                z_impl_zephyr_fputc
 .text.__stdout_hook_install
                0x0000000008002a34       0x18 zephyr/lib/libc/picolibc/liblib__libc__picolibc.a(stdio.c.obj)
                0x0000000008002a34                __stdout_hook_install
 .text.malloc_prepare
                0x0000000008002a4c       0x24 zephyr/lib/libc/common/liblib__libc__common.a(malloc.c.obj)
 .text.stm32_exti_init
                0x0000000008002a70       0x3c zephyr/drivers/interrupt_controller/libdrivers__interrupt_controller.a(intc_exti_stm32.c.obj)
 .text.stm32_exti_is_pending
                0x0000000008002aac       0x20 zephyr/drivers/interrupt_controller/libdrivers__interrupt_controller.a(intc_exti_stm32.c.obj)
                0x0000000008002aac                stm32_exti_is_pending
 .text.stm32_exti_clear_pending
                0x0000000008002acc       0x20 zephyr/drivers/interrupt_controller/libdrivers__interrupt_controller.a(intc_exti_stm32.c.obj)
                0x0000000008002acc                stm32_exti_clear_pending
 .text.stm32_fill_irq_table
                0x0000000008002aec       0x18 zephyr/drivers/interrupt_controller/libdrivers__interrupt_controller.a(intc_gpio_stm32.c.obj)
 .text.stm32_intc_gpio_isr
                0x0000000008002b04       0x4c zephyr/drivers/interrupt_controller/libdrivers__interrupt_controller.a(intc_gpio_stm32.c.obj)
 .text.stm32_gpio_intc_enable_line
                0x0000000008002b50       0x2c zephyr/drivers/interrupt_controller/libdrivers__interrupt_controller.a(intc_gpio_stm32.c.obj)
                0x0000000008002b50                stm32_gpio_intc_enable_line
 .text.stm32_gpio_intc_disable_line
                0x0000000008002b7c       0x10 zephyr/drivers/interrupt_controller/libdrivers__interrupt_controller.a(intc_gpio_stm32.c.obj)
                0x0000000008002b7c                stm32_gpio_intc_disable_line
 .text.stm32_gpio_intc_select_line_trigger
                0x0000000008002b8c       0x50 zephyr/drivers/interrupt_controller/libdrivers__interrupt_controller.a(intc_gpio_stm32.c.obj)
                0x0000000008002b8c                stm32_gpio_intc_select_line_trigger
 .text.stm32_gpio_intc_set_irq_callback
                0x0000000008002bdc       0x40 zephyr/drivers/interrupt_controller/libdrivers__interrupt_controller.a(intc_gpio_stm32.c.obj)
                0x0000000008002bdc                stm32_gpio_intc_set_irq_callback
 .text.stm32_gpio_intc_remove_irq_callback
                0x0000000008002c1c       0x24 zephyr/drivers/interrupt_controller/libdrivers__interrupt_controller.a(intc_gpio_stm32.c.obj)
                0x0000000008002c1c                stm32_gpio_intc_remove_irq_callback
 .text.stm32_exti_get_line_src_port
                0x0000000008002c40       0x30 zephyr/drivers/interrupt_controller/libdrivers__interrupt_controller.a(intc_gpio_stm32.c.obj)
                0x0000000008002c40                stm32_exti_get_line_src_port
 .text.usb_dc_stm32_get_ep_state
                0x0000000008002c70       0x28 zephyr/drivers/usb/device/libdrivers__usb__device.a(usb_dc_stm32.c.obj)
 .text.usb_dc_stm32_isr
                0x0000000008002c98        0xc zephyr/drivers/usb/device/libdrivers__usb__device.a(usb_dc_stm32.c.obj)
 .text.usb_dc_attach
                0x0000000008002ca4      0x138 zephyr/drivers/usb/device/libdrivers__usb__device.a(usb_dc_stm32.c.obj)
                0x0000000008002ca4                usb_dc_attach
 .text.usb_dc_set_status_callback
                0x0000000008002ddc        0xc zephyr/drivers/usb/device/libdrivers__usb__device.a(usb_dc_stm32.c.obj)
                0x0000000008002ddc                usb_dc_set_status_callback
 .text.usb_dc_set_address
                0x0000000008002de8       0x1c zephyr/drivers/usb/device/libdrivers__usb__device.a(usb_dc_stm32.c.obj)
                0x0000000008002de8                usb_dc_set_address
 .text.usb_dc_ep_start_read
                0x0000000008002e04       0x40 zephyr/drivers/usb/device/libdrivers__usb__device.a(usb_dc_stm32.c.obj)
                0x0000000008002e04                usb_dc_ep_start_read
 .text.usb_dc_ep_get_read_count
                0x0000000008002e44       0x24 zephyr/drivers/usb/device/libdrivers__usb__device.a(usb_dc_stm32.c.obj)
                0x0000000008002e44                usb_dc_ep_get_read_count
 .text.usb_dc_ep_set_stall
                0x0000000008002e68       0x2c zephyr/drivers/usb/device/libdrivers__usb__device.a(usb_dc_stm32.c.obj)
                0x0000000008002e68                usb_dc_ep_set_stall
 .text.usb_dc_ep_clear_stall
                0x0000000008002e94       0x34 zephyr/drivers/usb/device/libdrivers__usb__device.a(usb_dc_stm32.c.obj)
                0x0000000008002e94                usb_dc_ep_clear_stall
 .text.usb_dc_ep_enable
                0x0000000008002ec8       0x48 zephyr/drivers/usb/device/libdrivers__usb__device.a(usb_dc_stm32.c.obj)
                0x0000000008002ec8                usb_dc_ep_enable
 .text.usb_dc_ep_disable
                0x0000000008002f10       0x44 zephyr/drivers/usb/device/libdrivers__usb__device.a(usb_dc_stm32.c.obj)
                0x0000000008002f10                usb_dc_ep_disable
 .text.usb_dc_ep_write
                0x0000000008002f54       0xa4 zephyr/drivers/usb/device/libdrivers__usb__device.a(usb_dc_stm32.c.obj)
                0x0000000008002f54                usb_dc_ep_write
 .text.usb_dc_ep_read_wait
                0x0000000008002ff8       0x60 zephyr/drivers/usb/device/libdrivers__usb__device.a(usb_dc_stm32.c.obj)
                0x0000000008002ff8                usb_dc_ep_read_wait
 .text.usb_dc_ep_read_continue
                0x0000000008003058       0x38 zephyr/drivers/usb/device/libdrivers__usb__device.a(usb_dc_stm32.c.obj)
                0x0000000008003058                usb_dc_ep_read_continue
 .text.HAL_PCD_ResetCallback
                0x0000000008003090       0x54 zephyr/drivers/usb/device/libdrivers__usb__device.a(usb_dc_stm32.c.obj)
                0x0000000008003090                HAL_PCD_ResetCallback
 .text.HAL_PCD_ConnectCallback
                0x00000000080030e4       0x14 zephyr/drivers/usb/device/libdrivers__usb__device.a(usb_dc_stm32.c.obj)
                0x00000000080030e4                HAL_PCD_ConnectCallback
 .text.HAL_PCD_DisconnectCallback
                0x00000000080030f8       0x14 zephyr/drivers/usb/device/libdrivers__usb__device.a(usb_dc_stm32.c.obj)
                0x00000000080030f8                HAL_PCD_DisconnectCallback
 .text.HAL_PCD_SuspendCallback
                0x000000000800310c       0x14 zephyr/drivers/usb/device/libdrivers__usb__device.a(usb_dc_stm32.c.obj)
                0x000000000800310c                HAL_PCD_SuspendCallback
 .text.HAL_PCD_ResumeCallback
                0x0000000008003120       0x14 zephyr/drivers/usb/device/libdrivers__usb__device.a(usb_dc_stm32.c.obj)
                0x0000000008003120                HAL_PCD_ResumeCallback
 .text.HAL_PCD_SetupStageCallback
                0x0000000008003134       0x4c zephyr/drivers/usb/device/libdrivers__usb__device.a(usb_dc_stm32.c.obj)
                0x0000000008003134                HAL_PCD_SetupStageCallback
 .text.stm32_clock_control_get_subsys_rate
                0x0000000008003180      0x100 zephyr/drivers/clock_control/libdrivers__clock_control.a(clock_stm32_ll_common.c.obj)
 .text.enabled_clock
                0x0000000008003280       0x20 zephyr/drivers/clock_control/libdrivers__clock_control.a(clock_stm32_ll_common.c.obj)
                0x0000000008003280                enabled_clock
 .text.stm32_clock_control_init
                0x00000000080032a0      0x13c zephyr/drivers/clock_control/libdrivers__clock_control.a(clock_stm32_ll_common.c.obj)
                0x00000000080032a0                stm32_clock_control_init
 .text.get_pllsrc_frequency
                0x00000000080033dc        0x8 zephyr/drivers/clock_control/libdrivers__clock_control.a(clock_stm32f2_f4_f7.c.obj)
                0x00000000080033dc                get_pllsrc_frequency
 .text.config_pll_sysclock
                0x00000000080033e4       0x38 zephyr/drivers/clock_control/libdrivers__clock_control.a(clock_stm32f2_f4_f7.c.obj)
                0x00000000080033e4                config_pll_sysclock
 .text.config_enable_default_clocks
                0x000000000800341c       0x20 zephyr/drivers/clock_control/libdrivers__clock_control.a(clock_stm32f2_f4_f7.c.obj)
                0x000000000800341c                config_enable_default_clocks
 .text.uart_console_init
                0x000000000800343c       0x28 zephyr/drivers/console/libdrivers__console.a(uart_console.c.obj)
 .text.console_out
                0x0000000008003464       0x28 zephyr/drivers/console/libdrivers__console.a(uart_console.c.obj)
 .text.gpio_stm32_pin_interrupt_configure
                0x000000000800348c       0xb0 zephyr/drivers/gpio/libdrivers__gpio.a(gpio_stm32.c.obj)
 .text.gpio_stm32_init
                0x000000000800353c       0x38 zephyr/drivers/gpio/libdrivers__gpio.a(gpio_stm32.c.obj)
 .text.z_impl_hwinfo_get_device_id
                0x0000000008003574       0x38 zephyr/drivers/hwinfo/libdrivers__hwinfo.a(hwinfo_stm32.c.obj)
                0x0000000008003574                z_impl_hwinfo_get_device_id
 .text.pinctrl_configure_pins
                0x00000000080035ac       0x84 zephyr/drivers/pinctrl/libdrivers__pinctrl.a(pinctrl_stm32.c.obj)
                0x00000000080035ac                pinctrl_configure_pins
 .text.pwm_stm32_set_cycles
                0x0000000008003630      0x23c zephyr/drivers/pwm/libdrivers__pwm.a(pwm_stm32.c.obj)
 .text.pwm_stm32_init
                0x000000000800386c      0x160 zephyr/drivers/pwm/libdrivers__pwm.a(pwm_stm32.c.obj)
 .text.uart_stm32_irq_err_enable
                0x00000000080039cc       0x58 zephyr/drivers/serial/libdrivers__serial.a(uart_stm32.c.obj)
 .text.uart_stm32_irq_err_disable
                0x0000000008003a24       0x58 zephyr/drivers/serial/libdrivers__serial.a(uart_stm32.c.obj)
 .text.uart_stm32_parameters_set
                0x0000000008003a7c      0x104 zephyr/drivers/serial/libdrivers__serial.a(uart_stm32.c.obj)
 .text.uart_stm32_configure
                0x0000000008003b80      0x134 zephyr/drivers/serial/libdrivers__serial.a(uart_stm32.c.obj)
 .text.spi_stm32_init
                0x0000000008003cb4       0xe0 zephyr/drivers/spi/libdrivers__spi.a(spi_stm32.c.obj)
 .text.spi_stm32_transceive
                0x0000000008003d94      0x38c zephyr/drivers/spi/libdrivers__spi.a(spi_stm32.c.obj)
 .text.elapsed  0x0000000008004120       0x4c zephyr/drivers/timer/libdrivers__timer.a(cortex_m_systick.c.obj)
 .text.sys_clock_driver_init
                0x000000000800416c       0x34 zephyr/drivers/timer/libdrivers__timer.a(cortex_m_systick.c.obj)
 .text.sys_clock_isr
                0x00000000080041a0       0x60 zephyr/drivers/timer/libdrivers__timer.a(cortex_m_systick.c.obj)
                0x00000000080041a0                sys_clock_isr
 .text.sys_clock_set_timeout
                0x0000000008004200       0xf8 zephyr/drivers/timer/libdrivers__timer.a(cortex_m_systick.c.obj)
                0x0000000008004200                sys_clock_set_timeout
 .text.sys_clock_elapsed
                0x00000000080042f8       0x3c zephyr/drivers/timer/libdrivers__timer.a(cortex_m_systick.c.obj)
                0x00000000080042f8                sys_clock_elapsed
 .text.sys_clock_cycle_get_32
                0x0000000008004334       0x28 zephyr/drivers/timer/libdrivers__timer.a(cortex_m_systick.c.obj)
                0x0000000008004334                sys_clock_cycle_get_32
 .text.HAL_RCC_GetSysClockFreq
                0x000000000800435c       0x5c modules/hal_stm32/stm32cube/lib..__modules__hal__stm32__stm32cube.a(stm32f4xx_hal_rcc.c.obj)
                0x000000000800435c                HAL_RCC_GetSysClockFreq
 .text.HAL_RCC_GetHCLKFreq
                0x00000000080043b8        0xc modules/hal_stm32/stm32cube/lib..__modules__hal__stm32__stm32cube.a(stm32f4xx_hal_rcc.c.obj)
                0x00000000080043b8                HAL_RCC_GetHCLKFreq
 .text.HAL_PCD_IRQHandler
                0x00000000080043c4      0x688 modules/hal_stm32/stm32cube/lib..__modules__hal__stm32__stm32cube.a(stm32f4xx_hal_pcd.c.obj)
                0x00000000080043c4                HAL_PCD_IRQHandler
 .text.USB_SetTurnaroundTime
                0x0000000008004a4c       0xe0 modules/hal_stm32/stm32cube/lib..__modules__hal__stm32__stm32cube.a(stm32f4xx_ll_usb.c.obj)
                0x0000000008004a4c                USB_SetTurnaroundTime
 .text.USB_DevInit
                0x0000000008004b2c      0x188 modules/hal_stm32/stm32cube/lib..__modules__hal__stm32__stm32cube.a(stm32f4xx_ll_usb.c.obj)
                0x0000000008004b2c                USB_DevInit
 .text.USB_DeactivateEndpoint
                0x0000000008004cb4       0xc0 modules/hal_stm32/stm32cube/lib..__modules__hal__stm32__stm32cube.a(stm32f4xx_ll_usb.c.obj)
                0x0000000008004cb4                USB_DeactivateEndpoint
 .text.USB_EPStartXfer
                0x0000000008004d74      0x1d0 modules/hal_stm32/stm32cube/lib..__modules__hal__stm32__stm32cube.a(stm32f4xx_ll_usb.c.obj)
                0x0000000008004d74                USB_EPStartXfer
 .text.USB_EP0_OutStart
                0x0000000008004f44       0x4c modules/hal_stm32/stm32cube/lib..__modules__hal__stm32__stm32cube.a(stm32f4xx_ll_usb.c.obj)
                0x0000000008004f44                USB_EP0_OutStart
 .text.LL_SetFlashLatency
                0x0000000008004f90      0x10c modules/hal_stm32/stm32cube/lib..__modules__hal__stm32__stm32cube.a(stm32f4xx_ll_utils.c.obj)
                0x0000000008004f90                LL_SetFlashLatency
 .text.z_fatal_error
                0x000000000800509c       0x30 zephyr/kernel/libkernel.a(fatal.c.obj)
                0x000000000800509c                z_fatal_error
 .text.z_sys_init_run_level
                0x00000000080050cc       0x30 zephyr/kernel/libkernel.a(init.c.obj)
 .text.bg_thread_main
                0x00000000080050fc       0xc0 zephyr/kernel/libkernel.a(init.c.obj)
 .text.z_init_cpu
                0x00000000080051bc       0x70 zephyr/kernel/libkernel.a(init.c.obj)
                0x00000000080051bc                z_init_cpu
 .text.z_cstart
                0x000000000800522c       0xcc zephyr/kernel/libkernel.a(init.c.obj)
                0x000000000800522c                z_cstart
 .text.z_impl_k_mutex_lock
                0x00000000080052f8       0xf0 zephyr/kernel/libkernel.a(mutex.c.obj)
                0x00000000080052f8                z_impl_k_mutex_lock
 .text.z_impl_k_mutex_unlock
                0x00000000080053e8       0xa0 zephyr/kernel/libkernel.a(mutex.c.obj)
                0x00000000080053e8                z_impl_k_mutex_unlock
 .text.z_impl_k_sem_give
                0x0000000008005488       0x68 zephyr/kernel/libkernel.a(sem.c.obj)
                0x0000000008005488                z_impl_k_sem_give
 .text.z_impl_k_sem_take
                0x00000000080054f0       0x4c zephyr/kernel/libkernel.a(sem.c.obj)
                0x00000000080054f0                z_impl_k_sem_take
 .text.work_queue_main
                0x000000000800553c      0x14c zephyr/kernel/libkernel.a(work.c.obj)
 .text.submit_to_queue_locked
                0x0000000008005688       0xb8 zephyr/kernel/libkernel.a(work.c.obj)
 .text.k_work_queue_start
                0x0000000008005740       0x80 zephyr/kernel/libkernel.a(work.c.obj)
                0x0000000008005740                k_work_queue_start
 .text.k_work_schedule_for_queue
                0x00000000080057c0       0x54 zephyr/kernel/libkernel.a(work.c.obj)
                0x00000000080057c0                k_work_schedule_for_queue
 .text.z_setup_new_thread
                0x0000000008005814       0x98 zephyr/kernel/libkernel.a(thread.c.obj)
                0x0000000008005814                z_setup_new_thread
 .text.z_impl_k_thread_create
                0x00000000080058ac       0x58 zephyr/kernel/libkernel.a(thread.c.obj)
                0x00000000080058ac                z_impl_k_thread_create
 .text.z_dummy_thread_init
                0x0000000008005904       0x18 zephyr/kernel/libkernel.a(thread.c.obj)
                0x0000000008005904                z_dummy_thread_init
 .text.z_swap_irqlock
                0x000000000800591c       0x30 zephyr/kernel/libkernel.a(sched.c.obj)
 .text.ready_thread
                0x000000000800594c       0x84 zephyr/kernel/libkernel.a(sched.c.obj)
 .text.unready_thread
                0x00000000080059d0       0x54 zephyr/kernel/libkernel.a(sched.c.obj)
 .text.add_thread_timeout
                0x0000000008005a24       0x1c zephyr/kernel/libkernel.a(sched.c.obj)
 .text.move_current_to_end_of_prio_q
                0x0000000008005a40       0x70 zephyr/kernel/libkernel.a(sched.c.obj)
                0x0000000008005a40                move_current_to_end_of_prio_q
 .text.z_pend_curr
                0x0000000008005ab0       0x44 zephyr/kernel/libkernel.a(sched.c.obj)
                0x0000000008005ab0                z_pend_curr
 .text.z_thread_prio_set
                0x0000000008005af4       0xe4 zephyr/kernel/libkernel.a(sched.c.obj)
                0x0000000008005af4                z_thread_prio_set
 .text.z_reschedule
                0x0000000008005bd8       0x24 zephyr/kernel/libkernel.a(sched.c.obj)
                0x0000000008005bd8                z_reschedule
 .text.z_reschedule_irqlock
                0x0000000008005bfc       0x28 zephyr/kernel/libkernel.a(sched.c.obj)
                0x0000000008005bfc                z_reschedule_irqlock
 .text.k_sched_lock
                0x0000000008005c24       0x28 zephyr/kernel/libkernel.a(sched.c.obj)
                0x0000000008005c24                k_sched_lock
 .text.k_sched_unlock
                0x0000000008005c4c       0x68 zephyr/kernel/libkernel.a(sched.c.obj)
                0x0000000008005c4c                k_sched_unlock
 .text.z_sched_init
                0x0000000008005cb4       0x10 zephyr/kernel/libkernel.a(sched.c.obj)
                0x0000000008005cb4                z_sched_init
 .text.z_impl_k_yield
                0x0000000008005cc4       0x88 zephyr/kernel/libkernel.a(sched.c.obj)
                0x0000000008005cc4                z_impl_k_yield
 .text.z_tick_sleep
                0x0000000008005d4c       0x78 zephyr/kernel/libkernel.a(sched.c.obj)
 .text.z_impl_k_wakeup
                0x0000000008005dc4       0x48 zephyr/kernel/libkernel.a(sched.c.obj)
                0x0000000008005dc4                z_impl_k_wakeup
 .text.z_impl_k_sched_current_thread_query
                0x0000000008005e0c        0xc zephyr/kernel/libkernel.a(sched.c.obj)
                0x0000000008005e0c                z_impl_k_sched_current_thread_query
 .text.z_thread_abort
                0x0000000008005e18      0x140 zephyr/kernel/libkernel.a(sched.c.obj)
                0x0000000008005e18                z_thread_abort
 .text.z_sched_wait
                0x0000000008005f58       0x24 zephyr/kernel/libkernel.a(sched.c.obj)
                0x0000000008005f58                z_sched_wait
 .text.z_time_slice_size
                0x0000000008005f7c       0x40 zephyr/kernel/libkernel.a(timeslicing.c.obj)
 .text.slice_timeout
                0x0000000008005fbc       0x20 zephyr/kernel/libkernel.a(timeslicing.c.obj)
 .text.z_reset_time_slice
                0x0000000008005fdc       0x48 zephyr/kernel/libkernel.a(timeslicing.c.obj)
                0x0000000008005fdc                z_reset_time_slice
 .text.z_time_slice
                0x0000000008006024       0x5c zephyr/kernel/libkernel.a(timeslicing.c.obj)
                0x0000000008006024                z_time_slice
 .text.first    0x0000000008006080       0x10 zephyr/kernel/libkernel.a(timeout.c.obj)
 .text.elapsed  0x0000000008006090       0x14 zephyr/kernel/libkernel.a(timeout.c.obj)
 .text.remove_timeout
                0x00000000080060a4       0x38 zephyr/kernel/libkernel.a(timeout.c.obj)
 .text.z_add_timeout
                0x00000000080060dc      0x120 zephyr/kernel/libkernel.a(timeout.c.obj)
                0x00000000080060dc                z_add_timeout
 .text.sys_clock_announce
                0x00000000080061fc       0xc0 zephyr/kernel/libkernel.a(timeout.c.obj)
                0x00000000080061fc                sys_clock_announce
 .text.sys_clock_tick_get
                0x00000000080062bc       0x30 zephyr/kernel/libkernel.a(timeout.c.obj)
                0x00000000080062bc                sys_clock_tick_get
 .text.boot_banner
                0x00000000080062ec        0xc zephyr/kernel/libkernel.a(banner.c.obj)
                0x00000000080062ec                boot_banner
 .text.k_sys_work_q_init
                0x00000000080062f8       0x2c zephyr/kernel/libkernel.a(system_work_q.c.obj)
 .text.skip_to_arg
                0x0000000008006324      0x138 /home/viktor/zephyr-standalone/zephyr-sdk-0.16.8/arm-zephyr-eabi/bin/../lib/gcc/../../picolibc/arm-zephyr-eabi/lib/thumb/v7e-m/nofp/libc.a(libc_tinystdio_vfprintf.c.o)
 .text.vfprintf
                0x000000000800645c      0x9f8 /home/viktor/zephyr-standalone/zephyr-sdk-0.16.8/arm-zephyr-eabi/bin/../lib/gcc/../../picolibc/arm-zephyr-eabi/lib/thumb/v7e-m/nofp/libc.a(libc_tinystdio_vfprintf.c.o)
                0x000000000800645c                __d_vfprintf
 .text.div10    0x0000000008006e54       0x28 /home/viktor/zephyr-standalone/zephyr-sdk-0.16.8/arm-zephyr-eabi/bin/../lib/gcc/../../picolibc/arm-zephyr-eabi/lib/thumb/v7e-m/nofp/libc.a(libc_tinystdio_dtoa_ryu.c.o)
 .text.__dtoa_engine
                0x0000000008006e7c      0x49c /home/viktor/zephyr-standalone/zephyr-sdk-0.16.8/arm-zephyr-eabi/bin/../lib/gcc/../../picolibc/arm-zephyr-eabi/lib/thumb/v7e-m/nofp/libc.a(libc_tinystdio_dtoa_ryu.c.o)
                0x0000000008006e7c                __dtoa_engine
 .text.__log10Pow2
                0x0000000008007318        0xc /home/viktor/zephyr-standalone/zephyr-sdk-0.16.8/arm-zephyr-eabi/bin/../lib/gcc/../../picolibc/arm-zephyr-eabi/lib/thumb/v7e-m/nofp/libc.a(libc_tinystdio_ryu_log10.c.o)
                0x0000000008007318                __log10Pow2
 .text.__log10Pow5
                0x0000000008007324        0xc /home/viktor/zephyr-standalone/zephyr-sdk-0.16.8/arm-zephyr-eabi/bin/../lib/gcc/../../picolibc/arm-zephyr-eabi/lib/thumb/v7e-m/nofp/libc.a(libc_tinystdio_ryu_log10.c.o)
                0x0000000008007324                __log10Pow5
 .text.__pow5bits
                0x0000000008007330       0x10 /home/viktor/zephyr-standalone/zephyr-sdk-0.16.8/arm-zephyr-eabi/bin/../lib/gcc/../../picolibc/arm-zephyr-eabi/lib/thumb/v7e-m/nofp/libc.a(libc_tinystdio_ryu_pow5bits.c.o)
                0x0000000008007330                __pow5bits
 .text.__pow5Factor
                0x0000000008007340       0x30 /home/viktor/zephyr-standalone/zephyr-sdk-0.16.8/arm-zephyr-eabi/bin/../lib/gcc/../../picolibc/arm-zephyr-eabi/lib/thumb/v7e-m/nofp/libc.a(libc_tinystdio_ryu_table.c.o)
                0x0000000008007340                __pow5Factor
 .text.__double_computePow5
                0x0000000008007370       0xe8 /home/viktor/zephyr-standalone/zephyr-sdk-0.16.8/arm-zephyr-eabi/bin/../lib/gcc/../../picolibc/arm-zephyr-eabi/lib/thumb/v7e-m/nofp/libc.a(libc_tinystdio_ryu_table.c.o)
                0x0000000008007370                __double_computePow5
 .text.__double_computeInvPow5
                0x0000000008007458       0xf8 /home/viktor/zephyr-standalone/zephyr-sdk-0.16.8/arm-zephyr-eabi/bin/../lib/gcc/../../picolibc/arm-zephyr-eabi/lib/thumb/v7e-m/nofp/libc.a(libc_tinystdio_ryu_table.c.o)
                0x0000000008007458                __double_computeInvPow5
 .text._OffsetAbsSyms
                0x0000000008007550        0x2 zephyr/CMakeFiles/offsets.dir/./arch/arm/core/offsets/offsets.c.obj
                0x0000000008007550                _OffsetAbsSyms
 .text.k_msleep.isra.0
                0x0000000008007552        0xa app/libapp.a(main.c.obj)
 .text.encoder_diff
                0x000000000800755c       0x1c app/libapp.a(main.c.obj)
                0x000000000800755c                encoder_diff
 .text.chunk_size
                0x0000000008007578        0xa zephyr/libzephyr.a(heap.c.obj)
 .text.free_list_add
                0x0000000008007582       0x4e zephyr/libzephyr.a(heap.c.obj)
 .text.sys_heap_init
                0x00000000080075d0       0x7a zephyr/libzephyr.a(heap.c.obj)
                0x00000000080075d0                sys_heap_init
 .text.arch_printk_char_out
                0x000000000800764a        0x4 zephyr/libzephyr.a(printk.c.obj)
                0x000000000800764a                arch_printk_char_out
 .text.printk   0x000000000800764e       0x1a zephyr/libzephyr.a(printk.c.obj)
                0x000000000800764e                printk
 .text.ring_buf_area_claim
                0x0000000008007668       0x30 zephyr/libzephyr.a(ring_buffer.c.obj)
                0x0000000008007668                ring_buf_area_claim
 .text.ring_buf_put_claim
                0x0000000008007698       0x1e zephyr/libzephyr.a(ring_buffer.c.obj)
 .text.ring_buf_get_claim
                0x00000000080076b6       0x1e zephyr/libzephyr.a(ring_buffer.c.obj)
 .text.ring_buf_area_finish
                0x00000000080076d4       0x32 zephyr/libzephyr.a(ring_buffer.c.obj)
                0x00000000080076d4                ring_buf_area_finish
 .text.ring_buf_put
                0x0000000008007706       0x40 zephyr/libzephyr.a(ring_buffer.c.obj)
                0x0000000008007706                ring_buf_put
 .text.ring_buf_get
                0x0000000008007746       0x44 zephyr/libzephyr.a(ring_buffer.c.obj)
                0x0000000008007746                ring_buf_get
 .text._ConfigAbsSyms
                0x000000000800778a        0x2 zephyr/libzephyr.a(configs.c.obj)
                0x000000000800778a                _ConfigAbsSyms
 .text.HAL_Delay
                0x000000000800778c       0x16 zephyr/libzephyr.a(stm32cube_hal.c.obj)
                0x000000000800778c                HAL_Delay
 .text.get_ep_bm_from_addr
                0x00000000080077a2       0x1c zephyr/libzephyr.a(usb_device.c.obj)
 .text.usb_write
                0x00000000080077be       0x30 zephyr/libzephyr.a(usb_device.c.obj)
                0x00000000080077be                usb_write
 .text.usb_get_dev_data_by_cfg
                0x00000000080077ee       0x18 zephyr/libzephyr.a(usb_descriptor.c.obj)
                0x00000000080077ee                usb_get_dev_data_by_cfg
 .text.usb_get_dev_data_by_iface
                0x0000000008007806       0x1c zephyr/libzephyr.a(usb_descriptor.c.obj)
                0x0000000008007806                usb_get_dev_data_by_iface
 .text.usb_get_dev_data_by_ep
                0x0000000008007822       0x2c zephyr/libzephyr.a(usb_descriptor.c.obj)
                0x0000000008007822                usb_get_dev_data_by_ep
 .text.usb_transfer_is_busy
                0x000000000800784e       0x16 zephyr/libzephyr.a(usb_transfer.c.obj)
                0x000000000800784e                usb_transfer_is_busy
 .text.cdc_interface_config
                0x0000000008007864       0x14 zephyr/libzephyr.a(cdc_acm.c.obj)
 .text.cdc_acm_irq_callback_work_handler
                0x0000000008007878        0xa zephyr/libzephyr.a(cdc_acm.c.obj)
 .text.cdc_acm_irq_tx_disable
                0x0000000008007882        0xa zephyr/libzephyr.a(cdc_acm.c.obj)
 .text.cdc_acm_irq_tx_ready
                0x000000000800788c       0x20 zephyr/libzephyr.a(cdc_acm.c.obj)
 .text.cdc_acm_irq_rx_disable
                0x00000000080078ac        0xa zephyr/libzephyr.a(cdc_acm.c.obj)
 .text.cdc_acm_irq_rx_ready
                0x00000000080078b6        0xe zephyr/libzephyr.a(cdc_acm.c.obj)
 .text.cdc_acm_irq_is_pending
                0x00000000080078c4       0x1c zephyr/libzephyr.a(cdc_acm.c.obj)
 .text.cdc_acm_irq_callback_set
                0x00000000080078e0        0x8 zephyr/libzephyr.a(cdc_acm.c.obj)
 .text.cdc_acm_line_ctrl_get
                0x00000000080078e8       0x32 zephyr/libzephyr.a(cdc_acm.c.obj)
 .text.cdc_acm_configure
                0x000000000800791a       0x18 zephyr/libzephyr.a(cdc_acm.c.obj)
 .text.cdc_acm_config_get
                0x0000000008007932       0x5c zephyr/libzephyr.a(cdc_acm.c.obj)
 .text.cdc_acm_line_ctrl_set
                0x000000000800798e       0xba zephyr/libzephyr.a(cdc_acm.c.obj)
 .text.cdc_acm_fifo_read
                0x0000000008007a48       0x48 zephyr/libzephyr.a(cdc_acm.c.obj)
 .text.cdc_acm_poll_in
                0x0000000008007a90       0x12 zephyr/libzephyr.a(cdc_acm.c.obj)
 .text.cdc_acm_irq_update
                0x0000000008007aa2       0x30 zephyr/libzephyr.a(cdc_acm.c.obj)
 .text.arch_early_memset
                0x0000000008007ad2        0x4 zephyr/arch/common/libarch__common.a(init.c.obj)
                0x0000000008007ad2                arch_early_memset
 .text.arch_early_memcpy
                0x0000000008007ad6        0x4 zephyr/arch/common/libarch__common.a(init.c.obj)
                0x0000000008007ad6                arch_early_memcpy
 .text.z_do_kernel_oops
                0x0000000008007ada        0x8 zephyr/arch/arch/arm/core/libarch__arm__core.a(fatal.c.obj)
                0x0000000008007ada                z_do_kernel_oops
 .text.z_arm_nmi
                0x0000000008007ae2        0xe zephyr/arch/arch/arm/core/libarch__arm__core.a(nmi.c.obj)
                0x0000000008007ae2                z_arm_nmi
 .text.z_irq_spurious
                0x0000000008007af0        0x8 zephyr/arch/arch/arm/core/cortex_m/libarch__arm__core__cortex_m.a(irq_manage.c.obj)
                0x0000000008007af0                z_irq_spurious
 .text.arch_coprocessors_disable
                0x0000000008007af8        0x6 zephyr/arch/arch/arm/core/cortex_m/libarch__arm__core__cortex_m.a(thread.c.obj)
                0x0000000008007af8                arch_coprocessors_disable
 .text.arch_irq_unlock_outlined
                0x0000000008007afe        0xe zephyr/arch/arch/arm/core/cortex_m/libarch__arm__core__cortex_m.a(thread.c.obj)
                0x0000000008007afe                arch_irq_unlock_outlined
 .text.arch_cpu_idle
                0x0000000008007b0c       0x1a zephyr/arch/arch/arm/core/cortex_m/libarch__arm__core__cortex_m.a(cpu_idle.c.obj)
                0x0000000008007b0c                arch_cpu_idle
 .text.size_to_mpu_rasr_size
                0x0000000008007b26       0x20 zephyr/arch/arch/arm/core/mpu/libarch__arm__core__mpu.a(arm_mpu.c.obj)
 .text.picolibc_put
                0x0000000008007b46        0xa zephyr/lib/libc/picolibc/liblib__libc__picolibc.a(stdio.c.obj)
 .text.stm32_exti_gpio_intc_init
                0x0000000008007b50       0x92 zephyr/drivers/interrupt_controller/libdrivers__interrupt_controller.a(intc_gpio_stm32.c.obj)
 .text.stm32_gpio_intc_get_pin_irq_line
                0x0000000008007be2        0xa zephyr/drivers/interrupt_controller/libdrivers__interrupt_controller.a(intc_gpio_stm32.c.obj)
                0x0000000008007be2                stm32_gpio_intc_get_pin_irq_line
 .text.stm32_exti_set_line_src_port
                0x0000000008007bec       0x36 zephyr/drivers/interrupt_controller/libdrivers__interrupt_controller.a(intc_gpio_stm32.c.obj)
                0x0000000008007bec                stm32_exti_set_line_src_port
 .text.usb_dc_ep_set_callback
                0x0000000008007c22       0x16 zephyr/drivers/usb/device/libdrivers__usb__device.a(usb_dc_stm32.c.obj)
                0x0000000008007c22                usb_dc_ep_set_callback
 .text.usb_dc_ep_check_cap
                0x0000000008007c38       0x1e zephyr/drivers/usb/device/libdrivers__usb__device.a(usb_dc_stm32.c.obj)
                0x0000000008007c38                usb_dc_ep_check_cap
 .text.usb_dc_ep_configure
                0x0000000008007c56       0x2a zephyr/drivers/usb/device/libdrivers__usb__device.a(usb_dc_stm32.c.obj)
                0x0000000008007c56                usb_dc_ep_configure
 .text.usb_dc_ep_is_stalled
                0x0000000008007c80       0x1a zephyr/drivers/usb/device/libdrivers__usb__device.a(usb_dc_stm32.c.obj)
                0x0000000008007c80                usb_dc_ep_is_stalled
 .text.usb_dc_ep_read
                0x0000000008007c9a       0x1c zephyr/drivers/usb/device/libdrivers__usb__device.a(usb_dc_stm32.c.obj)
                0x0000000008007c9a                usb_dc_ep_read
 .text.usb_dc_ep_mps
                0x0000000008007cb6       0x12 zephyr/drivers/usb/device/libdrivers__usb__device.a(usb_dc_stm32.c.obj)
                0x0000000008007cb6                usb_dc_ep_mps
 .text.HAL_PCD_DataOutStageCallback
                0x0000000008007cc8       0x2c zephyr/drivers/usb/device/libdrivers__usb__device.a(usb_dc_stm32.c.obj)
                0x0000000008007cc8                HAL_PCD_DataOutStageCallback
 .text.HAL_PCD_DataInStageCallback
                0x0000000008007cf4       0x24 zephyr/drivers/usb/device/libdrivers__usb__device.a(usb_dc_stm32.c.obj)
                0x0000000008007cf4                HAL_PCD_DataInStageCallback
 .text.HAL_PCD_ISOINIncompleteCallback
                0x0000000008007d18       0x14 zephyr/drivers/usb/device/libdrivers__usb__device.a(usb_dc_stm32.c.obj)
                0x0000000008007d18                HAL_PCD_ISOINIncompleteCallback
 .text.stm32_clock_control_on
                0x0000000008007d2c       0x44 zephyr/drivers/clock_control/libdrivers__clock_control.a(clock_stm32_ll_common.c.obj)
 .text.stm32_clock_control_off
                0x0000000008007d70       0x2c zephyr/drivers/clock_control/libdrivers__clock_control.a(clock_stm32_ll_common.c.obj)
 .text.stm32_clock_control_configure
                0x0000000008007d9c       0x58 zephyr/drivers/clock_control/libdrivers__clock_control.a(clock_stm32_ll_common.c.obj)
 .text.stm32_clock_control_get_status
                0x0000000008007df4       0x38 zephyr/drivers/clock_control/libdrivers__clock_control.a(clock_stm32_ll_common.c.obj)
 .text.config_regulator_voltage
                0x0000000008007e2c        0x2 zephyr/drivers/clock_control/libdrivers__clock_control.a(clock_stm32_ll_common.c.obj)
                0x0000000008007e2c                config_regulator_voltage
 .text.gpio_stm32_port_get_raw
                0x0000000008007e2e        0xc zephyr/drivers/gpio/libdrivers__gpio.a(gpio_stm32.c.obj)
 .text.gpio_stm32_port_set_masked_raw
                0x0000000008007e3a       0x12 zephyr/drivers/gpio/libdrivers__gpio.a(gpio_stm32.c.obj)
 .text.gpio_stm32_port_set_bits_raw
                0x0000000008007e4c        0xa zephyr/drivers/gpio/libdrivers__gpio.a(gpio_stm32.c.obj)
 .text.gpio_stm32_port_clear_bits_raw
                0x0000000008007e56        0xc zephyr/drivers/gpio/libdrivers__gpio.a(gpio_stm32.c.obj)
 .text.gpio_stm32_port_toggle_bits
                0x0000000008007e62        0xe zephyr/drivers/gpio/libdrivers__gpio.a(gpio_stm32.c.obj)
 .text.gpio_stm32_manage_callback
                0x0000000008007e70       0x52 zephyr/drivers/gpio/libdrivers__gpio.a(gpio_stm32.c.obj)
 .text.gpio_stm32_configure_raw.isra.0
                0x0000000008007ec2      0x106 zephyr/drivers/gpio/libdrivers__gpio.a(gpio_stm32.c.obj)
 .text.gpio_stm32_config
                0x0000000008007fc8       0xd8 zephyr/drivers/gpio/libdrivers__gpio.a(gpio_stm32.c.obj)
 .text.gpio_stm32_isr
                0x00000000080080a0       0x2c zephyr/drivers/gpio/libdrivers__gpio.a(gpio_stm32.c.obj)
 .text.gpio_stm32_configure
                0x00000000080080cc       0x30 zephyr/drivers/gpio/libdrivers__gpio.a(gpio_stm32.c.obj)
                0x00000000080080cc                gpio_stm32_configure
 .text.pinctrl_lookup_state
                0x00000000080080fc       0x26 zephyr/drivers/pinctrl/libdrivers__pinctrl.a(common.c.obj)
                0x00000000080080fc                pinctrl_lookup_state
 .text.LL_TIM_OC_SetCompareCH1
                0x0000000008008122        0x4 zephyr/drivers/pwm/libdrivers__pwm.a(pwm_stm32.c.obj)
 .text.LL_TIM_OC_SetCompareCH2
                0x0000000008008126        0x4 zephyr/drivers/pwm/libdrivers__pwm.a(pwm_stm32.c.obj)
 .text.LL_TIM_OC_SetCompareCH3
                0x000000000800812a        0x4 zephyr/drivers/pwm/libdrivers__pwm.a(pwm_stm32.c.obj)
 .text.LL_TIM_OC_SetCompareCH4
                0x000000000800812e        0x4 zephyr/drivers/pwm/libdrivers__pwm.a(pwm_stm32.c.obj)
 .text.pwm_stm32_get_cycles_per_sec
                0x0000000008008132       0x16 zephyr/drivers/pwm/libdrivers__pwm.a(pwm_stm32.c.obj)
 .text.reset_stm32_status
                0x0000000008008148       0x20 zephyr/drivers/reset/libdrivers__reset.a(reset_stm32.c.obj)
 .text.reset_stm32_line_assert
                0x0000000008008168       0x1c zephyr/drivers/reset/libdrivers__reset.a(reset_stm32.c.obj)
 .text.reset_stm32_line_deassert
                0x0000000008008184       0x1e zephyr/drivers/reset/libdrivers__reset.a(reset_stm32.c.obj)
 .text.reset_stm32_line_toggle
                0x00000000080081a2       0x16 zephyr/drivers/reset/libdrivers__reset.a(reset_stm32.c.obj)
 .text.LL_USART_ClearFlag_PE
                0x00000000080081b8       0x12 zephyr/drivers/serial/libdrivers__serial.a(uart_stm32.c.obj)
 .text.uart_stm32_err_check
                0x00000000080081ca       0x5e zephyr/drivers/serial/libdrivers__serial.a(uart_stm32.c.obj)
 .text.uart_stm32_irq_tx_enable
                0x0000000008008228       0x1e zephyr/drivers/serial/libdrivers__serial.a(uart_stm32.c.obj)
 .text.uart_stm32_irq_tx_disable
                0x0000000008008246       0x1e zephyr/drivers/serial/libdrivers__serial.a(uart_stm32.c.obj)
 .text.uart_stm32_irq_tx_ready
                0x0000000008008264       0x14 zephyr/drivers/serial/libdrivers__serial.a(uart_stm32.c.obj)
 .text.uart_stm32_irq_tx_complete
                0x0000000008008278        0xc zephyr/drivers/serial/libdrivers__serial.a(uart_stm32.c.obj)
 .text.uart_stm32_irq_rx_enable
                0x0000000008008284       0x1e zephyr/drivers/serial/libdrivers__serial.a(uart_stm32.c.obj)
 .text.uart_stm32_irq_rx_disable
                0x00000000080082a2       0x1e zephyr/drivers/serial/libdrivers__serial.a(uart_stm32.c.obj)
 .text.uart_stm32_irq_rx_ready
                0x00000000080082c0        0xc zephyr/drivers/serial/libdrivers__serial.a(uart_stm32.c.obj)
 .text.uart_stm32_irq_is_pending
                0x00000000080082cc       0x24 zephyr/drivers/serial/libdrivers__serial.a(uart_stm32.c.obj)
 .text.uart_stm32_irq_update
                0x00000000080082f0        0x4 zephyr/drivers/serial/libdrivers__serial.a(uart_stm32.c.obj)
 .text.uart_stm32_irq_callback_set
                0x00000000080082f4        0x8 zephyr/drivers/serial/libdrivers__serial.a(uart_stm32.c.obj)
 .text.uart_stm32_isr
                0x00000000080082fc        0xc zephyr/drivers/serial/libdrivers__serial.a(uart_stm32.c.obj)
 .text.uart_stm32_irq_config_func_0
                0x0000000008008308       0x16 zephyr/drivers/serial/libdrivers__serial.a(uart_stm32.c.obj)
 .text.uart_stm32_set_baudrate.isra.0
                0x000000000800831e       0x64 zephyr/drivers/serial/libdrivers__serial.a(uart_stm32.c.obj)
 .text.uart_stm32_poll_out
                0x0000000008008382       0x36 zephyr/drivers/serial/libdrivers__serial.a(uart_stm32.c.obj)
 .text.uart_stm32_poll_in
                0x00000000080083b8       0x22 zephyr/drivers/serial/libdrivers__serial.a(uart_stm32.c.obj)
 .text.uart_stm32_init
                0x00000000080083da       0xc0 zephyr/drivers/serial/libdrivers__serial.a(uart_stm32.c.obj)
 .text.uart_stm32_fifo_read
                0x000000000800849a       0x42 zephyr/drivers/serial/libdrivers__serial.a(uart_stm32.c.obj)
 .text.uart_stm32_fifo_fill
                0x00000000080084dc       0x50 zephyr/drivers/serial/libdrivers__serial.a(uart_stm32.c.obj)
 .text.uart_stm32_config_get
                0x000000000800852c       0x8e zephyr/drivers/serial/libdrivers__serial.a(uart_stm32.c.obj)
 .text.spi_context_get_next_buf
                0x00000000080085ba       0x2c zephyr/drivers/spi/libdrivers__spi.a(spi_stm32.c.obj)
 .text.ll_disable_spi
                0x00000000080085e6       0x10 zephyr/drivers/spi/libdrivers__spi.a(spi_stm32.c.obj)
 .text.bits2bytes
                0x00000000080085f6       0x16 zephyr/drivers/spi/libdrivers__spi.a(spi_stm32.c.obj)
 .text.spi_stm32_send_next_frame
                0x000000000800860c       0x74 zephyr/drivers/spi/libdrivers__spi.a(spi_stm32.c.obj)
 .text.spi_stm32_read_next_frame
                0x0000000008008680       0x6c zephyr/drivers/spi/libdrivers__spi.a(spi_stm32.c.obj)
 .text.spi_stm32_irq_config_func_0
                0x00000000080086ec       0x16 zephyr/drivers/spi/libdrivers__spi.a(spi_stm32.c.obj)
 .text.spi_stm32_get_err
                0x0000000008008702       0x26 zephyr/drivers/spi/libdrivers__spi.a(spi_stm32.c.obj)
 .text.spi_stm32_pinctrl_apply.isra.0
                0x0000000008008728       0x2a zephyr/drivers/spi/libdrivers__spi.a(spi_stm32.c.obj)
 .text.gpio_pin_set_dt.isra.0
                0x0000000008008752       0x28 zephyr/drivers/spi/libdrivers__spi.a(spi_stm32.c.obj)
 .text.spi_context_unlock_unconditionally
                0x000000000800877a       0x30 zephyr/drivers/spi/libdrivers__spi.a(spi_stm32.c.obj)
 .text.spi_stm32_release
                0x00000000080087aa       0x14 zephyr/drivers/spi/libdrivers__spi.a(spi_stm32.c.obj)
 .text.spi_stm32_complete
                0x00000000080087be       0xac zephyr/drivers/spi/libdrivers__spi.a(spi_stm32.c.obj)
 .text.spi_stm32_isr
                0x000000000800886a      0x10e zephyr/drivers/spi/libdrivers__spi.a(spi_stm32.c.obj)
 .text.HAL_PCD_MspInit
                0x0000000008008978        0x2 modules/hal_stm32/stm32cube/lib..__modules__hal__stm32__stm32cube.a(stm32f4xx_hal_pcd.c.obj)
                0x0000000008008978                HAL_PCD_MspInit
 .text.HAL_PCD_Init
                0x000000000800897a       0xde modules/hal_stm32/stm32cube/lib..__modules__hal__stm32__stm32cube.a(stm32f4xx_hal_pcd.c.obj)
                0x000000000800897a                HAL_PCD_Init
 .text.HAL_PCD_Start
                0x0000000008008a58       0x40 modules/hal_stm32/stm32cube/lib..__modules__hal__stm32__stm32cube.a(stm32f4xx_hal_pcd.c.obj)
                0x0000000008008a58                HAL_PCD_Start
 .text.HAL_PCD_Stop
                0x0000000008008a98       0x48 modules/hal_stm32/stm32cube/lib..__modules__hal__stm32__stm32cube.a(stm32f4xx_hal_pcd.c.obj)
                0x0000000008008a98                HAL_PCD_Stop
 .text.HAL_PCD_SOFCallback
                0x0000000008008ae0        0x2 modules/hal_stm32/stm32cube/lib..__modules__hal__stm32__stm32cube.a(stm32f4xx_hal_pcd.c.obj)
                0x0000000008008ae0                HAL_PCD_SOFCallback
 .text.HAL_PCD_ISOOUTIncompleteCallback
                0x0000000008008ae2        0x2 modules/hal_stm32/stm32cube/lib..__modules__hal__stm32__stm32cube.a(stm32f4xx_hal_pcd.c.obj)
                0x0000000008008ae2                HAL_PCD_ISOOUTIncompleteCallback
 .text.HAL_PCD_SetAddress
                0x0000000008008ae4       0x26 modules/hal_stm32/stm32cube/lib..__modules__hal__stm32__stm32cube.a(stm32f4xx_hal_pcd.c.obj)
                0x0000000008008ae4                HAL_PCD_SetAddress
 .text.HAL_PCD_EP_Open
                0x0000000008008b0a       0x72 modules/hal_stm32/stm32cube/lib..__modules__hal__stm32__stm32cube.a(stm32f4xx_hal_pcd.c.obj)
                0x0000000008008b0a                HAL_PCD_EP_Open
 .text.HAL_PCD_EP_Close
                0x0000000008008b7c       0x5c modules/hal_stm32/stm32cube/lib..__modules__hal__stm32__stm32cube.a(stm32f4xx_hal_pcd.c.obj)
                0x0000000008008b7c                HAL_PCD_EP_Close
 .text.HAL_PCD_EP_Receive
                0x0000000008008bd8       0x3c modules/hal_stm32/stm32cube/lib..__modules__hal__stm32__stm32cube.a(stm32f4xx_hal_pcd.c.obj)
                0x0000000008008bd8                HAL_PCD_EP_Receive
 .text.HAL_PCD_EP_GetRxCount
                0x0000000008008c14       0x10 modules/hal_stm32/stm32cube/lib..__modules__hal__stm32__stm32cube.a(stm32f4xx_hal_pcd.c.obj)
                0x0000000008008c14                HAL_PCD_EP_GetRxCount
 .text.HAL_PCD_EP_Transmit
                0x0000000008008c24       0x34 modules/hal_stm32/stm32cube/lib..__modules__hal__stm32__stm32cube.a(stm32f4xx_hal_pcd.c.obj)
                0x0000000008008c24                HAL_PCD_EP_Transmit
 .text.HAL_PCD_EP_SetStall
                0x0000000008008c58       0x6e modules/hal_stm32/stm32cube/lib..__modules__hal__stm32__stm32cube.a(stm32f4xx_hal_pcd.c.obj)
                0x0000000008008c58                HAL_PCD_EP_SetStall
 .text.HAL_PCD_EP_ClrStall
                0x0000000008008cc6       0x6a modules/hal_stm32/stm32cube/lib..__modules__hal__stm32__stm32cube.a(stm32f4xx_hal_pcd.c.obj)
                0x0000000008008cc6                HAL_PCD_EP_ClrStall
 .text.HAL_PCD_EP_Abort
                0x0000000008008d30       0x20 modules/hal_stm32/stm32cube/lib..__modules__hal__stm32__stm32cube.a(stm32f4xx_hal_pcd.c.obj)
                0x0000000008008d30                HAL_PCD_EP_Abort
 .text.HAL_PCDEx_SetTxFiFo
                0x0000000008008d50       0x3e modules/hal_stm32/stm32cube/lib..__modules__hal__stm32__stm32cube.a(stm32f4xx_hal_pcd_ex.c.obj)
                0x0000000008008d50                HAL_PCDEx_SetTxFiFo
 .text.HAL_PCDEx_SetRxFiFo
                0x0000000008008d8e        0x8 modules/hal_stm32/stm32cube/lib..__modules__hal__stm32__stm32cube.a(stm32f4xx_hal_pcd_ex.c.obj)
                0x0000000008008d8e                HAL_PCDEx_SetRxFiFo
 .text.HAL_PCDEx_LPM_Callback
                0x0000000008008d96        0x2 modules/hal_stm32/stm32cube/lib..__modules__hal__stm32__stm32cube.a(stm32f4xx_hal_pcd_ex.c.obj)
                0x0000000008008d96                HAL_PCDEx_LPM_Callback
 .text.USB_CoreReset
                0x0000000008008d98       0x50 modules/hal_stm32/stm32cube/lib..__modules__hal__stm32__stm32cube.a(stm32f4xx_ll_usb.c.obj)
 .text.USB_CoreInit
                0x0000000008008de8       0x88 modules/hal_stm32/stm32cube/lib..__modules__hal__stm32__stm32cube.a(stm32f4xx_ll_usb.c.obj)
                0x0000000008008de8                USB_CoreInit
 .text.USB_EnableGlobalInt
                0x0000000008008e70        0xc modules/hal_stm32/stm32cube/lib..__modules__hal__stm32__stm32cube.a(stm32f4xx_ll_usb.c.obj)
                0x0000000008008e70                USB_EnableGlobalInt
 .text.USB_DisableGlobalInt
                0x0000000008008e7c        0xc modules/hal_stm32/stm32cube/lib..__modules__hal__stm32__stm32cube.a(stm32f4xx_ll_usb.c.obj)
                0x0000000008008e7c                USB_DisableGlobalInt
 .text.USB_SetCurrentMode
                0x0000000008008e88       0x60 modules/hal_stm32/stm32cube/lib..__modules__hal__stm32__stm32cube.a(stm32f4xx_ll_usb.c.obj)
                0x0000000008008e88                USB_SetCurrentMode
 .text.USB_FlushTxFifo
                0x0000000008008ee8       0x46 modules/hal_stm32/stm32cube/lib..__modules__hal__stm32__stm32cube.a(stm32f4xx_ll_usb.c.obj)
                0x0000000008008ee8                USB_FlushTxFifo
 .text.USB_FlushRxFifo
                0x0000000008008f2e       0x42 modules/hal_stm32/stm32cube/lib..__modules__hal__stm32__stm32cube.a(stm32f4xx_ll_usb.c.obj)
                0x0000000008008f2e                USB_FlushRxFifo
 .text.USB_SetDevSpeed
                0x0000000008008f70        0xe modules/hal_stm32/stm32cube/lib..__modules__hal__stm32__stm32cube.a(stm32f4xx_ll_usb.c.obj)
                0x0000000008008f70                USB_SetDevSpeed
 .text.USB_GetDevSpeed
                0x0000000008008f7e       0x16 modules/hal_stm32/stm32cube/lib..__modules__hal__stm32__stm32cube.a(stm32f4xx_ll_usb.c.obj)
                0x0000000008008f7e                USB_GetDevSpeed
 .text.USB_ActivateEndpoint
                0x0000000008008f94       0x7e modules/hal_stm32/stm32cube/lib..__modules__hal__stm32__stm32cube.a(stm32f4xx_ll_usb.c.obj)
                0x0000000008008f94                USB_ActivateEndpoint
 .text.USB_EPStopXfer
                0x0000000008009012       0x9c modules/hal_stm32/stm32cube/lib..__modules__hal__stm32__stm32cube.a(stm32f4xx_ll_usb.c.obj)
                0x0000000008009012                USB_EPStopXfer
 .text.USB_WritePacket
                0x00000000080090ae       0x26 modules/hal_stm32/stm32cube/lib..__modules__hal__stm32__stm32cube.a(stm32f4xx_ll_usb.c.obj)
                0x00000000080090ae                USB_WritePacket
 .text.USB_ReadPacket
                0x00000000080090d4       0x40 modules/hal_stm32/stm32cube/lib..__modules__hal__stm32__stm32cube.a(stm32f4xx_ll_usb.c.obj)
                0x00000000080090d4                USB_ReadPacket
 .text.USB_EPSetStall
                0x0000000008009114       0x56 modules/hal_stm32/stm32cube/lib..__modules__hal__stm32__stm32cube.a(stm32f4xx_ll_usb.c.obj)
                0x0000000008009114                USB_EPSetStall
 .text.USB_EPClearStall
                0x000000000800916a       0x52 modules/hal_stm32/stm32cube/lib..__modules__hal__stm32__stm32cube.a(stm32f4xx_ll_usb.c.obj)
                0x000000000800916a                USB_EPClearStall
 .text.USB_SetDevAddress
                0x00000000080091bc       0x20 modules/hal_stm32/stm32cube/lib..__modules__hal__stm32__stm32cube.a(stm32f4xx_ll_usb.c.obj)
                0x00000000080091bc                USB_SetDevAddress
 .text.USB_DevConnect
                0x00000000080091dc       0x1c modules/hal_stm32/stm32cube/lib..__modules__hal__stm32__stm32cube.a(stm32f4xx_ll_usb.c.obj)
                0x00000000080091dc                USB_DevConnect
 .text.USB_DevDisconnect
                0x00000000080091f8       0x1c modules/hal_stm32/stm32cube/lib..__modules__hal__stm32__stm32cube.a(stm32f4xx_ll_usb.c.obj)
                0x00000000080091f8                USB_DevDisconnect
 .text.USB_ReadInterrupts
                0x0000000008009214        0x8 modules/hal_stm32/stm32cube/lib..__modules__hal__stm32__stm32cube.a(stm32f4xx_ll_usb.c.obj)
                0x0000000008009214                USB_ReadInterrupts
 .text.USB_ReadDevAllOutEpInterrupt
                0x000000000800921c       0x10 modules/hal_stm32/stm32cube/lib..__modules__hal__stm32__stm32cube.a(stm32f4xx_ll_usb.c.obj)
                0x000000000800921c                USB_ReadDevAllOutEpInterrupt
 .text.USB_ReadDevAllInEpInterrupt
                0x000000000800922c       0x10 modules/hal_stm32/stm32cube/lib..__modules__hal__stm32__stm32cube.a(stm32f4xx_ll_usb.c.obj)
                0x000000000800922c                USB_ReadDevAllInEpInterrupt
 .text.USB_ReadDevOutEPInterrupt
                0x000000000800923c       0x12 modules/hal_stm32/stm32cube/lib..__modules__hal__stm32__stm32cube.a(stm32f4xx_ll_usb.c.obj)
                0x000000000800923c                USB_ReadDevOutEPInterrupt
 .text.USB_ReadDevInEPInterrupt
                0x000000000800924e       0x22 modules/hal_stm32/stm32cube/lib..__modules__hal__stm32__stm32cube.a(stm32f4xx_ll_usb.c.obj)
                0x000000000800924e                USB_ReadDevInEPInterrupt
 .text.USB_GetMode
                0x0000000008009270        0x8 modules/hal_stm32/stm32cube/lib..__modules__hal__stm32__stm32cube.a(stm32f4xx_ll_usb.c.obj)
                0x0000000008009270                USB_GetMode
 .text.USB_ActivateSetup
                0x0000000008009278       0x20 modules/hal_stm32/stm32cube/lib..__modules__hal__stm32__stm32cube.a(stm32f4xx_ll_usb.c.obj)
                0x0000000008009278                USB_ActivateSetup
 .text.z_impl_k_busy_wait
                0x0000000008009298       0x1c zephyr/kernel/libkernel.a(busy_wait.c.obj)
                0x0000000008009298                z_impl_k_busy_wait
 .text.do_device_init
                0x00000000080092b4       0x30 zephyr/kernel/libkernel.a(device.c.obj)
                0x00000000080092b4                do_device_init
 .text.z_impl_device_is_ready
                0x00000000080092e4       0x16 zephyr/kernel/libkernel.a(device.c.obj)
                0x00000000080092e4                z_impl_device_is_ready
 .text.arch_system_halt
                0x00000000080092fa       0x10 zephyr/kernel/libkernel.a(fatal.c.obj)
                0x00000000080092fa                arch_system_halt
 .text.k_sys_fatal_error_handler
                0x000000000800930a        0x6 zephyr/kernel/libkernel.a(fatal.c.obj)
                0x000000000800930a                k_sys_fatal_error_handler
 .text.idle     0x0000000008009310       0x16 zephyr/kernel/libkernel.a(idle.c.obj)
                0x0000000008009310                idle
 .text.adjust_owner_prio.isra.0
                0x0000000008009326       0x10 zephyr/kernel/libkernel.a(mutex.c.obj)
 .text.z_impl_k_sem_init
                0x0000000008009336       0x18 zephyr/kernel/libkernel.a(sem.c.obj)
                0x0000000008009336                z_impl_k_sem_init
 .text.flag_test_and_clear
                0x000000000800934e       0x16 zephyr/kernel/libkernel.a(work.c.obj)
 .text.notify_queue_locked.isra.0
                0x0000000008009364        0xe zephyr/kernel/libkernel.a(work.c.obj)
 .text.work_timeout
                0x0000000008009372       0x3c zephyr/kernel/libkernel.a(work.c.obj)
 .text.k_work_init
                0x00000000080093ae       0x12 zephyr/kernel/libkernel.a(work.c.obj)
                0x00000000080093ae                k_work_init
 .text.z_work_submit_to_queue
                0x00000000080093c0       0x26 zephyr/kernel/libkernel.a(work.c.obj)
                0x00000000080093c0                z_work_submit_to_queue
 .text.k_work_submit_to_queue
                0x00000000080093e6       0x20 zephyr/kernel/libkernel.a(work.c.obj)
                0x00000000080093e6                k_work_submit_to_queue
 .text.k_work_init_delayable
                0x0000000008009406       0x18 zephyr/kernel/libkernel.a(work.c.obj)
                0x0000000008009406                k_work_init_delayable
 .text.k_is_in_isr
                0x000000000800941e        0xc zephyr/kernel/libkernel.a(thread.c.obj)
                0x000000000800941e                k_is_in_isr
 .text.z_impl_k_thread_name_set
                0x000000000800942a        0x6 zephyr/kernel/libkernel.a(thread.c.obj)
                0x000000000800942a                z_impl_k_thread_name_set
 .text.sys_dlist_remove
                0x0000000008009430       0x10 zephyr/kernel/libkernel.a(sched.c.obj)
 .text.unpend_thread_no_timeout
                0x0000000008009440       0x14 zephyr/kernel/libkernel.a(sched.c.obj)
 .text.add_to_waitq_locked
                0x0000000008009454       0x50 zephyr/kernel/libkernel.a(sched.c.obj)
 .text.z_ready_thread
                0x00000000080094a4       0x1e zephyr/kernel/libkernel.a(sched.c.obj)
                0x00000000080094a4                z_ready_thread
 .text.z_sched_wake_thread
                0x00000000080094c2       0x3a zephyr/kernel/libkernel.a(sched.c.obj)
                0x00000000080094c2                z_sched_wake_thread
 .text.z_thread_timeout
                0x00000000080094fc        0x8 zephyr/kernel/libkernel.a(sched.c.obj)
                0x00000000080094fc                z_thread_timeout
 .text.z_impl_k_sleep
                0x0000000008009504       0x3e zephyr/kernel/libkernel.a(sched.c.obj)
                0x0000000008009504                z_impl_k_sleep
 .text.z_impl_k_usleep
                0x0000000008009542       0x22 zephyr/kernel/libkernel.a(sched.c.obj)
                0x0000000008009542                z_impl_k_usleep
 .text.z_sched_wake
                0x0000000008009564       0x44 zephyr/kernel/libkernel.a(sched.c.obj)
                0x0000000008009564                z_sched_wake
 .text.next_timeout
                0x00000000080095a8       0x2e zephyr/kernel/libkernel.a(timeout.c.obj)
 .text.z_abort_timeout
                0x00000000080095d6       0x50 zephyr/kernel/libkernel.a(timeout.c.obj)
                0x00000000080095d6                z_abort_timeout
 .text.sys_clock_tick_get_32
                0x0000000008009626        0x8 zephyr/kernel/libkernel.a(timeout.c.obj)
                0x0000000008009626                sys_clock_tick_get_32
 .text.strnlen  0x000000000800962e       0x18 /home/viktor/zephyr-standalone/zephyr-sdk-0.16.8/arm-zephyr-eabi/bin/../lib/gcc/../../picolibc/arm-zephyr-eabi/lib/thumb/v7e-m/nofp/libc.a(libc_string_strnlen.c.o)
                0x000000000800962e                strnlen
 .text.__ultoa_invert
                0x0000000008009646       0x50 /home/viktor/zephyr-standalone/zephyr-sdk-0.16.8/arm-zephyr-eabi/bin/../lib/gcc/../../picolibc/arm-zephyr-eabi/lib/thumb/v7e-m/nofp/libc.a(libc_tinystdio_vfprintf.c.o)
 .text.mulShiftAll64
                0x0000000008009696      0x176 /home/viktor/zephyr-standalone/zephyr-sdk-0.16.8/arm-zephyr-eabi/bin/../lib/gcc/../../picolibc/arm-zephyr-eabi/lib/thumb/v7e-m/nofp/libc.a(libc_tinystdio_dtoa_ryu.c.o)
 .text.__umul128
                0x000000000800980c       0x36 /home/viktor/zephyr-standalone/zephyr-sdk-0.16.8/arm-zephyr-eabi/bin/../lib/gcc/../../picolibc/arm-zephyr-eabi/lib/thumb/v7e-m/nofp/libc.a(libc_tinystdio_ryu_umul128.c.o)
                0x000000000800980c                __umul128
 .text.__shiftright128
                0x0000000008009842       0x3e /home/viktor/zephyr-standalone/zephyr-sdk-0.16.8/arm-zephyr-eabi/bin/../lib/gcc/../../picolibc/arm-zephyr-eabi/lib/thumb/v7e-m/nofp/libc.a(libc_tinystdio_ryu_umul128.c.o)
                0x0000000008009842                __shiftright128
 .text.memcpy   0x0000000008009880       0x1c /home/viktor/zephyr-standalone/zephyr-sdk-0.16.8/arm-zephyr-eabi/bin/../lib/gcc/../../picolibc/arm-zephyr-eabi/lib/thumb/v7e-m/nofp/libc.a(memcpy.c.o)
                0x0000000008009880                memcpy
                0x0000000008009880                __aeabi_memcpy
                0x0000000008009880                __aeabi_memcpy4
                0x0000000008009880                __aeabi_memcpy8
 .text.memset   0x000000000800989c       0x10 /home/viktor/zephyr-standalone/zephyr-sdk-0.16.8/arm-zephyr-eabi/bin/../lib/gcc/../../picolibc/arm-zephyr-eabi/lib/thumb/v7e-m/nofp/libc.a(memset.c.o)
                0x000000000800989c                memset
 .text.__dtox_engine
                0x00000000080098ac      0x17c /home/viktor/zephyr-standalone/zephyr-sdk-0.16.8/arm-zephyr-eabi/bin/../lib/gcc/../../picolibc/arm-zephyr-eabi/lib/thumb/v7e-m/nofp/libc.a(libc_tinystdio_dtox_engine.c.o)
                0x00000000080098ac                __dtox_engine
 *(SORT_BY_ALIGNMENT(.gnu.linkonce.t.*))
 *(SORT_BY_ALIGNMENT(.glue_7t))
 .glue_7t       0x0000000008009a28        0x0 linker stubs
 *(SORT_BY_ALIGNMENT(.glue_7))
 .glue_7        0x0000000008009a28        0x0 linker stubs
 *(SORT_BY_ALIGNMENT(.vfp11_veneer))
 .vfp11_veneer  0x0000000008009a28        0x0 linker stubs
 *(SORT_BY_ALIGNMENT(.v4_bx))
 .v4_bx         0x0000000008009a28        0x0 linker stubs
                0x0000000008009a28                . = ALIGN (0x4)
                0x0000000008009a28                __text_region_end = .

.ARM.exidx      0x0000000008009a28        0x8
                0x0000000008009a28                __exidx_start = .
 *(SORT_BY_ALIGNMENT(.ARM.exidx*) SORT_BY_ALIGNMENT(gnu.linkonce.armexidx.*))
 .ARM.exidx     0x0000000008009a28        0x8 /home/viktor/zephyr-standalone/zephyr-sdk-0.16.8/arm-zephyr-eabi/bin/../lib/gcc/../../picolibc/arm-zephyr-eabi/lib/thumb/v7e-m/nofp/libc.a(strlen.S.o)
 .ARM.exidx     0x0000000008009a30        0x0 /home/viktor/zephyr-standalone/zephyr-sdk-0.16.8/arm-zephyr-eabi/bin/../lib/gcc/arm-zephyr-eabi/12.2.0/thumb/v7e-m/nofp/libgcc.a(_udivmoddi4.o)
                                          0x8 (size before relaxing)
                0x0000000008009a30                __exidx_end = .
                0x0000000008009a30                __rodata_region_start = .

initlevel       0x0000000008009a30       0xc0
                0x0000000008009a30                __init_start = .
                0x0000000008009a30                __init_EARLY_start = .
 *(SORT_BY_NAME(SORT_BY_ALIGNMENT(.z_init_EARLY_P_?_*)))
 *(SORT_BY_NAME(SORT_BY_ALIGNMENT(.z_init_EARLY_P_??_*)))
 *(SORT_BY_NAME(SORT_BY_ALIGNMENT(.z_init_EARLY_P_???_*)))
                0x0000000008009a30                __init_PRE_KERNEL_1_start = .
 *(SORT_BY_NAME(SORT_BY_ALIGNMENT(.z_init_PRE_KERNEL_1_P_?_*)))
 .z_init_PRE_KERNEL_1_P_1_SUB_00008_
                0x0000000008009a30        0x8 zephyr/drivers/clock_control/libdrivers__clock_control.a(clock_stm32_ll_common.c.obj)
 .z_init_PRE_KERNEL_1_P_1_SUB_0_
                0x0000000008009a38        0x8 zephyr/libzephyr.a(soc_config.c.obj)
 *(SORT_BY_NAME(SORT_BY_ALIGNMENT(.z_init_PRE_KERNEL_1_P_??_*)))
 .z_init_PRE_KERNEL_1_P_35_SUB_00052_
                0x0000000008009a40        0x8 zephyr/drivers/reset/libdrivers__reset.a(reset_stm32.c.obj)
 .z_init_PRE_KERNEL_1_P_40_SUB_00032_
                0x0000000008009a48        0x8 zephyr/drivers/gpio/libdrivers__gpio.a(gpio_stm32.c.obj)
 .z_init_PRE_KERNEL_1_P_40_SUB_00035_
                0x0000000008009a50        0x8 zephyr/drivers/gpio/libdrivers__gpio.a(gpio_stm32.c.obj)
 .z_init_PRE_KERNEL_1_P_40_SUB_00051_
                0x0000000008009a58        0x8 zephyr/drivers/interrupt_controller/libdrivers__interrupt_controller.a(intc_exti_stm32.c.obj)
 .z_init_PRE_KERNEL_1_P_40_SUB_00073_
                0x0000000008009a60        0x8 zephyr/drivers/gpio/libdrivers__gpio.a(gpio_stm32.c.obj)
 .z_init_PRE_KERNEL_1_P_40_SUB_00074_
                0x0000000008009a68        0x8 zephyr/drivers/gpio/libdrivers__gpio.a(gpio_stm32.c.obj)
 .z_init_PRE_KERNEL_1_P_40_SUB_00075_
                0x0000000008009a70        0x8 zephyr/drivers/gpio/libdrivers__gpio.a(gpio_stm32.c.obj)
 .z_init_PRE_KERNEL_1_P_40_SUB_00076_
                0x0000000008009a78        0x8 zephyr/drivers/gpio/libdrivers__gpio.a(gpio_stm32.c.obj)
 .z_init_PRE_KERNEL_1_P_40_SUB_00077_
                0x0000000008009a80        0x8 zephyr/drivers/gpio/libdrivers__gpio.a(gpio_stm32.c.obj)
 .z_init_PRE_KERNEL_1_P_40_SUB_00078_
                0x0000000008009a88        0x8 zephyr/drivers/gpio/libdrivers__gpio.a(gpio_stm32.c.obj)
 .z_init_PRE_KERNEL_1_P_40_SUB_0_
                0x0000000008009a90        0x8 zephyr/drivers/interrupt_controller/libdrivers__interrupt_controller.a(intc_gpio_stm32.c.obj)
 .z_init_PRE_KERNEL_1_P_50_SUB_00057_
                0x0000000008009a98        0x8 zephyr/drivers/serial/libdrivers__serial.a(uart_stm32.c.obj)
 .z_init_PRE_KERNEL_1_P_50_SUB_00127_
                0x0000000008009aa0        0x8 zephyr/libzephyr.a(cdc_acm.c.obj)
 .z_init_PRE_KERNEL_1_P_60_SUB_0_
                0x0000000008009aa8        0x8 zephyr/drivers/console/libdrivers__console.a(uart_console.c.obj)
 *(SORT_BY_NAME(SORT_BY_ALIGNMENT(.z_init_PRE_KERNEL_1_P_???_*)))
                0x0000000008009ab0                __init_PRE_KERNEL_2_start = .
 *(SORT_BY_NAME(SORT_BY_ALIGNMENT(.z_init_PRE_KERNEL_2_P_?_*)))
 .z_init_PRE_KERNEL_2_P_0_SUB_0_
                0x0000000008009ab0        0x8 zephyr/drivers/timer/libdrivers__timer.a(cortex_m_systick.c.obj)
 *(SORT_BY_NAME(SORT_BY_ALIGNMENT(.z_init_PRE_KERNEL_2_P_??_*)))
 *(SORT_BY_NAME(SORT_BY_ALIGNMENT(.z_init_PRE_KERNEL_2_P_???_*)))
                0x0000000008009ab8                __init_POST_KERNEL_start = .
 *(SORT_BY_NAME(SORT_BY_ALIGNMENT(.z_init_POST_KERNEL_P_?_*)))
 *(SORT_BY_NAME(SORT_BY_ALIGNMENT(.z_init_POST_KERNEL_P_??_*)))
 .z_init_POST_KERNEL_P_35_SUB_0_
                0x0000000008009ab8        0x8 zephyr/lib/libc/common/liblib__libc__common.a(malloc.c.obj)
 .z_init_POST_KERNEL_P_40_SUB_0_
                0x0000000008009ac0        0x8 zephyr/libzephyr.a(usb_work_q.c.obj)
 .z_init_POST_KERNEL_P_40_SUB_0_
                0x0000000008009ac8        0x8 zephyr/kernel/libkernel.a(system_work_q.c.obj)
 .z_init_POST_KERNEL_P_50_SUB_00084_
                0x0000000008009ad0        0x8 zephyr/drivers/spi/libdrivers__spi.a(spi_stm32.c.obj)
 .z_init_POST_KERNEL_P_50_SUB_00095_
                0x0000000008009ad8        0x8 zephyr/drivers/pwm/libdrivers__pwm.a(pwm_stm32.c.obj)
 .z_init_POST_KERNEL_P_50_SUB_00101_
                0x0000000008009ae0        0x8 zephyr/drivers/pwm/libdrivers__pwm.a(pwm_stm32.c.obj)
 .z_init_POST_KERNEL_P_50_SUB_00112_
                0x0000000008009ae8        0x8 zephyr/drivers/pwm/libdrivers__pwm.a(pwm_stm32.c.obj)
 *(SORT_BY_NAME(SORT_BY_ALIGNMENT(.z_init_POST_KERNEL_P_???_*)))
                0x0000000008009af0                __init_APPLICATION_start = .
 *(SORT_BY_NAME(SORT_BY_ALIGNMENT(.z_init_APPLICATION_P_?_*)))
 *(SORT_BY_NAME(SORT_BY_ALIGNMENT(.z_init_APPLICATION_P_??_*)))
 *(SORT_BY_NAME(SORT_BY_ALIGNMENT(.z_init_APPLICATION_P_???_*)))
                0x0000000008009af0                __init_SMP_start = .
 *(SORT_BY_NAME(SORT_BY_ALIGNMENT(.z_init_SMP_P_?_*)))
 *(SORT_BY_NAME(SORT_BY_ALIGNMENT(.z_init_SMP_P_??_*)))
 *(SORT_BY_NAME(SORT_BY_ALIGNMENT(.z_init_SMP_P_???_*)))
                0x0000000008009af0                __init_end = .

device_area     0x0000000008009af0      0x1dc
                0x0000000008009af0                _device_list_start = .
 *(SORT_BY_NAME(SORT_BY_ALIGNMENT(._device.static.*_?_*)))
 ._device.static.1_1_
                0x0000000008009af0       0x1c zephyr/drivers/clock_control/libdrivers__clock_control.a(clock_stm32_ll_common.c.obj)
                0x0000000008009af0                __device_dts_ord_8
 *(SORT_BY_NAME(SORT_BY_ALIGNMENT(._device.static.*_??_*)))
 ._device.static.1_35_
                0x0000000008009b0c       0x1c zephyr/drivers/reset/libdrivers__reset.a(reset_stm32.c.obj)
                0x0000000008009b0c                __device_dts_ord_52
 ._device.static.1_40_
                0x0000000008009b28       0x1c zephyr/drivers/interrupt_controller/libdrivers__interrupt_controller.a(intc_exti_stm32.c.obj)
                0x0000000008009b28                __device_dts_ord_51
 ._device.static.1_40_
                0x0000000008009b44       0xe0 zephyr/drivers/gpio/libdrivers__gpio.a(gpio_stm32.c.obj)
                0x0000000008009b44                __device_dts_ord_78
                0x0000000008009b60                __device_dts_ord_77
                0x0000000008009b7c                __device_dts_ord_76
                0x0000000008009b98                __device_dts_ord_75
                0x0000000008009bb4                __device_dts_ord_74
                0x0000000008009bd0                __device_dts_ord_35
                0x0000000008009bec                __device_dts_ord_73
                0x0000000008009c08                __device_dts_ord_32
 ._device.static.1_50_
                0x0000000008009c24       0x1c zephyr/libzephyr.a(cdc_acm.c.obj)
                0x0000000008009c24                __device_dts_ord_127
 ._device.static.1_50_
                0x0000000008009c40       0x1c zephyr/drivers/serial/libdrivers__serial.a(uart_stm32.c.obj)
                0x0000000008009c40                __device_dts_ord_57
 ._device.static.3_50_
                0x0000000008009c5c       0x54 zephyr/drivers/pwm/libdrivers__pwm.a(pwm_stm32.c.obj)
                0x0000000008009c5c                __device_dts_ord_101
                0x0000000008009c78                __device_dts_ord_95
                0x0000000008009c94                __device_dts_ord_112
 ._device.static.3_50_
                0x0000000008009cb0       0x1c zephyr/drivers/spi/libdrivers__spi.a(spi_stm32.c.obj)
                0x0000000008009cb0                __device_dts_ord_84
 *(SORT_BY_NAME(SORT_BY_ALIGNMENT(._device.static.*_???_*)))
 *(SORT_BY_NAME(SORT_BY_ALIGNMENT(._device.static.*_????_*)))
 *(SORT_BY_NAME(SORT_BY_ALIGNMENT(._device.static.*_?????_*)))
                0x0000000008009ccc                _device_list_end = .

sw_isr_table    0x0000000008009ccc      0x2b0
                0x0000000008009ccc                . = ALIGN (0x4)
 *(SORT_BY_ALIGNMENT(.gnu.linkonce.sw_isr_table*))
 .gnu.linkonce.sw_isr_table
                0x0000000008009ccc      0x2b0 zephyr/arch/common/libisr_tables.a(isr_tables.c.obj)
                0x0000000008009ccc                _sw_isr_table

initlevel_error
                0x0000000008009a30        0x0
 *(SORT_BY_NAME(SORT_BY_ALIGNMENT(.z_init_*)))
                0x0000000000000001                ASSERT ((SIZEOF (initlevel_error) == 0x0), Undefined initialization levels used.)

app_shmem_regions
                0x0000000008009f7c        0x0
                0x0000000008009f7c                __app_shmem_regions_start = .
 *(SORT_BY_NAME(SORT_BY_ALIGNMENT(.app_regions.*)))
                0x0000000008009f7c                __app_shmem_regions_end = .

k_p4wq_initparam_area
                0x0000000008009f7c        0x0
                0x0000000008009f7c                _k_p4wq_initparam_list_start = .
 *(SORT_BY_NAME(SORT_BY_ALIGNMENT(._k_p4wq_initparam.static.*)))
                0x0000000008009f7c                _k_p4wq_initparam_list_end = .

_static_thread_data_area
                0x0000000008009f7c        0x0
                0x0000000008009f7c                __static_thread_data_list_start = .
 *(SORT_BY_NAME(SORT_BY_ALIGNMENT(.__static_thread_data.static.*)))
                0x0000000008009f7c                __static_thread_data_list_end = .

device_deps     0x0000000008009f7c        0x0
                0x0000000008009f7c                __device_deps_start = .
 *(SORT_BY_NAME(SORT_BY_ALIGNMENT(.__device_deps_pass2*)))
                0x0000000008009f7c                __device_deps_end = .

gpio_driver_api_area
                0x0000000008009f7c       0x24
                0x0000000008009f7c                _gpio_driver_api_list_start = .
 *(SORT_BY_NAME(SORT_BY_ALIGNMENT(._gpio_driver_api.static.*)))
 ._gpio_driver_api.static.gpio_stm32_driver_
                0x0000000008009f7c       0x24 zephyr/drivers/gpio/libdrivers__gpio.a(gpio_stm32.c.obj)
                0x0000000008009fa0                _gpio_driver_api_list_end = .

pwm_driver_api_area
                0x0000000008009fa0        0x8
                0x0000000008009fa0                _pwm_driver_api_list_start = .
 *(SORT_BY_NAME(SORT_BY_ALIGNMENT(._pwm_driver_api.static.*)))
 ._pwm_driver_api.static.pwm_stm32_driver_api_
                0x0000000008009fa0        0x8 zephyr/drivers/pwm/libdrivers__pwm.a(pwm_stm32.c.obj)
                0x0000000008009fa8                _pwm_driver_api_list_end = .

reset_driver_api_area
                0x0000000008009fa8       0x10
                0x0000000008009fa8                _reset_driver_api_list_start = .
 *(SORT_BY_NAME(SORT_BY_ALIGNMENT(._reset_driver_api.static.*)))
 ._reset_driver_api.static.reset_stm32_driver_api_
                0x0000000008009fa8       0x10 zephyr/drivers/reset/libdrivers__reset.a(reset_stm32.c.obj)
                0x0000000008009fb8                _reset_driver_api_list_end = .

spi_driver_api_area
                0x0000000008009fb8        0x8
                0x0000000008009fb8                _spi_driver_api_list_start = .
 *(SORT_BY_NAME(SORT_BY_ALIGNMENT(._spi_driver_api.static.*)))
 ._spi_driver_api.static.api_funcs_
                0x0000000008009fb8        0x8 zephyr/drivers/spi/libdrivers__spi.a(spi_stm32.c.obj)
                0x0000000008009fc0                _spi_driver_api_list_end = .

shared_irq_driver_api_area
                0x0000000008009fc0        0x0
                0x0000000008009fc0                _shared_irq_driver_api_list_start = .
 *(SORT_BY_NAME(SORT_BY_ALIGNMENT(._shared_irq_driver_api.static.*)))
                0x0000000008009fc0                _shared_irq_driver_api_list_end = .

crypto_driver_api_area
                0x0000000008009fc0        0x0
                0x0000000008009fc0                _crypto_driver_api_list_start = .
 *(SORT_BY_NAME(SORT_BY_ALIGNMENT(._crypto_driver_api.static.*)))
                0x0000000008009fc0                _crypto_driver_api_list_end = .

adc_driver_api_area
                0x0000000008009fc0        0x0
                0x0000000008009fc0                _adc_driver_api_list_start = .
 *(SORT_BY_NAME(SORT_BY_ALIGNMENT(._adc_driver_api.static.*)))
                0x0000000008009fc0                _adc_driver_api_list_end = .

auxdisplay_driver_api_area
                0x0000000008009fc0        0x0
                0x0000000008009fc0                _auxdisplay_driver_api_list_start = .
 *(SORT_BY_NAME(SORT_BY_ALIGNMENT(._auxdisplay_driver_api.static.*)))
                0x0000000008009fc0                _auxdisplay_driver_api_list_end = .

bbram_driver_api_area
                0x0000000008009fc0        0x0
                0x0000000008009fc0                _bbram_driver_api_list_start = .